Bug: 521260
 
[    0.000000] Initializing cgroup subsys cpuset
[    0.000000] Initializing cgroup subsys cpu
[    0.000000] Linux version 2.6.32-13-generic (buildd@vernadsky) (gcc version 4.4.3 (Ubuntu 4.4.3-2ubuntu1) ) #18-Ubuntu SMP Wed Feb 10 21:24:20 UTC 2010 (Ubuntu 2.6.32-13.18-generic)
[    0.000000] KERNEL supported cpus:
[    0.000000]   Intel GenuineIntel
[    0.000000]   AMD AuthenticAMD
[    0.000000]   NSC Geode by NSC
[    0.000000]   Cyrix CyrixInstead
[    0.000000]   Centaur CentaurHauls
[    0.000000]   Transmeta GenuineTMx86
[    0.000000]   Transmeta TransmetaCPU
[    0.000000]   UMC UMC UMC UMC
[    0.000000] BIOS-provided physical RAM map:
[    0.000000]  BIOS-e820: 0000000000000000 - 000000000009d800 (usable)
[    0.000000]  BIOS-e820: 000000000009d800 - 00000000000a0000 (reserved)
[    0.000000]  BIOS-e820: 00000000000e6000 - 0000000000100000 (reserved)
[    0.000000]  BIOS-e820: 0000000000100000 - 00000000afeb0000 (usable)
[    0.000000]  BIOS-e820: 00000000afeb0000 - 00000000afebe000 (ACPI data)
[    0.000000]  BIOS-e820: 00000000afebe000 - 00000000afee0000 (ACPI NVS)
[    0.000000]  BIOS-e820: 00000000afee0000 - 00000000afeee000 (reserved)
[    0.000000]  BIOS-e820: 00000000afef0000 - 00000000aff00000 (reserved)
[    0.000000]  BIOS-e820: 00000000ff700000 - 0000000100000000 (reserved)
[    0.000000]  BIOS-e820: 0000000100000000 - 0000000140000000 (usable)
[    0.000000] DMI present.
[    0.000000] AMI BIOS detected: BIOS may corrupt low RAM, working around it.
[    0.000000] e820 update range: 0000000000000000 - 0000000000010000 (usable) ==> (reserved)
[    0.000000] last_pfn = 0xafeb0 max_arch_pfn = 0x100000
[    0.000000] MTRR default type: uncachable
[    0.000000] MTRR fixed ranges enabled:
[    0.000000]   00000-9FFFF write-back
[    0.000000]   A0000-EFFFF uncachable
[    0.000000]   F0000-FFFFF write-protect
[    0.000000] MTRR variable ranges enabled:
[    0.000000]   0 base 0000000000 mask FF80000000 write-back
[    0.000000]   1 base 0080000000 mask FFE0000000 write-back
[    0.000000]   2 base 00A0000000 mask FFF0000000 write-back
[    0.000000]   3 disabled
[    0.000000]   4 disabled
[    0.000000]   5 disabled
[    0.000000]   6 disabled
[    0.000000]   7 disabled
[    0.000000] TOM2: 0000000150000000 aka 5376M
[    0.000000] x86 PAT enabled: cpu 0, old 0x7040600070406, new 0x7010600070106
[    0.000000] e820 update range: 00000000b0000000 - 0000000100000000 (usable) ==> (reserved)
[    0.000000] Scanning 0 areas for low memory corruption
[    0.000000] modified physical RAM map:
[    0.000000]  modified: 0000000000000000 - 0000000000010000 (reserved)
[    0.000000]  modified: 0000000000010000 - 000000000009d800 (usable)
[    0.000000]  modified: 000000000009d800 - 00000000000a0000 (reserved)
[    0.000000]  modified: 00000000000e6000 - 0000000000100000 (reserved)
[    0.000000]  modified: 0000000000100000 - 00000000afeb0000 (usable)
[    0.000000]  modified: 00000000afeb0000 - 00000000afebe000 (ACPI data)
[    0.000000]  modified: 00000000afebe000 - 00000000afee0000 (ACPI NVS)
[    0.000000]  modified: 00000000afee0000 - 00000000afeee000 (reserved)
[    0.000000]  modified: 00000000afef0000 - 00000000aff00000 (reserved)
[    0.000000]  modified: 00000000ff700000 - 0000000100000000 (reserved)
[    0.000000]  modified: 0000000100000000 - 0000000140000000 (usable)
[    0.000000] initial memory mapped : 0 - 00c00000
[    0.000000] init_memory_mapping: 0000000000000000-00000000377fe000
[    0.000000] Using x86 segment limits to approximate NX protection
[    0.000000]  0000000000 - 0000400000 page 4k
[    0.000000]  0000400000 - 0037400000 page 2M
[    0.000000]  0037400000 - 00377fe000 page 4k
[    0.000000] kernel direct mapping tables up to 377fe000 @ 10000-15000
[    0.000000] RAMDISK: 37d73000 - 37fefcb1
[    0.000000] Allocated new RAMDISK: 00916000 - 00b92cb1
[    0.000000] Move RAMDISK from 0000000037d73000 - 0000000037fefcb0 to 00916000 - 00b92cb0
[    0.000000] ACPI: RSDP 000f9d10 00014 (v00 ACPIAM)
[    0.000000] ACPI: RSDT afeb0000 0003C (v01 052008 RSDT1711 20080520 MSFT 00000097)
[    0.000000] ACPI: FACP afeb0200 00084 (v02 052008 FACP1711 20080520 MSFT 00000097)
[    0.000000] ACPI: DSDT afeb0440 04D1B (v01  1AAAA 1AAAA000 00000000 INTL 20051117)
[    0.000000] ACPI: FACS afebe000 00040
[    0.000000] ACPI: APIC afeb0390 0006C (v01 052008 APIC1711 20080520 MSFT 00000097)
[    0.000000] ACPI: MCFG afeb0400 0003C (v01 052008 OEMMCFG  20080520 MSFT 00000097)
[    0.000000] ACPI: OEMB afebe040 00071 (v01 052008 OEMB1711 20080520 MSFT 00000097)
[    0.000000] ACPI: HPET afeb5160 00038 (v01 052008 OEMHPET  20080520 MSFT 00000097)
[    0.000000] ACPI: SSDT afeb51a0 002CC (v01 A M I  POWERNOW 00000001 AMD  00000001)
[    0.000000] ACPI: Local APIC address 0xfee00000
[    0.000000] 1926MB HIGHMEM available.
[    0.000000] 887MB LOWMEM available.
[    0.000000]   mapped low ram: 0 - 377fe000
[    0.000000]   low ram: 0 - 377fe000
[    0.000000]   node 0 low ram: 00000000 - 377fe000
[    0.000000]   node 0 bootmap 00011000 - 00017f00
[    0.000000] (9 early reservations) ==> bootmem [0000000000 - 00377fe000]
[    0.000000]   #0 [0000000000 - 0000001000]   BIOS data page ==> [0000000000 - 0000001000]
[    0.000000]   #1 [0000001000 - 0000002000]    EX TRAMPOLINE ==> [0000001000 - 0000002000]
[    0.000000]   #2 [0000006000 - 0000007000]       TRAMPOLINE ==> [0000006000 - 0000007000]
[    0.000000]   #3 [0000100000 - 0000911f98]    TEXT DATA BSS ==> [0000100000 - 0000911f98]
[    0.000000]   #4 [000009d800 - 0000100000]    BIOS reserved ==> [000009d800 - 0000100000]
[    0.000000]   #5 [0000912000 - 00009150dd]              BRK ==> [0000912000 - 00009150dd]
[    0.000000]   #6 [0000010000 - 0000011000]          PGTABLE ==> [0000010000 - 0000011000]
[    0.000000]   #7 [0000916000 - 0000b92cb1]      NEW RAMDISK ==> [0000916000 - 0000b92cb1]
[    0.000000]   #8 [0000011000 - 0000018000]          BOOTMAP ==> [0000011000 - 0000018000]
[    0.000000] found SMP MP-table at [c00ff780] ff780
[    0.000000] Zone PFN ranges:
[    0.000000]   DMA      0x00000010 -> 0x00001000
[    0.000000]   Normal   0x00001000 -> 0x000377fe
[    0.000000]   HighMem  0x000377fe -> 0x000afeb0
[    0.000000] Movable zone start PFN for each node
[    0.000000] early_node_map[2] active PFN ranges
[    0.000000]     0: 0x00000010 -> 0x0000009d
[    0.000000]     0: 0x00000100 -> 0x000afeb0
[    0.000000] On node 0 totalpages: 720445
[    0.000000] free_area_init_node: node 0, pgdat c07cf100, node_mem_map c1001200
[    0.000000]   DMA zone: 32 pages used for memmap
[    0.000000]   DMA zone: 0 pages reserved
[    0.000000]   DMA zone: 3949 pages, LIFO batch:0
[    0.000000]   Normal zone: 1744 pages used for memmap
[    0.000000]   Normal zone: 221486 pages, LIFO batch:31
[    0.000000]   HighMem zone: 3854 pages used for memmap
[    0.000000]   HighMem zone: 489380 pages, LIFO batch:31
[    0.000000] Using APIC driver default
[    0.000000] Detected use of extended apic ids on hypertransport bus
[    0.000000] ACPI: PM-Timer IO Port: 0x808
[    0.000000] ACPI: Local APIC address 0xfee00000
[    0.000000] ACPI: LAPIC (acpi_id[0x01] lapic_id[0x00] enabled)
[    0.000000] ACPI: LAPIC (acpi_id[0x02] lapic_id[0x01] enabled)
[    0.000000] ACPI: LAPIC (acpi_id[0x03] lapic_id[0x82] disabled)
[    0.000000] ACPI: LAPIC (acpi_id[0x04] lapic_id[0x83] disabled)
[    0.000000] ACPI: IOAPIC (id[0x02] address[0xfec00000] gsi_base[0])
[    0.000000] IOAPIC[0]: apic_id 2, version 33, address 0xfec00000, GSI 0-23
[    0.000000] ACPI: INT_SRC_OVR (bus 0 bus_irq 0 global_irq 2 dfl dfl)
[    0.000000] ACPI: INT_SRC_OVR (bus 0 bus_irq 9 global_irq 9 low level)
[    0.000000] ACPI: IRQ0 used by override.
[    0.000000] ACPI: IRQ2 used by override.
[    0.000000] ACPI: IRQ9 used by override.
[    0.000000] Enabling APIC mode:  Flat.  Using 1 I/O APICs
[    0.000000] Using ACPI (MADT) for SMP configuration information
[    0.000000] ACPI: HPET id: 0x8300 base: 0xfed00000
[    0.000000] SMP: Allowing 4 CPUs, 2 hotplug CPUs
[    0.000000] nr_irqs_gsi: 24
[    0.000000] PM: Registered nosave memory: 000000000009d000 - 000000000009e000
[    0.000000] PM: Registered nosave memory: 000000000009e000 - 00000000000a0000
[    0.000000] PM: Registered nosave memory: 00000000000a0000 - 00000000000e6000
[    0.000000] PM: Registered nosave memory: 00000000000e6000 - 0000000000100000
[    0.000000] Allocating PCI resources starting at aff00000 (gap: aff00000:4f800000)
[    0.000000] Booting paravirtualized kernel on bare hardware
[    0.000000] NR_CPUS:8 nr_cpumask_bits:8 nr_cpu_ids:4 nr_node_ids:1
[    0.000000] PERCPU: Embedded 14 pages/cpu @c2800000 s35896 r0 d21448 u1048576
[    0.000000] pcpu-alloc: s35896 r0 d21448 u1048576 alloc=1*4194304
[    0.000000] pcpu-alloc: [0] 0 1 2 3 
[    0.000000] Built 1 zonelists in Zone order, mobility grouping on.  Total pages: 714815
[    0.000000] Kernel command line: BOOT_IMAGE=/vmlinuz-2.6.32-13-generic root=/dev/mapper/new--lvm-root ro quiet splash
[    0.000000] PID hash table entries: 4096 (order: 2, 16384 bytes)
[    0.000000] Dentry cache hash table entries: 131072 (order: 7, 524288 bytes)
[    0.000000] Inode-cache hash table entries: 65536 (order: 6, 262144 bytes)
[    0.000000] Enabling fast FPU save and restore... done.
[    0.000000] Enabling unmasked SIMD FPU exception support... done.
[    0.000000] Initializing CPU#0
[    0.000000] allocated 14410880 bytes of page_cgroup
[    0.000000] please try 'cgroup_disable=memory' option if you don't want memory cgroups
[    0.000000] Initializing HighMem for node 0 (000377fe:000afeb0)
[    0.000000] Memory: 2832080k/2882240k available (4780k kernel code, 48516k reserved, 2233k data, 660k init, 1972936k highmem)
[    0.000000] virtual kernel memory layout:
[    0.000000]     fixmap  : 0xfff1d000 - 0xfffff000   ( 904 kB)
[    0.000000]     pkmap   : 0xff800000 - 0xffc00000   (4096 kB)
[    0.000000]     vmalloc : 0xf7ffe000 - 0xff7fe000   ( 120 MB)
[    0.000000]     lowmem  : 0xc0000000 - 0xf77fe000   ( 887 MB)
[    0.000000]       .init : 0xc07da000 - 0xc087f000   ( 660 kB)
[    0.000000]       .data : 0xc05ab0ff - 0xc07d9528   (2233 kB)
[    0.000000]       .text : 0xc0100000 - 0xc05ab0ff   (4780 kB)
[    0.000000] Checking if this processor honours the WP bit even in supervisor mode...Ok.
[    0.000000] SLUB: Genslabs=13, HWalign=64, Order=0-3, MinObjects=0, CPUs=4, Nodes=1
[    0.000000] Hierarchical RCU implementation.
[    0.000000] NR_IRQS:2304 nr_irqs:440
[    0.000000] spurious 8259A interrupt: IRQ7.
[    0.000000] Console: colour VGA+ 80x25
[    0.000000] console [tty0] enabled
[    0.000000] hpet clockevent registered
[    0.000000]   alloc irq_desc for 24 on node 0
[    0.000000]   alloc kstat_irqs on node 0
[    0.000000] HPET: 4 timers in total, 1 timers will be used for per-cpu timer
[    0.000000] Fast TSC calibration using PIT
[    0.000000] Detected 2700.337 MHz processor.
[    0.004004] Calibrating delay loop (skipped), value calculated using timer frequency.. 5400.67 BogoMIPS (lpj=10801348)
[    0.004018] Security Framework initialized
[    0.004034] AppArmor: AppArmor initialized
[    0.004040] Mount-cache hash table entries: 512
[    0.004135] Initializing cgroup subsys ns
[    0.004139] Initializing cgroup subsys cpuacct
[    0.004142] Initializing cgroup subsys memory
[    0.004147] Initializing cgroup subsys devices
[    0.004150] Initializing cgroup subsys freezer
[    0.008003] Initializing cgroup subsys net_cls
[    0.008017] CPU: L1 I Cache: 64K (64 bytes/line), D cache 64K (64 bytes/line)
[    0.008019] CPU: L2 Cache: 512K (64 bytes/line)
[    0.008021] CPU: Physical Processor ID: 0
[    0.008022] CPU: Processor Core ID: 0
[    0.008025] mce: CPU supports 5 MCE banks
[    0.008032] using C1E aware idle routine
[    0.008038] Performance Events: AMD PMU driver.
[    0.008042] ... version:                0
[    0.008044] ... bit width:              48
[    0.008045] ... generic registers:      4
[    0.008047] ... value mask:             0000ffffffffffff
[    0.008049] ... max period:             00007fffffffffff
[    0.008050] ... fixed-purpose events:   0
[    0.008052] ... event mask:             000000000000000f
[    0.008055] Checking 'hlt' instruction... OK.
[    0.025658] ACPI: Core revision 20090903
[    0.031792] ftrace: converting mcount calls to 0f 1f 44 00 00
[    0.031797] ftrace: allocating 22783 entries in 45 pages
[    0.036389] ..TIMER: vector=0x30 apic1=0 pin1=2 apic2=-1 pin2=-1
[    0.077247] CPU0: AMD Athlon(tm) 64 X2 Dual Core Processor 5200+ stepping 02
[    0.080001] Booting processor 1 APIC 0x1 ip 0x6000
[    0.008000] Initializing CPU#1
[    0.008000] CPU: L1 I Cache: 64K (64 bytes/line), D cache 64K (64 bytes/line)
[    0.008000] CPU: L2 Cache: 512K (64 bytes/line)
[    0.008000] CPU: Physical Processor ID: 0
[    0.008000] CPU: Processor Core ID: 1
[    0.164027] CPU1: AMD Athlon(tm) 64 X2 Dual Core Processor 5200+ stepping 02
[    0.164049] Brought up 2 CPUs
[    0.164051] Total of 2 processors activated (10800.86 BogoMIPS).
[    0.164197] CPU0 attaching sched-domain:
[    0.164200]  domain 0: span 0-1 level MC
[    0.164202]   groups: 0 1
[    0.164206] CPU1 attaching sched-domain:
[    0.164208]  domain 0: span 0-1 level MC
[    0.164210]   groups: 1 0
[    0.164337] devtmpfs: initialized
[    0.164608] regulator: core version 0.5
[    0.164634] Time: 19:42:38  Date: 02/12/10
[    0.164670] NET: Registered protocol family 16
[    0.164764] EISA bus registered
[    0.164770] ACPI: bus type pci registered
[    0.164822] PCI: MCFG configuration 0: base e0000000 segment 0 buses 0 - 255
[    0.164824] PCI: Not using MMCONFIG.
[    0.165383] PCI: PCI BIOS revision 3.00 entry at 0xf0031, last bus=3
[    0.165385] PCI: Using configuration type 1 for base access
[    0.166162] Trying to unpack rootfs image as initramfs...
[    0.180233] bio: create slab <bio-0> at 0
[    0.180771] ACPI: EC: Look up EC in DSDT
[    0.182639] ACPI Error (psargs-0359): [ECEN] Namespace lookup failure, AE_NOT_FOUND
[    0.182645] ACPI Error (psparse-0537): Method parse/execution failed [\] (Node c090665c), AE_NOT_FOUND
[    0.182708] ACPI: Executed 3 blocks of module-level executable AML code
[    0.186623] ACPI: Interpreter enabled
[    0.186627] ACPI: (supports S0 S3 S4 S5)
[    0.186648] ACPI: Using IOAPIC for interrupt routing
[    0.186685] PCI: MCFG configuration 0: base e0000000 segment 0 buses 0 - 255
[    0.189988] PCI: MCFG area at e0000000 reserved in ACPI motherboard resources
[    0.189990] PCI: Using MMCONFIG for extended config space
[    0.195685] ACPI Warning: Incorrect checksum in table [OEMB] - 2A, should be 29 (20090903/tbutils-314)
[    0.195772] ACPI: No dock devices found.
[    0.195892] ACPI: PCI Root Bridge [PCI0] (0000:00)
[    0.196034] pci 0000:00:06.0: PME# supported from D0 D3hot D3cold
[    0.196037] pci 0000:00:06.0: PME# disabled
[    0.196102] pci 0000:00:11.0: reg 10 io port: [0xa000-0xa007]
[    0.196109] pci 0000:00:11.0: reg 14 io port: [0x9000-0x9003]
[    0.196116] pci 0000:00:11.0: reg 18 io port: [0x8000-0x8007]
[    0.196123] pci 0000:00:11.0: reg 1c io port: [0x7000-0x7003]
[    0.196130] pci 0000:00:11.0: reg 20 io port: [0x6000-0x600f]
[    0.196137] pci 0000:00:11.0: reg 24 32bit mmio: [0xfccff800-0xfccffbff]
[    0.196198] pci 0000:00:12.0: reg 10 32bit mmio: [0xfccfe000-0xfccfefff]
[    0.196255] pci 0000:00:12.1: reg 10 32bit mmio: [0xfccfd000-0xfccfdfff]
[    0.196329] pci 0000:00:12.2: reg 10 32bit mmio: [0xfccff000-0xfccff0ff]
[    0.196383] pci 0000:00:12.2: supports D1 D2
[    0.196385] pci 0000:00:12.2: PME# supported from D0 D1 D2 D3hot
[    0.196389] pci 0000:00:12.2: PME# disabled
[    0.196422] pci 0000:00:13.0: reg 10 32bit mmio: [0xfccfc000-0xfccfcfff]
[    0.196479] pci 0000:00:13.1: reg 10 32bit mmio: [0xfccf7000-0xfccf7fff]
[    0.196554] pci 0000:00:13.2: reg 10 32bit mmio: [0xfccf6800-0xfccf68ff]
[    0.196608] pci 0000:00:13.2: supports D1 D2
[    0.196610] pci 0000:00:13.2: PME# supported from D0 D1 D2 D3hot
[    0.196614] pci 0000:00:13.2: PME# disabled
[    0.196734] pci 0000:00:14.1: reg 10 io port: [0x00-0x07]
[    0.196741] pci 0000:00:14.1: reg 14 io port: [0x00-0x03]
[    0.196748] pci 0000:00:14.1: reg 18 io port: [0x00-0x07]
[    0.196755] pci 0000:00:14.1: reg 1c io port: [0x00-0x03]
[    0.196761] pci 0000:00:14.1: reg 20 io port: [0xff00-0xff0f]
[    0.196829] pci 0000:00:14.2: reg 10 64bit mmio: [0xfccf0000-0xfccf3fff]
[    0.196874] pci 0000:00:14.2: PME# supported from D0 D3hot D3cold
[    0.196878] pci 0000:00:14.2: PME# disabled
[    0.196990] pci 0000:00:14.5: reg 10 32bit mmio: [0xfccf5000-0xfccf5fff]
[    0.197125] pci 0000:01:05.0: reg 10 32bit mmio pref: [0xb0000000-0xbfffffff]
[    0.197129] pci 0000:01:05.0: reg 14 io port: [0xb000-0xb0ff]
[    0.197133] pci 0000:01:05.0: reg 18 32bit mmio: [0xfcef0000-0xfcefffff]
[    0.197141] pci 0000:01:05.0: reg 24 32bit mmio: [0xfcd00000-0xfcdfffff]
[    0.197153] pci 0000:01:05.0: supports D1 D2
[    0.197173] pci 0000:01:05.1: reg 10 32bit mmio: [0xfcee8000-0xfceebfff]
[    0.197194] pci 0000:01:05.1: supports D1 D2
[    0.197237] pci 0000:00:01.0: bridge io port: [0xb000-0xbfff]
[    0.197240] pci 0000:00:01.0: bridge 32bit mmio: [0xfcd00000-0xfcefffff]
[    0.197244] pci 0000:00:01.0: bridge 64bit mmio pref: [0xb0000000-0xbfffffff]
[    0.197280] pci 0000:02:00.0: reg 10 io port: [0xc800-0xc8ff]
[    0.197296] pci 0000:02:00.0: reg 18 64bit mmio: [0xfcfff000-0xfcffffff]
[    0.197307] pci 0000:02:00.0: reg 20 64bit mmio pref: [0xcfff0000-0xcfffffff]
[    0.197314] pci 0000:02:00.0: reg 30 32bit mmio pref: [0xfcfc0000-0xfcfdffff]
[    0.197345] pci 0000:02:00.0: supports D1 D2
[    0.197347] pci 0000:02:00.0: PME# supported from D0 D1 D2 D3hot D3cold
[    0.197351] pci 0000:02:00.0: PME# disabled
[    0.197413] pci 0000:00:06.0: bridge io port: [0xc000-0xcfff]
[    0.197415] pci 0000:00:06.0: bridge 32bit mmio: [0xfcf00000-0xfcffffff]
[    0.197419] pci 0000:00:06.0: bridge 64bit mmio pref: [0xcff00000-0xcfffffff]
[    0.197471] pci 0000:03:06.0: reg 10 io port: [0xe800-0xe807]
[    0.197480] pci 0000:03:06.0: reg 14 io port: [0xe400-0xe403]
[    0.197488] pci 0000:03:06.0: reg 18 io port: [0xe000-0xe007]
[    0.197496] pci 0000:03:06.0: reg 1c io port: [0xd800-0xd803]
[    0.197504] pci 0000:03:06.0: reg 20 io port: [0xd400-0xd40f]
[    0.197513] pci 0000:03:06.0: reg 24 32bit mmio: [0xfebffc00-0xfebffdff]
[    0.197521] pci 0000:03:06.0: reg 30 32bit mmio pref: [0xfeb00000-0xfeb7ffff]
[    0.197545] pci 0000:03:06.0: supports D1 D2
[    0.197588] pci 0000:03:07.0: reg 10 32bit mmio: [0xfd000000-0xfdffffff]
[    0.197597] pci 0000:03:07.0: reg 14 32bit mmio pref: [0xd0000000-0xdfffffff]
[    0.197630] pci 0000:03:07.0: reg 30 32bit mmio pref: [0xfebc0000-0xfebdffff]
[    0.197700] pci 0000:00:14.4: transparent bridge
[    0.197704] pci 0000:00:14.4: bridge io port: [0xd000-0xefff]
[    0.197708] pci 0000:00:14.4: bridge 32bit mmio: [0xfd000000-0xfebfffff]
[    0.197713] pci 0000:00:14.4: bridge 32bit mmio pref: [0xd0000000-0xdfffffff]
[    0.197725] pci_bus 0000:00: on NUMA node 0
[    0.197729] ACPI: PCI Interrupt Routing Table [\_SB_.PCI0._PRT]
[    0.197915] ACPI: PCI Interrupt Routing Table [\_SB_.PCI0.P0P1._PRT]
[    0.197989] ACPI: PCI Interrupt Routing Table [\_SB_.PCI0.P0PC._PRT]
[    0.201814] ACPI: PCI Interrupt Link [LNKA] (IRQs 4 *7 10 11 12 14 15)
[    0.201891] ACPI: PCI Interrupt Link [LNKB] (IRQs 4 7 *10 11 12 14 15)
[    0.201967] ACPI: PCI Interrupt Link [LNKC] (IRQs 4 7 *10 11 12 14 15)
[    0.202043] ACPI: PCI Interrupt Link [LNKD] (IRQs 4 7 10 *11 12 14 15)
[    0.202119] ACPI: PCI Interrupt Link [LNKE] (IRQs 4 7 10 11 12 14 15) *0, disabled.
[    0.202196] ACPI: PCI Interrupt Link [LNKF] (IRQs 4 7 *10 11 12 14 15)
[    0.202272] ACPI: PCI Interrupt Link [LNKG] (IRQs 4 7 10 *11 12 14 15)
[    0.202347] ACPI: PCI Interrupt Link [LNKH] (IRQs 4 7 10 11 12 14 15) *0, disabled.
[    0.202445] vgaarb: device added: PCI:0000:01:05.0,decodes=io+mem,owns=io+mem,locks=none
[    0.202452] vgaarb: device added: PCI:0000:03:07.0,decodes=io+mem,owns=none,locks=none
[    0.202454] vgaarb: loaded
[    0.202545] SCSI subsystem initialized
[    0.202613] libata version 3.00 loaded.
[    0.202667] usbcore: registered new interface driver usbfs
[    0.202677] usbcore: registered new interface driver hub
[    0.202698] usbcore: registered new device driver usb
[    0.202797] ACPI: WMI: Mapper loaded
[    0.202798] PCI: Using ACPI for IRQ routing
[    0.202945] NetLabel: Initializing
[    0.202946] NetLabel:  domain hash size = 128
[    0.202948] NetLabel:  protocols = UNLABELED CIPSOv4
[    0.202962] NetLabel:  unlabeled traffic allowed by default
[    0.202993] hpet0: at MMIO 0xfed00000, IRQs 2, 8, 24, 0
[    0.202998] hpet0: 4 comparators, 32-bit 14.318180 MHz counter
[    0.205008] Switching to clocksource hpet
[    0.205438] AppArmor: AppArmor Filesystem Enabled
[    0.205452] pnp: PnP ACPI init
[    0.205466] ACPI: bus type pnp registered
[    0.208319] pnp: PnP ACPI: found 14 devices
[    0.208321] ACPI: ACPI bus type pnp unregistered
[    0.208324] PnPBIOS: Disabled by ACPI PNP
[    0.208338] system 00:08: iomem range 0xfec00000-0xfec00fff could not be reserved
[    0.208341] system 00:08: iomem range 0xfee00000-0xfee00fff has been reserved
[    0.208346] system 00:09: ioport range 0x4d0-0x4d1 has been reserved
[    0.208348] system 00:09: ioport range 0x40b-0x40b has been reserved
[    0.208351] system 00:09: ioport range 0x4d6-0x4d6 has been reserved
[    0.208353] system 00:09: ioport range 0xc00-0xc01 has been reserved
[    0.208356] system 00:09: ioport range 0xc14-0xc14 has been reserved
[    0.208358] system 00:09: ioport range 0xc50-0xc51 has been reserved
[    0.208360] system 00:09: ioport range 0xc52-0xc52 has been reserved
[    0.208363] system 00:09: ioport range 0xc6c-0xc6c has been reserved
[    0.208365] system 00:09: ioport range 0xc6f-0xc6f has been reserved
[    0.208368] system 00:09: ioport range 0xcd0-0xcd1 has been reserved
[    0.208370] system 00:09: ioport range 0xcd2-0xcd3 has been reserved
[    0.208373] system 00:09: ioport range 0xcd4-0xcd5 has been reserved
[    0.208375] system 00:09: ioport range 0xcd6-0xcd7 has been reserved
[    0.208378] system 00:09: ioport range 0xcd8-0xcdf has been reserved
[    0.208380] system 00:09: ioport range 0xa7a-0xb1f has been reserved
[    0.208382] system 00:09: ioport range 0xb30-0xbff has been reserved
[    0.208385] system 00:09: ioport range 0x800-0x89f has been reserved
[    0.208387] system 00:09: ioport range 0xb20-0xb3f could not be reserved
[    0.208390] system 00:09: ioport range 0x900-0x90f has been reserved
[    0.208393] system 00:09: ioport range 0x910-0x91f has been reserved
[    0.208395] system 00:09: ioport range 0xfe00-0xfefe has been reserved
[    0.208398] system 00:09: iomem range 0xffb80000-0xffbfffff has been reserved
[    0.208401] system 00:09: iomem range 0xfec10000-0xfec1001f has been reserved
[    0.208406] system 00:0b: ioport range 0xe00-0xe0f has been reserved
[    0.208408] system 00:0b: ioport range 0xe80-0xe8f has been reserved
[    0.208411] system 00:0b: ioport range 0xf40-0xf4f has been reserved
[    0.208413] system 00:0b: ioport range 0xa30-0xa3f has been reserved
[    0.208417] system 00:0c: iomem range 0xe0000000-0xefffffff has been reserved
[    0.208422] system 00:0d: iomem range 0x0-0x9ffff could not be reserved
[    0.208425] system 00:0d: iomem range 0xc0000-0xcffff could not be reserved
[    0.208427] system 00:0d: iomem range 0xe0000-0xfffff could not be reserved
[    0.208430] system 00:0d: iomem range 0x100000-0xafefffff could not be reserved
[    0.208432] system 00:0d: iomem range 0xfec00000-0xffffffff could not be reserved
[    0.214452] Freeing initrd memory: 2547k freed
[    0.243084] pci 0000:03:06.0: BAR 6: address space collision on of device [0xfeb00000-0xfeb7ffff]
[    0.243087] pci 0000:03:07.0: BAR 6: address space collision on of device [0xfebc0000-0xfebdffff]
[    0.243103] pci 0000:00:01.0: PCI bridge, secondary bus 0000:01
[    0.243106] pci 0000:00:01.0:   IO window: 0xb000-0xbfff
[    0.243109] pci 0000:00:01.0:   MEM window: 0xfcd00000-0xfcefffff
[    0.243112] pci 0000:00:01.0:   PREFETCH window: 0x000000b0000000-0x000000bfffffff
[    0.243117] pci 0000:00:06.0: PCI bridge, secondary bus 0000:02
[    0.243119] pci 0000:00:06.0:   IO window: 0xc000-0xcfff
[    0.243122] pci 0000:00:06.0:   MEM window: 0xfcf00000-0xfcffffff
[    0.243125] pci 0000:00:06.0:   PREFETCH window: 0x000000cff00000-0x000000cfffffff
[    0.243132] pci 0000:00:14.4: PCI bridge, secondary bus 0000:03
[    0.243135] pci 0000:00:14.4:   IO window: 0xd000-0xefff
[    0.243141] pci 0000:00:14.4:   MEM window: 0xfd000000-0xfebfffff
[    0.243145] pci 0000:00:14.4:   PREFETCH window: 0xd0000000-0xdfffffff
[    0.243161]   alloc irq_desc for 18 on node -1
[    0.243163]   alloc kstat_irqs on node -1
[    0.243168] pci 0000:00:06.0: PCI INT A -> GSI 18 (level, low) -> IRQ 18
[    0.243171] pci 0000:00:06.0: setting latency timer to 64
[    0.243179] pci_bus 0000:00: resource 0 io:  [0x00-0xffff]
[    0.243181] pci_bus 0000:00: resource 1 mem: [0x000000-0xffffffff]
[    0.243183] pci_bus 0000:01: resource 0 io:  [0xb000-0xbfff]
[    0.243186] pci_bus 0000:01: resource 1 mem: [0xfcd00000-0xfcefffff]
[    0.243188] pci_bus 0000:01: resource 2 pref mem [0xb0000000-0xbfffffff]
[    0.243190] pci_bus 0000:02: resource 0 io:  [0xc000-0xcfff]
[    0.243193] pci_bus 0000:02: resource 1 mem: [0xfcf00000-0xfcffffff]
[    0.243195] pci_bus 0000:02: resource 2 pref mem [0xcff00000-0xcfffffff]
[    0.243197] pci_bus 0000:03: resource 0 io:  [0xd000-0xefff]
[    0.243200] pci_bus 0000:03: resource 1 mem: [0xfd000000-0xfebfffff]
[    0.243202] pci_bus 0000:03: resource 2 pref mem [0xd0000000-0xdfffffff]
[    0.243204] pci_bus 0000:03: resource 3 io:  [0x00-0xffff]
[    0.243207] pci_bus 0000:03: resource 4 mem: [0x000000-0xffffffff]
[    0.243238] NET: Registered protocol family 2
[    0.243318] IP route cache hash table entries: 32768 (order: 5, 131072 bytes)
[    0.243584] TCP established hash table entries: 131072 (order: 8, 1048576 bytes)
[    0.244155] TCP bind hash table entries: 65536 (order: 7, 524288 bytes)
[    0.244449] TCP: Hash tables configured (established 131072 bind 65536)
[    0.244451] TCP reno registered
[    0.244535] NET: Registered protocol family 1
[    0.340019] pci 0000:01:05.0: Boot video device
[    0.340195] cpufreq-nforce2: No nForce2 chipset.
[    0.340215] Scanning for low memory corruption every 60 seconds
[    0.340295] audit: initializing netlink socket (disabled)
[    0.340303] type=2000 audit(1266003757.340:1): initialized
[    0.348147] highmem bounce pool size: 64 pages
[    0.348152] HugeTLB registered 4 MB page size, pre-allocated 0 pages
[    0.349311] VFS: Disk quotas dquot_6.5.2
[    0.349359] Dquot-cache hash table entries: 1024 (order 0, 4096 bytes)
[    0.349801] fuse init (API version 7.13)
[    0.349866] msgmni has been set to 1685
[    0.350035] alg: No test for stdrng (krng)
[    0.350042] io scheduler noop registered
[    0.350044] io scheduler anticipatory registered
[    0.350046] io scheduler deadline registered
[    0.350078] io scheduler cfq registered (default)
[    0.350201]   alloc irq_desc for 25 on node -1
[    0.350203]   alloc kstat_irqs on node -1
[    0.350210] pcieport 0000:00:06.0: irq 25 for MSI/MSI-X
[    0.350216] pcieport 0000:00:06.0: setting latency timer to 64
[    0.350270] pci_hotplug: PCI Hot Plug PCI Core version: 0.5
[    0.350288] pciehp: PCI Express Hot Plug Controller Driver version: 0.4
[    0.350373] input: Power Button as /devices/LNXSYSTM:00/LNXSYBUS:00/PNP0C0C:00/input/input0
[    0.350381] ACPI: Power Button [PWRB]
[    0.350418] input: Power Button as /devices/LNXSYSTM:00/LNXPWRBN:00/input/input1
[    0.350421] ACPI: Power Button [PWRF]
[    0.350677] processor LNXCPU:00: registered as cooling_device0
[    0.350703] processor LNXCPU:01: registered as cooling_device1
[    0.352717] thermal LNXTHERM:01: registered as thermal_zone0
[    0.352723] ACPI: Thermal Zone [THRM] (30 C)
[    0.352801] isapnp: Scanning for PnP cards...
[    0.353849] Serial: 8250/16550 driver, 4 ports, IRQ sharing enabled
[    0.353965] serial8250: ttyS0 at I/O 0x3f8 (irq = 4) is a 16550A
[    0.354244] 00:06: ttyS0 at I/O 0x3f8 (irq = 4) is a 16550A
[    0.355106] brd: module loaded
[    0.355476] loop: module loaded
[    0.355548] input: Macintosh mouse button emulation as /devices/virtual/input/input2
[    0.355621] ahci 0000:00:11.0: version 3.0
[    0.355640]   alloc irq_desc for 22 on node -1
[    0.355642]   alloc kstat_irqs on node -1
[    0.355648] ahci 0000:00:11.0: PCI INT A -> GSI 22 (level, low) -> IRQ 22
[    0.355689]   alloc irq_desc for 26 on node -1
[    0.355690]   alloc kstat_irqs on node -1
[    0.355701] ahci 0000:00:11.0: irq 26 for MSI/MSI-X
[    0.355820] ahci 0000:00:11.0: AHCI 0001.0100 32 slots 6 ports 3 Gbps 0x3f impl SATA mode
[    0.355823] ahci 0000:00:11.0: flags: 64bit ncq sntf ilck pm led clo pmp pio slum part ccc 
[    0.356403] scsi0 : ahci
[    0.356498] scsi1 : ahci
[    0.356544] scsi2 : ahci
[    0.356588] scsi3 : ahci
[    0.356633] scsi4 : ahci
[    0.356677] scsi5 : ahci
[    0.356814] ata1: SATA max UDMA/133 abar m1024@0xfccff800 port 0xfccff900 irq 26
[    0.356817] ata2: SATA max UDMA/133 abar m1024@0xfccff800 port 0xfccff980 irq 26
[    0.356821] ata3: SATA max UDMA/133 abar m1024@0xfccff800 port 0xfccffa00 irq 26
[    0.356825] ata4: SATA max UDMA/133 abar m1024@0xfccff800 port 0xfccffa80 irq 26
[    0.356828] ata5: SATA max UDMA/133 abar m1024@0xfccff800 port 0xfccffb00 irq 26
[    0.356832] ata6: SATA max UDMA/133 abar m1024@0xfccff800 port 0xfccffb80 irq 26
[    0.356923] sata_sil 0000:03:06.0: version 2.4
[    0.356955]   alloc irq_desc for 21 on node -1
[    0.356957]   alloc kstat_irqs on node -1
[    0.356962] sata_sil 0000:03:06.0: PCI INT A -> GSI 21 (level, low) -> IRQ 21
[    0.357082] scsi6 : sata_sil
[    0.357149] scsi7 : sata_sil
[    0.357178] ata7: SATA max UDMA/100 mmio m512@0xfebffc00 tf 0xfebffc80 irq 21
[    0.357182] ata8: SATA max UDMA/100 mmio m512@0xfebffc00 tf 0xfebffcc0 irq 21
[    0.357322]   alloc irq_desc for 16 on node -1
[    0.357324]   alloc kstat_irqs on node -1
[    0.357328] pata_atiixp 0000:00:14.1: PCI INT A -> GSI 16 (level, low) -> IRQ 16
[    0.357358] pata_atiixp 0000:00:14.1: setting latency timer to 64
[    0.357445] scsi8 : pata_atiixp
[    0.357512] scsi9 : pata_atiixp
[    0.358506] ata9: PATA max UDMA/100 cmd 0x1f0 ctl 0x3f6 bmdma 0xff00 irq 14
[    0.358508] ata10: PATA max UDMA/100 cmd 0x170 ctl 0x376 bmdma 0xff08 irq 15
[    0.359051] Fixed MDIO Bus: probed
[    0.359079] PPP generic driver version 2.4.2
[    0.359129] tun: Universal TUN/TAP device driver, 1.6
[    0.359130] tun: (C) 1999-2004 Max Krasnyansky <maxk@qualcomm.com>
[    0.359207] ehci_hcd: USB 2.0 'Enhanced' Host Controller (EHCI) Driver
[    0.359226]   alloc irq_desc for 17 on node -1
[    0.359228]   alloc kstat_irqs on node -1
[    0.359233] ehci_hcd 0000:00:12.2: PCI INT B -> GSI 17 (level, low) -> IRQ 17
[    0.359247] ehci_hcd 0000:00:12.2: EHCI Host Controller
[    0.359272] ehci_hcd 0000:00:12.2: new USB bus registered, assigned bus number 1
[    0.359293] ehci_hcd 0000:00:12.2: applying AMD SB600/SB700 USB freeze workaround
[    0.359308] ehci_hcd 0000:00:12.2: debug port 1
[    0.359328] ehci_hcd 0000:00:12.2: irq 17, io mem 0xfccff000
[    0.368014] ehci_hcd 0000:00:12.2: USB 2.0 started, EHCI 1.00
[    0.368084] usb usb1: configuration #1 chosen from 1 choice
[    0.368108] hub 1-0:1.0: USB hub found
[    0.368115] hub 1-0:1.0: 6 ports detected
[    0.368170]   alloc irq_desc for 19 on node -1
[    0.368172]   alloc kstat_irqs on node -1
[    0.368177] ehci_hcd 0000:00:13.2: PCI INT B -> GSI 19 (level, low) -> IRQ 19
[    0.368185] ehci_hcd 0000:00:13.2: EHCI Host Controller
[    0.368211] ehci_hcd 0000:00:13.2: new USB bus registered, assigned bus number 2
[    0.368231] ehci_hcd 0000:00:13.2: applying AMD SB600/SB700 USB freeze workaround
[    0.368245] ehci_hcd 0000:00:13.2: debug port 1
[    0.368261] ehci_hcd 0000:00:13.2: irq 19, io mem 0xfccf6800
[    0.380014] ehci_hcd 0000:00:13.2: USB 2.0 started, EHCI 1.00
[    0.380070] usb usb2: configuration #1 chosen from 1 choice
[    0.380090] hub 2-0:1.0: USB hub found
[    0.380096] hub 2-0:1.0: 6 ports detected
[    0.380150] ohci_hcd: USB 1.1 'Open' Host Controller (OHCI) Driver
[    0.380164] ohci_hcd 0000:00:12.0: PCI INT A -> GSI 16 (level, low) -> IRQ 16
[    0.380172] ohci_hcd 0000:00:12.0: OHCI Host Controller
[    0.380197] ohci_hcd 0000:00:12.0: new USB bus registered, assigned bus number 3
[    0.380219] ohci_hcd 0000:00:12.0: irq 16, io mem 0xfccfe000
[    0.440057] usb usb3: configuration #1 chosen from 1 choice
[    0.440077] hub 3-0:1.0: USB hub found
[    0.440086] hub 3-0:1.0: 3 ports detected
[    0.440127] ohci_hcd 0000:00:12.1: PCI INT A -> GSI 16 (level, low) -> IRQ 16
[    0.440135] ohci_hcd 0000:00:12.1: OHCI Host Controller
[    0.440172] ohci_hcd 0000:00:12.1: new USB bus registered, assigned bus number 4
[    0.440186] ohci_hcd 0000:00:12.1: irq 16, io mem 0xfccfd000
[    0.500060] usb usb4: configuration #1 chosen from 1 choice
[    0.500080] hub 4-0:1.0: USB hub found
[    0.500090] hub 4-0:1.0: 3 ports detected
[    0.500132] ohci_hcd 0000:00:13.0: PCI INT A -> GSI 18 (level, low) -> IRQ 18
[    0.500140] ohci_hcd 0000:00:13.0: OHCI Host Controller
[    0.500166] ohci_hcd 0000:00:13.0: new USB bus registered, assigned bus number 5
[    0.500186] ohci_hcd 0000:00:13.0: irq 18, io mem 0xfccfc000
[    0.560055] usb usb5: configuration #1 chosen from 1 choice
[    0.560075] hub 5-0:1.0: USB hub found
[    0.560084] hub 5-0:1.0: 3 ports detected
[    0.560124] ohci_hcd 0000:00:13.1: PCI INT A -> GSI 18 (level, low) -> IRQ 18
[    0.560132] ohci_hcd 0000:00:13.1: OHCI Host Controller
[    0.560158] ohci_hcd 0000:00:13.1: new USB bus registered, assigned bus number 6
[    0.560171] ohci_hcd 0000:00:13.1: irq 18, io mem 0xfccf7000
[    0.620067] usb usb6: configuration #1 chosen from 1 choice
[    0.620087] hub 6-0:1.0: USB hub found
[    0.620095] hub 6-0:1.0: 3 ports detected
[    0.620141] ohci_hcd 0000:00:14.5: PCI INT C -> GSI 18 (level, low) -> IRQ 18
[    0.620150] ohci_hcd 0000:00:14.5: OHCI Host Controller
[    0.620174] ohci_hcd 0000:00:14.5: new USB bus registered, assigned bus number 7
[    0.620188] ohci_hcd 0000:00:14.5: irq 18, io mem 0xfccf5000
[    0.676034] ata6: SATA link down (SStatus 0 SControl 300)
[    0.676187] ata7: SATA link up 1.5 Gbps (SStatus 113 SControl 310)
[    0.680390] usb usb7: configuration #1 chosen from 1 choice
[    0.680410] hub 7-0:1.0: USB hub found
[    0.680419] hub 7-0:1.0: 2 ports detected
[    0.680460] uhci_hcd: USB Universal Host Controller Interface driver
[    0.680532] PNP: PS/2 Controller [PNP0303:PS2K] at 0x60,0x64 irq 1
[    0.680534] PNP: PS/2 appears to have AUX port disabled, if this is incorrect please boot with i8042.nopnp
[    0.680653] serio: i8042 KBD port at 0x60,0x64 irq 1
[    0.680732] mice: PS/2 mouse device common for all mice
[    0.680823] rtc_cmos 00:03: RTC can wake from S4
[    0.680858] rtc_cmos 00:03: rtc core: registered rtc_cmos as rtc0
[    0.680884] rtc0: alarms up to one month, y3k, 114 bytes nvram, hpet irqs
[    0.680964] device-mapper: uevent: version 1.0.3
[    0.681050] device-mapper: ioctl: 4.15.0-ioctl (2009-04-01) initialised: dm-devel@redhat.com
[    0.681104] device-mapper: multipath: version 1.1.0 loaded
[    0.681107] device-mapper: multipath round-robin: version 1.0.0 loaded
[    0.681201] EISA: Probing bus 0 at eisa.0
[    0.681226] Cannot allocate resource for EISA slot 6
[    0.681228] Cannot allocate resource for EISA slot 7
[    0.681230] Cannot allocate resource for EISA slot 8
[    0.681232] EISA: Detected 0 cards.
[    0.681293] cpuidle: using governor ladder
[    0.681295] cpuidle: using governor menu
[    0.681652] TCP cubic registered
[    0.681769] NET: Registered protocol family 10
[    0.682173] lo: Disabled Privacy Extensions
[    0.682420] NET: Registered protocol family 17
[    0.682442] powernow-k8: Found 1 AMD Athlon(tm) 64 X2 Dual Core Processor 5200+ processors (2 cpu cores) (version 2.20.00)
[    0.682483] powernow-k8:    0 : fid 0x13 (2700 MHz), vid 0x8
[    0.682485] powernow-k8:    1 : fid 0x12 (2600 MHz), vid 0x9
[    0.682487] powernow-k8:    2 : fid 0x10 (2400 MHz), vid 0xb
[    0.682489] powernow-k8:    3 : fid 0xe (2200 MHz), vid 0xd
[    0.682491] powernow-k8:    4 : fid 0xc (2000 MHz), vid 0xf
[    0.682493] powernow-k8:    5 : fid 0xa (1800 MHz), vid 0x11
[    0.682495] powernow-k8:    6 : fid 0x2 (1000 MHz), vid 0x12
[    0.682527] Using IPI No-Shortcut mode
[    0.682588] PM: Resume from disk failed.
[    0.682598] registered taskstats version 1
[    0.682923]   Magic number: 14:575:748
[    0.683005] rtc_cmos 00:03: setting system clock to 2010-02-12 19:42:38 UTC (1266003758)
[    0.683008] BIOS EDD facility v0.16 2004-Jun-25, 0 devices found
[    0.683009] EDD information not available.
[    0.700543] ata7.00: ATA-7: HDT722516DLA380, V43OA91A, max UDMA/133
[    0.700545] ata7.00: 321672960 sectors, multi 0: LBA48 NCQ (depth 0/32)
[    0.700734] input: AT Translated Set 2 keyboard as /devices/platform/i8042/serio0/input/input3
[    0.706554] isapnp: No Plug & Play device found
[    0.716539] ata7.00: configured for UDMA/100
[    0.840021] ata5: softreset failed (device not ready)
[    0.840024] ata5: applying SB600 PMP SRST workaround and retrying
[    0.840040] ata4: softreset failed (device not ready)
[    0.840043] ata4: applying SB600 PMP SRST workaround and retrying
[    0.840059] ata2: softreset failed (device not ready)
[    0.840062] ata2: applying SB600 PMP SRST workaround and retrying
[    0.840078] ata1: softreset failed (device not ready)
[    0.840081] ata1: applying SB600 PMP SRST workaround and retrying
[    0.840097] ata3: softreset failed (device not ready)
[    0.840100] ata3: applying SB600 PMP SRST workaround and retrying
[    0.904020] usb 2-5: new high speed USB device using ehci_hcd and address 2
[    1.004040] ata2: SATA link up 3.0 Gbps (SStatus 123 SControl 300)
[    1.004061] ata4: SATA link up 3.0 Gbps (SStatus 123 SControl 300)
[    1.004080] ata3: SATA link up 3.0 Gbps (SStatus 123 SControl 300)
[    1.004099] ata1: SATA link up 3.0 Gbps (SStatus 123 SControl 300)
[    1.004118] ata5: SATA link up 3.0 Gbps (SStatus 123 SControl 300)
[    1.004578] ata2.00: ATA-7: WDC WD2500KS-00MJB0, 02.01C03, max UDMA/133
[    1.004581] ata2.00: 488397168 sectors, multi 0: LBA48 
[    1.005213] ata2.00: configured for UDMA/133
[    1.010504] ata4.00: ATA-7: SAMSUNG HD103UI, 1AA01113, max UDMA7
[    1.010507] ata4.00: 1953525168 sectors, multi 0: LBA48 NCQ (depth 31/32), AA
[    1.016772] ata1.00: ATA-8: WDC WD4000AAJS-00YFA0, 12.01C02, max UDMA/133
[    1.016774] ata1.00: 781422768 sectors, multi 0: LBA48 NCQ (depth 31/32), AA
[    1.017040] ata4.00: configured for UDMA/133
[    1.017729] ata1.00: configured for UDMA/133
[    1.024515] ata5.00: ATA-7: WDC WD4000AAKS-00TMA0, 12.01C01, max UDMA/133
[    1.024517] ata5.00: 781422768 sectors, multi 0: LBA48 NCQ (depth 31/32), AA
[    1.024704] ata3.00: ATA-8: WDC WD10EACS-00C7B0, 01.01B01, max UDMA/133
[    1.024707] ata3.00: 1953525168 sectors, multi 0: LBA48 NCQ (depth 31/32), AA
[    1.025440] ata5.00: configured for UDMA/133
[    1.025615] ata3.00: configured for UDMA/133
[    1.032106] scsi 0:0:0:0: Direct-Access     ATA      WDC WD4000AAJS-0 12.0 PQ: 0 ANSI: 5
[    1.032224] sd 0:0:0:0: Attached scsi generic sg0 type 0
[    1.032313] scsi 1:0:0:0: Direct-Access     ATA      WDC WD2500KS-00M 02.0 PQ: 0 ANSI: 5
[    1.032448] sd 1:0:0:0: [sdb] 488397168 512-byte logical blocks: (250 GB/232 GiB)
[    1.032471] sd 1:0:0:0: Attached scsi generic sg1 type 0
[    1.032501] sd 1:0:0:0: [sdb] Write Protect is off
[    1.032503] sd 1:0:0:0: [sdb] Mode Sense: 00 3a 00 00
[    1.032510] sd 0:0:0:0: [sda] 781422768 512-byte logical blocks: (400 GB/372 GiB)
[    1.032529] sd 1:0:0:0: [sdb] Write cache: enabled, read cache: enabled, doesn't support DPO or FUA
[    1.032550] sd 0:0:0:0: [sda] Write Protect is off
[    1.032553] sd 0:0:0:0: [sda] Mode Sense: 00 3a 00 00
[    1.032570] sd 0:0:0:0: [sda] Write cache: enabled, read cache: enabled, doesn't support DPO or FUA
[    1.032663]  sdb:
[    1.032719]  sda: sda1
[    1.037898] sd 0:0:0:0: [sda] Attached SCSI disk
[    1.038643] usb 2-5: configuration #1 chosen from 1 choice
[    1.040081] scsi 2:0:0:0: Direct-Access     ATA      WDC WD10EACS-00C 01.0 PQ: 0 ANSI: 5
[    1.040171] sd 2:0:0:0: [sdc] 1953525168 512-byte logical blocks: (1.00 TB/931 GiB)
[    1.040182] sd 2:0:0:0: Attached scsi generic sg2 type 0
[    1.040213] sd 2:0:0:0: [sdc] Write Protect is off
[    1.040215] sd 2:0:0:0: [sdc] Mode Sense: 00 3a 00 00
[    1.040236] sd 2:0:0:0: [sdc] Write cache: enabled, read cache: enabled, doesn't support DPO or FUA
[    1.040250] scsi 3:0:0:0: Direct-Access     ATA      SAMSUNG HD103UI  1AA0 PQ: 0 ANSI: 5
[    1.040346]  sdc:
[    1.040348] sd 3:0:0:0: Attached scsi generic sg3 type 0
[    1.040414] scsi 4:0:0:0: Direct-Access     ATA      WDC WD4000AAKS-0 12.0 PQ: 0 ANSI: 5
[    1.040513] sd 4:0:0:0: [sde] 781422768 512-byte logical blocks: (400 GB/372 GiB)
[    1.040515] sd 4:0:0:0: Attached scsi generic sg4 type 0
[    1.040561] sd 3:0:0:0: [sdd] 1953525168 512-byte logical blocks: (1.00 TB/931 GiB)
[    1.040596] scsi 6:0:0:0: Direct-Access     ATA      HDT722516DLA380  V43O PQ: 0 ANSI: 5
[    1.040599] sd 3:0:0:0: [sdd] Write Protect is off
[    1.040602] sd 3:0:0:0: [sdd] Mode Sense: 00 3a 00 00
[    1.040619] sd 3:0:0:0: [sdd] Write cache: enabled, read cache: enabled, doesn't support DPO or FUA
[    1.040705] sd 6:0:0:0: [sdf] 321672960 512-byte logical blocks: (164 GB/153 GiB)
[    1.040720] sd 6:0:0:0: Attached scsi generic sg5 type 0
[    1.040763] sd 4:0:0:0: [sde] Write Protect is off
[    1.040765] sd 4:0:0:0: [sde] Mode Sense: 00 3a 00 00
[    1.040782] sd 6:0:0:0: [sdf] Write Protect is off
[    1.040785] sd 4:0:0:0: [sde] Write cache: enabled, read cache: enabled, doesn't support DPO or FUA
[    1.040789] sd 6:0:0:0: [sdf] Mode Sense: 00 3a 00 00
[    1.040809] sd 6:0:0:0: [sdf] Write cache: enabled, read cache: enabled, doesn't support DPO or FUA
[    1.040896]  sde:
[    1.040935]  sdf:
[    1.041071]  sdd: sde1
[    1.044577] sd 4:0:0:0: [sde] Attached SCSI disk
[    1.048983]  sdb1
[    1.049125] sd 1:0:0:0: [sdb] Attached SCSI disk
[    1.051674]  sdc1
[    1.051820] sd 2:0:0:0: [sdc] Attached SCSI disk
[    1.052601]  sdd1
[    1.052739] sd 3:0:0:0: [sdd] Attached SCSI disk
[    1.055182]  sdf1
[    1.055334] sd 6:0:0:0: [sdf] Attached SCSI disk
[    1.300020] usb 3-1: new full speed USB device using ohci_hcd and address 2
[    1.360060] ata8: SATA link up 1.5 Gbps (SStatus 113 SControl 310)
[    1.383064] ata8.00: ATA-8: WDC WD4000AAJS-00YFA0, 12.01C02, max UDMA/133
[    1.383067] ata8.00: 781422768 sectors, multi 0: LBA48 NCQ (depth 0/32)
[    1.396946] ata8.00: configured for UDMA/100
[    1.397015] scsi 7:0:0:0: Direct-Access     ATA      WDC WD4000AAJS-0 12.0 PQ: 0 ANSI: 5
[    1.397108] sd 7:0:0:0: [sdg] 781422768 512-byte logical blocks: (400 GB/372 GiB)
[    1.397135] sd 7:0:0:0: Attached scsi generic sg6 type 0
[    1.397149] sd 7:0:0:0: [sdg] Write Protect is off
[    1.397151] sd 7:0:0:0: [sdg] Mode Sense: 00 3a 00 00
[    1.397181] sd 7:0:0:0: [sdg] Write cache: enabled, read cache: enabled, doesn't support DPO or FUA
[    1.397275]  sdg: sdg1
[    1.404266] sd 7:0:0:0: [sdg] Attached SCSI disk
[    1.461124] usb 3-1: configuration #1 chosen from 1 choice
[    1.463102] hub 3-1:1.0: USB hub found
[    1.465081] hub 3-1:1.0: 4 ports detected
[    1.568482] ata10.00: ATAPI: TSSTcorpCD/DVDW SH-S182M, SB03, max UDMA/33
[    1.583771] ata10.01: ATA-7: WDC WD2500JB-00REA0, 20.00K20, max UDMA/100
[    1.583774] ata10.01: 488397168 sectors, multi 16: LBA48 
[    1.596438] ata10.00: configured for UDMA/33
[    1.604623] ata10.01: configured for UDMA/100
[    1.606035] scsi 9:0:0:0: CD-ROM            TSSTcorp CD/DVDW SH-S182M SB03 PQ: 0 ANSI: 5
[    1.613283] sr0: scsi3-mmc drive: 48x/48x writer dvd-ram cd/rw xa/form2 cdda tray
[    1.613286] Uniform CD-ROM driver Revision: 3.20
[    1.613354] sr 9:0:0:0: Attached scsi CD-ROM sr0
[    1.613391] sr 9:0:0:0: Attached scsi generic sg7 type 5
[    1.613452] scsi 9:0:1:0: Direct-Access     ATA      WDC WD2500JB-00R 20.0 PQ: 0 ANSI: 5
[    1.613545] sd 9:0:1:0: Attached scsi generic sg8 type 0
[    1.613549] sd 9:0:1:0: [sdh] 488397168 512-byte logical blocks: (250 GB/232 GiB)
[    1.613585] sd 9:0:1:0: [sdh] Write Protect is off
[    1.613587] sd 9:0:1:0: [sdh] Mode Sense: 00 3a 00 00
[    1.613606] sd 9:0:1:0: [sdh] Write cache: enabled, read cache: enabled, doesn't support DPO or FUA
[    1.613703]  sdh: sdh1 sdh2 < sdh5 >
[    1.626032] sd 9:0:1:0: [sdh] Attached SCSI disk
[    1.626054] Freeing unused kernel memory: 660k freed
[    1.626426] Write protecting the kernel text: 4784k
[    1.626454] Write protecting the kernel read-only data: 1916k
[    1.637922] udev: starting version 151
[    1.740062] usb 3-2: new full speed USB device using ohci_hcd and address 3
[    1.913182] usb 3-2: configuration #1 chosen from 1 choice
[    2.102739] kjournald starting.  Commit interval 5 seconds
[    2.102749] EXT3-fs: mounted filesystem with ordered data mode.
[    3.803875] Adding 8499192k swap on /dev/mapper/new--lvm-swap.  Priority:-1 extents:1 across:8499192k 
[    4.052457] udev: starting version 151
[    4.461515] EXT3 FS on dm-2, internal journal
[    5.308700] type=1505 audit(1266003763.125:2):  operation="profile_load" pid=888 name="/sbin/dhclient3"
[    5.308929] type=1505 audit(1266003763.125:3):  operation="profile_load" pid=888 name="/usr/lib/NetworkManager/nm-dhcp-client.action"
[    5.309057] type=1505 audit(1266003763.125:4):  operation="profile_load" pid=888 name="/usr/lib/connman/scripts/dhclient-script"
[    5.644426] kjournald starting.  Commit interval 5 seconds
[    5.644624] EXT3 FS on sdh1, internal journal
[    5.644629] EXT3-fs: mounted filesystem with ordered data mode.
[    5.672973] k8temp 0000:00:18.3: Temperature readouts might be wrong - check erratum #141
[    5.930280] usbcore: registered new interface driver hiddev
[    5.930943] piix4_smbus 0000:00:14.0: SMBus Host Controller at 0xb00, revision 0
[    5.933478] input: Logitech USB Receiver as /devices/pci0000:00/0000:00:12.0/usb3/3-2/3-2:1.0/input/input4
[    5.933570] generic-usb 0003:046D:C525.0001: input,hidraw0: USB HID v1.11 Mouse [Logitech USB Receiver] on usb-0000:00:12.0-2/input0
[    5.936120] Initializing USB Mass Storage driver...
[    5.936239] scsi10 : SCSI emulation for USB Mass Storage devices
[    5.936369] usbcore: registered new interface driver usb-storage
[    5.936371] USB Mass Storage support registered.
[    5.936540] usb-storage: device found at 2
[    5.936541] usb-storage: waiting for device to settle before scanning
[    5.941332] input: Logitech USB Receiver as /devices/pci0000:00/0000:00:12.0/usb3/3-2/3-2:1.1/input/input5
[    5.941457] generic-usb 0003:046D:C525.0002: input,hiddev96,hidraw1: USB HID v1.11 Device [Logitech USB Receiver] on usb-0000:00:12.0-2/input1
[    5.941481] usbcore: registered new interface driver usbhid
[    5.941483] usbhid: v2.6:USB HID core driver
[    5.944704] vga16fb: initializing
[    5.944709] vga16fb: mapped to 0xc00a0000
[    5.944762] fb0: VGA16 VGA frame buffer device
[    6.236552] shpchp 0000:00:01.0: HPC vendor_id 1022 device_id 9602 ss_vid 0 ss_did 0
[    6.236557] shpchp 0000:00:01.0: Cannot reserve MMIO region
[    6.236907] shpchp: Standard Hot Plug PCI Controller Driver version: 0.4
[    6.238038] r8169 Gigabit Ethernet driver 2.3LK-NAPI loaded
[    6.238062] r8169 0000:02:00.0: PCI INT A -> GSI 18 (level, low) -> IRQ 18
[    6.238103] r8169 0000:02:00.0: setting latency timer to 64
[    6.238139]   alloc irq_desc for 27 on node -1
[    6.238141]   alloc kstat_irqs on node -1
[    6.238154] r8169 0000:02:00.0: irq 27 for MSI/MSI-X
[    6.238685] eth0: RTL8168c/8111c at 0xf8162000, 00:21:97:02:08:07, XID 1c4000c0 IRQ 27
[    6.273533] Linux agpgart interface v0.103
[    6.333427] [drm] Initialized drm 1.1.0 20060810
[    6.578699] lp: driver loaded but no devices found
[    6.937634] [drm] radeon defaulting to kernel modesetting.
[    6.937637] [drm] radeon kernel modesetting enabled.
[    6.937701] radeon 0000:01:05.0: PCI INT A -> GSI 18 (level, low) -> IRQ 18
[    6.937705] radeon 0000:01:05.0: setting latency timer to 64
[    6.939135] [drm] radeon: Initializing kernel modesetting.
[    6.939159] [drm] register mmio base: 0xFCEF0000
[    6.939160] [drm] register mmio size: 65536
[    6.940197] ATOM BIOS: 113
[    6.940202] [drm] Clocks initialized !
[    6.940362] [drm] Detected VRAM RAM=256M, BAR=256M
[    6.940366] [drm] RAM width 32bits DDR
[    6.953408] [TTM] Zone  kernel: Available graphics memory: 431768 kiB.
[    6.953410] [TTM] Zone highmem: Available graphics memory: 1418236 kiB.
[    6.953425] [drm] radeon: 256M of VRAM memory ready
[    6.953426] [drm] radeon: 512M of GTT memory ready.
[    6.953518] [drm] Loading RS780 CP Microcode
[    6.953777] platform radeon_cp.0: firmware: requesting radeon/RS780_pfp.bin
[    6.961107] Console: switching to colour frame buffer device 80x30
[    7.251602] platform radeon_cp.0: firmware: requesting radeon/RS780_me.bin
[    7.432087] BUG: unable to handle kernel NULL pointer dereference at (null)
[    7.432631] IP: [<c05a4fda>] __mutex_lock_slowpath+0x8a/0x130
[    7.433022] *pde = af517067 
[    7.433284] Oops: 0002 [#1] SMP 
[    7.435404] last sysfs file: /sys/devices/pci0000:00/0000:00:14.1/host9/target9:0:1/9:0:1:0/block/sdh/dev
[    7.436006] Modules linked in: snd_seq snd_timer snd_seq_device radeon(+) ttm drm_kms_helper fbcon tileblit font bitblit softcursor snd soundcore drm agpgart i2c_algo_bit shpchp joydev snd_page_alloc r8169 vga16fb usb_storage vgastate mii i2c_piix4 usbhid k8temp lp parport
[    7.457480] 
[    7.457480] Pid: 410, comm: plymouthd Not tainted (2.6.32-13-generic #18-Ubuntu) A780GM-A
[    7.457480] EIP: 0060:[<c05a4fda>] EFLAGS: 00010246 CPU: 0
[    7.457480] EIP is at __mutex_lock_slowpath+0x8a/0x130
[    7.457480] EAX: 00000000 EBX: f63f727c ECX: f63f7284 EDX: f6945ec4
[    7.457480] ESI: f63f7280 EDI: f63f728c EBP: f6945edc ESP: f6945eb8
[    7.457480]  DS: 007b ES: 007b FS: 00d8 GS: 00e0 SS: 0068
[    7.457480] Process plymouthd (pid: 410, ti=f6944000 task=f649a670 task.ti=f6944000)
[    7.457480] Stack:
[    7.457480]  00000000 f63f7284 f649a670 f63f7284 00000000 f63f7000 f63f727c f62b96c0
[    7.457480] <0> f63f727c f6945eec c05a4f35 f62b96c0 f62b96c0 f6945f00 f81eb123 f62b96c0
[    7.457480] <0> f64dd000 f63f7000 f6945f44 f81e2ecf 00000001 f81f2365 f81f1980 f81f3890
[    7.457480] Call Trace:
[    7.457480]  [<c05a4f35>] ? mutex_lock+0x25/0x40
[    7.604514]  [<f81eb123>] ? drm_fb_release+0x23/0x70 [drm]
[    7.604514]  [<f81e2ecf>] ? drm_release+0x2ff/0x390 [drm]
[    7.604514]  [<c020736f>] ? __fput+0xdf/0x1f0
[    7.604514]  [<c020749d>] ? fput+0x1d/0x30
[    7.604514]  [<c020380c>] ? filp_close+0x4c/0x80
[    7.604514]  [<c02038b8>] ? sys_close+0x78/0xc0
[    7.604514]  [<c010344c>] ? syscall_call+0x7/0xb
[    7.604514] Code: 18 63 7f bd 90 8d 74 26 00 8d 73 04 89 f0 e8 ce 11 00 00 8d 55 e8 8d 43 08 89 45 e0 8b 43 0c 89 53 0c 8b 4d e0 89 45 ec 89 4d e8 <89> 10 8b 45 e4 ba ff ff ff ff 89 45 f0 89 d0 87 03 83 f8 01 74 
[    7.604514] EIP: [<c05a4fda>] __mutex_lock_slowpath+0x8a/0x130 SS:ESP 0068:f6945eb8
[    7.604514] CR2: 0000000000000000
[    7.607248] ---[ end trace bdc69ac9537b9c32 ]---
[    7.825238] [drm] GART: num cpu pages 131072, num gpu pages 131072
[    7.869756] [drm] ring test succeeded in 0 usecs
[    7.881065] [drm] radeon: ib pool ready.
[    7.891970] [drm] ib test succeeded in 0 usecs
[    7.902989] [drm] Radeon Display Connectors
[    7.913446] [drm] Connector 0:
[    7.923464] [drm]   VGA
[    7.933096] [drm]   DDC: 0x7e40 0x7e40 0x7e44 0x7e44 0x7e48 0x7e48 0x7e4c 0x7e4c
[    7.952371] [drm]   Encoders:
[    7.963869] [drm]     CRT1: INTERNAL_KLDSCP_DAC1
[    7.973582] [drm] Connector 1:
[    7.983207] [drm]   HDMI-A
[    7.992711] [drm]   DDC: 0x7e50 0x7e50 0x7e54 0x7e54 0x7e58 0x7e58 0x7e5c 0x7e5c
[    8.012360] [drm]   Encoders:
[    8.023952] [drm]     DFP3: INTERNAL_KLDSCP_LVTMA
[    8.070911] [drm] fb mappable at 0xB0141000
[    8.081737] [drm] vram apper at 0xB0000000
[    8.092159] [drm] size 1996800
[    8.102184] [drm] fb depth is 24
[    8.112111] [drm]    pitch is 3328
[    8.121433] kjournald starting.  Commit interval 5 seconds
[    8.122878] fb1: radeondrmfb frame buffer device
[    8.122881] registered panic notifier
[    8.122886] [drm] Initialized radeon 2.0.0 20080528 for 0000:01:05.0 on minor 0
[    8.166610] EXT3 FS on dm-5, internal journal
[    8.176254] EXT3-fs: mounted filesystem with ordered data mode.
[    8.376043] HDA Intel 0000:00:14.2: PCI INT A -> GSI 16 (level, low) -> IRQ 16
[    8.563319] input: HDA Digital PCBeep as /devices/pci0000:00/0000:00:14.2/input/input6
[    8.706824] kjournald starting.  Commit interval 5 seconds
[    8.717339] EXT3 FS on dm-3, internal journal
[    8.727742] EXT3-fs: mounted filesystem with ordered data mode.
[    8.844151] input: HDA ATI SB Line In at Ext Rear Jack as /devices/pci0000:00/0000:00:14.2/sound/card0/input7
[    8.865919] input: HDA ATI SB Mic at Ext Front Jack as /devices/pci0000:00/0000:00:14.2/sound/card0/input8
[    8.887927] input: HDA ATI SB Mic at Ext Rear Jack as /devices/pci0000:00/0000:00:14.2/sound/card0/input9
[    8.911538] input: HDA ATI SB Speaker at Ext Rear Jack as /devices/pci0000:00/0000:00:14.2/sound/card0/input10
[    8.935871] input: HDA ATI SB Speaker at Ext Rear Jack as /devices/pci0000:00/0000:00:14.2/sound/card0/input11
[    8.960861] input: HDA ATI SB Speaker at Ext Rear Jack as /devices/pci0000:00/0000:00:14.2/sound/card0/input12
[    8.986944] input: HDA ATI SB Speaker at Ext Rear Jack as /devices/pci0000:00/0000:00:14.2/sound/card0/input13
[    9.013446] kjournald starting.  Commit interval 5 seconds
[    9.013825] input: HDA ATI SB HP Out at Ext Front Jack as /devices/pci0000:00/0000:00:14.2/sound/card0/input14
[    9.036654] HDA Intel 0000:01:05.1: PCI INT B -> GSI 19 (level, low) -> IRQ 19
[    9.036678] HDA Intel 0000:01:05.1: setting latency timer to 64
[    9.051109] EXT3 FS on dm-4, internal journal
[    9.051114] EXT3-fs: mounted filesystem with ordered data mode.
[    9.487430] kjournald starting.  Commit interval 5 seconds
[    9.500607] EXT3 FS on dm-1, internal journal
[    9.513888] EXT3-fs: mounted filesystem with ordered data mode.
[   10.936149] usb-storage: device scan complete
[   10.944531] scsi 10:0:0:0: Direct-Access     Generic  USB SD Reader    1.00 PQ: 0 ANSI: 0
[   10.945128] scsi 10:0:0:1: Direct-Access     Generic  USB CF Reader    1.01 PQ: 0 ANSI: 0
[   10.945751] scsi 10:0:0:2: Direct-Access     Generic  USB SM Reader    1.02 PQ: 0 ANSI: 0
[   10.946374] scsi 10:0:0:3: Direct-Access     Generic  USB MS Reader    1.03 PQ: 0 ANSI: 0
[   10.946706] sd 10:0:0:0: Attached scsi generic sg9 type 0
[   10.946788] sd 10:0:0:1: Attached scsi generic sg10 type 0
[   10.946871] sd 10:0:0:2: Attached scsi generic sg11 type 0
[   10.946953] sd 10:0:0:3: Attached scsi generic sg12 type 0
[   11.107874] sd 10:0:0:0: [sdi] Attached SCSI removable disk
[   11.117236] sd 10:0:0:1: [sdj] Attached SCSI removable disk
[   11.117982] sd 10:0:0:2: [sdk] Attached SCSI removable disk
[   11.119716] sd 10:0:0:3: [sdl] Attached SCSI removable disk
[   13.135849] r8169: eth0: link up
[   13.139850] r8169: eth0: link up
[   13.729173] type=1505 audit(1266003771.545:5):  operation="profile_load" pid=1577 name="/usr/share/gdm/guest-session/Xsession"
[   13.751110] type=1505 audit(1266003771.566:6):  operation="profile_replace" pid=1578 name="/sbin/dhclient3"
[   13.772494] type=1505 audit(1266003771.588:7):  operation="profile_replace" pid=1578 name="/usr/lib/NetworkManager/nm-dhcp-client.action"
[   13.793108] type=1505 audit(1266003771.609:8):  operation="profile_replace" pid=1578 name="/usr/lib/connman/scripts/dhclient-script"
[   13.854519] type=1505 audit(1266003771.669:9):  operation="profile_load" pid=1579 name="/usr/bin/evince"
[   13.878232] type=1505 audit(1266003771.693:10):  operation="profile_load" pid=1579 name="/usr/bin/evince-previewer"
[   13.900476] type=1505 audit(1266003771.717:11):  operation="profile_load" pid=1579 name="/usr/bin/evince-thumbnailer"
[   14.102009] type=1505 audit(1266003771.917:12):  operation="profile_load" pid=1582 name="/usr/lib/cups/backend/cups-pdf"
[   14.102306] type=1505 audit(1266003771.917:13):  operation="profile_load" pid=1582 name="/usr/sbin/cupsd"
[   14.117695] type=1505 audit(1266003771.933:14):  operation="profile_load" pid=1583 name="/usr/sbin/tcpdump"
[   14.401871] vgaarb: device changed decodes: PCI:0000:01:05.0,olddecodes=io+mem,decodes=none:owns=io+mem
[   14.401876] vgaarb: transferring owner from PCI:0000:01:05.0 to PCI:0000:03:07.0
 
Bug: 560249
 
[    0.000000] Initializing cgroup subsys cpuset
[    0.000000] Initializing cgroup subsys cpu
[    0.000000] Linux version 2.6.32-21-generic (buildd@yellow) (gcc version 4.4.3 (Ubuntu 4.4.3-4ubuntu5) ) #32-Ubuntu SMP Fri Apr 16 08:09:38 UTC 2010 (Ubuntu 2.6.32-21.32-generic 2.6.32.11+drm33.2)
[    0.000000] Command line: BOOT_IMAGE=/boot/vmlinuz-2.6.32-21-generic root=UUID=50cc7340-4a5d-4a26-8d8e-1bc88476d3de ro quiet splash
[    0.000000] KERNEL supported cpus:
[    0.000000]   Intel GenuineIntel
[    0.000000]   AMD AuthenticAMD
[    0.000000]   Centaur CentaurHauls
[    0.000000] BIOS-provided physical RAM map:
[    0.000000]  BIOS-e820: 0000000000000000 - 000000000009dc00 (usable)
[    0.000000]  BIOS-e820: 000000000009dc00 - 00000000000a0000 (reserved)
[    0.000000]  BIOS-e820: 00000000000d0000 - 0000000000100000 (reserved)
[    0.000000]  BIOS-e820: 0000000000100000 - 000000006fe80000 (usable)
[    0.000000]  BIOS-e820: 000000006fe80000 - 000000006fe8d000 (ACPI data)
[    0.000000]  BIOS-e820: 000000006fe8d000 - 000000006fe8f000 (ACPI NVS)
[    0.000000]  BIOS-e820: 000000006fe8f000 - 0000000080000000 (reserved)
[    0.000000]  BIOS-e820: 00000000e0000000 - 00000000f0000000 (reserved)
[    0.000000]  BIOS-e820: 00000000fec00000 - 00000000fec10000 (reserved)
[    0.000000]  BIOS-e820: 00000000fee00000 - 00000000fee01000 (reserved)
[    0.000000]  BIOS-e820: 00000000fff00000 - 0000000100000000 (reserved)
[    0.000000] DMI present.
[    0.000000] Phoenix BIOS detected: BIOS may corrupt low RAM, working around it.
[    0.000000] e820 update range: 0000000000000000 - 0000000000010000 (usable) ==> (reserved)
[    0.000000] last_pfn = 0x6fe80 max_arch_pfn = 0x400000000
[    0.000000] MTRR default type: uncachable
[    0.000000] MTRR fixed ranges enabled:
[    0.000000]   00000-9FFFF write-back
[    0.000000]   A0000-BFFFF uncachable
[    0.000000]   C0000-CFFFF write-protect
[    0.000000]   D0000-DFFFF uncachable
[    0.000000]   E0000-FFFFF write-protect
[    0.000000] MTRR variable ranges enabled:
[    0.000000]   0 base 0000000000 mask FF80000000 write-back
[    0.000000]   1 disabled
[    0.000000]   2 disabled
[    0.000000]   3 disabled
[    0.000000]   4 disabled
[    0.000000]   5 disabled
[    0.000000]   6 disabled
[    0.000000]   7 disabled
[    0.000000] x86 PAT enabled: cpu 0, old 0x7040600070406, new 0x7010600070106
[    0.000000] Scanning 0 areas for low memory corruption
[    0.000000] modified physical RAM map:
[    0.000000]  modified: 0000000000000000 - 0000000000010000 (reserved)
[    0.000000]  modified: 0000000000010000 - 000000000009dc00 (usable)
[    0.000000]  modified: 000000000009dc00 - 00000000000a0000 (reserved)
[    0.000000]  modified: 00000000000d0000 - 0000000000100000 (reserved)
[    0.000000]  modified: 0000000000100000 - 000000006fe80000 (usable)
[    0.000000]  modified: 000000006fe80000 - 000000006fe8d000 (ACPI data)
[    0.000000]  modified: 000000006fe8d000 - 000000006fe8f000 (ACPI NVS)
[    0.000000]  modified: 000000006fe8f000 - 0000000080000000 (reserved)
[    0.000000]  modified: 00000000e0000000 - 00000000f0000000 (reserved)
[    0.000000]  modified: 00000000fec00000 - 00000000fec10000 (reserved)
[    0.000000]  modified: 00000000fee00000 - 00000000fee01000 (reserved)
[    0.000000]  modified: 00000000fff00000 - 0000000100000000 (reserved)
[    0.000000] initial memory mapped : 0 - 20000000
[    0.000000] init_memory_mapping: 0000000000000000-000000006fe80000
[    0.000000] NX (Execute Disable) protection: active
[    0.000000]  0000000000 - 006fe00000 page 2M
[    0.000000]  006fe00000 - 006fe80000 page 4k
[    0.000000] kernel direct mapping tables up to 6fe80000 @ 10000-14000
[    0.000000] RAMDISK: 3728b000 - 37fef421
[    0.000000] ACPI: RSDP 00000000000f8130 00024 (v02 PTLTD )
[    0.000000] ACPI: XSDT 000000006fe84e00 0005C (v01 PTLTD  ? XSDT   06040000  LTP 00000000)
[    0.000000] ACPI: FACP 000000006fe8cbae 000F4 (v03 ATI    Herring  06040000 ATI  000F4240)
[    0.000000] ACPI: DSDT 000000006fe84e5c 07D52 (v01    ATI    SB600 06040000 MSFT 03000001)
[    0.000000] ACPI: FACS 000000006fe8efc0 00040
[    0.000000] ACPI: TCPA 000000006fe8cd16 00032 (v02 AMD             06040000 PTEC 00000000)
[    0.000000] ACPI: SSDT 000000006fe8cd48 000D3 (v01 PTLTD  POWERNOW 06040000  LTP 00000001)
[    0.000000] ACPI: ASF! 000000006fe8ce1b 0012B (v32    DMA AMDTBL   06040000 PTL  00000001)
[    0.000000] ACPI: APIC 000000006fe8cf46 00046 (v01 PTLTD  ? APIC   06040000  LTP 00000000)
[    0.000000] ACPI: MCFG 000000006fe8cf8c 0003C (v01 PTLTD    MCFG   06040000  LTP 00000000)
[    0.000000] ACPI: HPET 000000006fe8cfc8 00038 (v01 PTLTD  HPETTBL  06040000  LTP 00000001)
[    0.000000] ACPI: Local APIC address 0xfee00000
[    0.000000] Scanning NUMA topology in Northbridge 24
[    0.000000] No NUMA configuration found
[    0.000000] Faking a node at 0000000000000000-000000006fe80000
[    0.000000] Bootmem setup node 0 0000000000000000-000000006fe80000
[    0.000000]   NODE_DATA [0000000000012000 - 0000000000016fff]
[    0.000000]   bootmap [0000000000017000 -  0000000000024fcf] pages e
[    0.000000] (7 early reservations) ==> bootmem [0000000000 - 006fe80000]
[    0.000000]   #0 [0000000000 - 0000001000]   BIOS data page ==> [0000000000 - 0000001000]
[    0.000000]   #1 [0000006000 - 0000008000]       TRAMPOLINE ==> [0000006000 - 0000008000]
[    0.000000]   #2 [0001000000 - 0001a29e64]    TEXT DATA BSS ==> [0001000000 - 0001a29e64]
[    0.000000]   #3 [003728b000 - 0037fef421]          RAMDISK ==> [003728b000 - 0037fef421]
[    0.000000]   #4 [000009dc00 - 0000100000]    BIOS reserved ==> [000009dc00 - 0000100000]
[    0.000000]   #5 [0001a2a000 - 0001a2a2ac]              BRK ==> [0001a2a000 - 0001a2a2ac]
[    0.000000]   #6 [0000010000 - 0000012000]          PGTABLE ==> [0000010000 - 0000012000]
[    0.000000] found SMP MP-table at [ffff8800000f8160] f8160
[    0.000000]  [ffffea0000000000-ffffea00019fffff] PMD -> [ffff880002000000-ffff8800039fffff] on node 0
[    0.000000] Zone PFN ranges:
[    0.000000]   DMA      0x00000010 -> 0x00001000
[    0.000000]   DMA32    0x00001000 -> 0x00100000
[    0.000000]   Normal   0x00100000 -> 0x00100000
[    0.000000] Movable zone start PFN for each node
[    0.000000] early_node_map[2] active PFN ranges
[    0.000000]     0: 0x00000010 -> 0x0000009d
[    0.000000]     0: 0x00000100 -> 0x0006fe80
[    0.000000] On node 0 totalpages: 458253
[    0.000000]   DMA zone: 56 pages used for memmap
[    0.000000]   DMA zone: 103 pages reserved
[    0.000000]   DMA zone: 3822 pages, LIFO batch:0
[    0.000000]   DMA32 zone: 6211 pages used for memmap
[    0.000000]   DMA32 zone: 448061 pages, LIFO batch:31
[    0.000000] Detected use of extended apic ids on hypertransport bus
[    0.000000] ACPI: PM-Timer IO Port: 0x8008
[    0.000000] ACPI: Local APIC address 0xfee00000
[    0.000000] ACPI: LAPIC (acpi_id[0x00] lapic_id[0x00] enabled)
[    0.000000] ACPI: LAPIC_NMI (acpi_id[0x00] high edge lint[0x1])
[    0.000000] ACPI: IOAPIC (id[0x01] address[0xfec00000] gsi_base[0])
[    0.000000] IOAPIC[0]: apic_id 1, version 33, address 0xfec00000, GSI 0-23
[    0.000000] ACPI: IRQ9 used by override.
[    0.000000] Using ACPI (MADT) for SMP configuration information
[    0.000000] ACPI: HPET id: 0x43538301 base: 0xfed00000
[    0.000000] SMP: Allowing 1 CPUs, 0 hotplug CPUs
[    0.000000] nr_irqs_gsi: 24
[    0.000000] PM: Registered nosave memory: 000000000009d000 - 000000000009e000
[    0.000000] PM: Registered nosave memory: 000000000009e000 - 00000000000a0000
[    0.000000] PM: Registered nosave memory: 00000000000a0000 - 00000000000d0000
[    0.000000] PM: Registered nosave memory: 00000000000d0000 - 0000000000100000
[    0.000000] Allocating PCI resources starting at 80000000 (gap: 80000000:60000000)
[    0.000000] Booting paravirtualized kernel on bare hardware
[    0.000000] NR_CPUS:64 nr_cpumask_bits:64 nr_cpu_ids:1 nr_node_ids:1
[    0.000000] PERCPU: Embedded 30 pages/cpu @ffff880001c00000 s91544 r8192 d23144 u2097152
[    0.000000] pcpu-alloc: s91544 r8192 d23144 u2097152 alloc=1*2097152
[    0.000000] pcpu-alloc: [0] 0 
[    0.000000] Built 1 zonelists in Node order, mobility grouping on.  Total pages: 451883
[    0.000000] Policy zone: DMA32
[    0.000000] Kernel command line: BOOT_IMAGE=/boot/vmlinuz-2.6.32-21-generic root=UUID=50cc7340-4a5d-4a26-8d8e-1bc88476d3de ro quiet splash
[    0.000000] PID hash table entries: 4096 (order: 3, 32768 bytes)
[    0.000000] Initializing CPU#0
[    0.000000] Checking aperture...
[    0.000000] No AGP bridge found
[    0.000000] Node 0: aperture @ 2038000000 size 32 MB
[    0.000000] Aperture beyond 4GB. Ignoring.
[    0.000000] Memory: 1781976k/1833472k available (5409k kernel code, 460k absent, 51036k reserved, 2976k data, 876k init)
[    0.000000] SLUB: Genslabs=14, HWalign=64, Order=0-3, MinObjects=0, CPUs=1, Nodes=1
[    0.000000] Hierarchical RCU implementation.
[    0.000000] NR_IRQS:4352 nr_irqs:256
[    0.000000] spurious 8259A interrupt: IRQ7.
[    0.000000] Console: colour VGA+ 80x25
[    0.000000] console [tty0] enabled
[    0.000000] allocated 18350080 bytes of page_cgroup
[    0.000000] please try 'cgroup_disable=memory' option if you don't want memory cgroups
[    0.000000] hpet clockevent registered
[    0.000000] HPET: 4 timers in total, 0 timers will be used for per-cpu timer
[    0.000000] Fast TSC calibration using PIT
[    0.000000] Detected 1596.195 MHz processor.
[    0.020007] Calibrating delay loop (skipped), value calculated using timer frequency.. 3192.39 BogoMIPS (lpj=15961950)
[    0.020044] Security Framework initialized
[    0.020072] AppArmor: AppArmor initialized
[    0.020320] Dentry cache hash table entries: 262144 (order: 9, 2097152 bytes)
[    0.021737] Inode-cache hash table entries: 131072 (order: 8, 1048576 bytes)
[    0.022435] Mount-cache hash table entries: 256
[    0.022628] Initializing cgroup subsys ns
[    0.022634] Initializing cgroup subsys cpuacct
[    0.022639] Initializing cgroup subsys memory
[    0.022653] Initializing cgroup subsys devices
[    0.022657] Initializing cgroup subsys freezer
[    0.022659] Initializing cgroup subsys net_cls
[    0.022688] CPU: L1 I Cache: 64K (64 bytes/line), D cache 64K (64 bytes/line)
[    0.022691] CPU: L2 Cache: 512K (64 bytes/line)
[    0.022695] CPU 0/0x0 -> Node 0
[    0.022698] tseg: 006ff00000
[    0.022702] mce: CPU supports 5 MCE banks
[    0.022717] using C1E aware idle routine
[    0.022720] Performance Events: AMD PMU driver.
[    0.022727] ... version:                0
[    0.022730] ... bit width:              48
[    0.022732] ... generic registers:      4
[    0.022734] ... value mask:             0000ffffffffffff
[    0.022737] ... max period:             00007fffffffffff
[    0.022739] ... fixed-purpose events:   0
[    0.022742] ... event mask:             000000000000000f
[    0.022758] SMP alternatives: switching to UP code
[    0.036771] Freeing SMP alternatives: 40k freed
[    0.036823] ACPI: Core revision 20090903
[    0.050009] ftrace: converting mcount calls to 0f 1f 44 00 00
[    0.050017] ftrace: allocating 22518 entries in 89 pages
[    0.060115] Setting APIC routing to flat
[    0.060441] ..TIMER: vector=0x30 apic1=0 pin1=0 apic2=-1 pin2=-1
[    0.070000] ..MP-BIOS bug: 8254 timer not connected to IO-APIC
[    0.070000] ...trying to set up timer (IRQ0) through the 8259A ...
[    0.070000] ..... (found apic 0 pin 0) ...
[    0.176237] ....... works.
[    0.176239] CPU0: AMD Athlon(tm) Processor TF-20 stepping 02
[    0.180000] Brought up 1 CPUs
[    0.180000] Total of 1 processors activated (3192.39 BogoMIPS).
[    0.180000] CPU0 attaching NULL sched-domain.
[    0.180000] devtmpfs: initialized
[    0.180000] regulator: core version 0.5
[    0.180000] Time: 20:43:58  Date: 05/04/10
[    0.180000] NET: Registered protocol family 16
[    0.180000] node 0 link 0: io port [1000, fffff]
[    0.180000] TOM: 0000000080000000 aka 2048M
[    0.180000] node 0 link 0: mmio [f0100000, ffffffff]
[    0.180000] node 0 link 0: mmio [e0000000, dfffffff]
[    0.180000] node 0 link 0: mmio [d0000000, dfffffff]
[    0.180000] node 0 link 0: mmio [a0000, bffff]
[    0.180000] node 0 link 0: mmio [f0000000, f00fffff]
[    0.180000] node 0 link 0: mmio [e0000000, efffffff]
[    0.180000] node 0 link 0: mmio [80000000, cfffffff]
[    0.180000] bus: [00,ff] on node 0 link 0
[    0.180000] bus: 00 index 0 io port: [0, ffff]
[    0.180000] bus: 00 index 1 mmio: [e0000000, fcffffffff]
[    0.180000] bus: 00 index 2 mmio: [80000000, dfffffff]
[    0.180000] bus: 00 index 3 mmio: [a0000, bffff]
[    0.180000] ACPI: bus type pci registered
[    0.180000] PCI: MCFG configuration 0: base e0000000 segment 0 buses 0 - 31
[    0.180000] PCI: MCFG area at e0000000 reserved in E820
[    0.180000] PCI: Using MMCONFIG at e0000000 - e1ffffff
[    0.180000] PCI: Using configuration type 1 for base access
[    0.180000] bio: create slab <bio-0> at 0
[    0.180000] ACPI: EC: Look up EC in DSDT
[    0.180000] ACPI: BIOS _OSI(Linux) query ignored
[    0.180673] ACPI: Interpreter enabled
[    0.180673] ACPI: (supports S0 S3 S4 S5)
[    0.180673] ACPI: Using IOAPIC for interrupt routing
[    0.194026] ACPI: EC: GPE = 0x3, I/O: command/status = 0x66, data = 0x62
[    0.194341] ACPI: No dock devices found.
[    0.196335] ACPI: PCI Root Bridge [PCI0] (0000:00)
[    0.196476] pci 0000:00:02.0: PME# supported from D0 D3hot D3cold
[    0.196480] pci 0000:00:02.0: PME# disabled
[    0.196527] pci 0000:00:04.0: PME# supported from D0 D3hot D3cold
[    0.196531] pci 0000:00:04.0: PME# disabled
[    0.196572] pci 0000:00:05.0: PME# supported from D0 D3hot D3cold
[    0.196575] pci 0000:00:05.0: PME# disabled
[    0.196617] pci 0000:00:06.0: PME# supported from D0 D3hot D3cold
[    0.196621] pci 0000:00:06.0: PME# disabled
[    0.196661] pci 0000:00:07.0: PME# supported from D0 D3hot D3cold
[    0.196665] pci 0000:00:07.0: PME# disabled
[    0.196726] pci 0000:00:12.0: reg 10 io port: [0x8440-0x8447]
[    0.196734] pci 0000:00:12.0: reg 14 io port: [0x8434-0x8437]
[    0.196742] pci 0000:00:12.0: reg 18 io port: [0x8438-0x843f]
[    0.196751] pci 0000:00:12.0: reg 1c io port: [0x8430-0x8433]
[    0.196759] pci 0000:00:12.0: reg 20 io port: [0x8400-0x840f]
[    0.196768] pci 0000:00:12.0: reg 24 32bit mmio: [0xf0609000-0xf06093ff]
[    0.196825] pci 0000:00:13.0: reg 10 32bit mmio: [0xf0404000-0xf0404fff]
[    0.196891] pci 0000:00:13.1: reg 10 32bit mmio: [0xf0405000-0xf0405fff]
[    0.196959] pci 0000:00:13.2: reg 10 32bit mmio: [0xf0406000-0xf0406fff]
[    0.197024] pci 0000:00:13.3: reg 10 32bit mmio: [0xf0407000-0xf0407fff]
[    0.197089] pci 0000:00:13.4: reg 10 32bit mmio: [0xf0408000-0xf0408fff]
[    0.197175] pci 0000:00:13.5: reg 10 32bit mmio: [0xf0609400-0xf06094ff]
[    0.197235] pci 0000:00:13.5: supports D1 D2
[    0.197238] pci 0000:00:13.5: PME# supported from D0 D1 D2 D3hot
[    0.197243] pci 0000:00:13.5: PME# disabled
[    0.197295] pci 0000:00:14.0: reg 10 io port: [0x8410-0x841f]
[    0.197374] pci 0000:00:14.1: reg 10 io port: [0x1f0-0x1f7]
[    0.197382] pci 0000:00:14.1: reg 14 io port: [0x3f4-0x3f7]
[    0.197390] pci 0000:00:14.1: reg 18 io port: [0x00-0x07]
[    0.197399] pci 0000:00:14.1: reg 1c io port: [0x00-0x03]
[    0.197407] pci 0000:00:14.1: reg 20 io port: [0x8420-0x842f]
[    0.197469] pci 0000:00:14.2: reg 10 64bit mmio: [0xf0400000-0xf0403fff]
[    0.197519] pci 0000:00:14.2: PME# supported from D0 D3hot D3cold
[    0.197524] pci 0000:00:14.2: PME# disabled
[    0.197768] pci 0000:01:05.0: reg 10 64bit mmio pref: [0xd0000000-0xdfffffff]
[    0.197776] pci 0000:01:05.0: reg 18 64bit mmio: [0xf0100000-0xf010ffff]
[    0.197781] pci 0000:01:05.0: reg 20 io port: [0x9000-0x90ff]
[    0.197786] pci 0000:01:05.0: reg 24 32bit mmio: [0xf0000000-0xf00fffff]
[    0.197800] pci 0000:01:05.0: supports D1 D2
[    0.197826] pci 0000:01:05.2: reg 10 64bit mmio: [0xf0110000-0xf0113fff]
[    0.197872] pci 0000:00:01.0: bridge io port: [0x9000-0x9fff]
[    0.197876] pci 0000:00:01.0: bridge 32bit mmio: [0xf0000000-0xf01fffff]
[    0.197881] pci 0000:00:01.0: bridge 64bit mmio pref: [0xd0000000-0xdfffffff]
[    0.200112] pci 0000:00:04.0: bridge io port: [0x00-0xfff]
[    0.200116] pci 0000:00:04.0: bridge 32bit mmio: [0x000000-0x0fffff]
[    0.200176] pci 0000:00:05.0: bridge io port: [0x00-0xfff]
[    0.200179] pci 0000:00:05.0: bridge 32bit mmio: [0x000000-0x0fffff]
[    0.200222] pci 0000:0f:00.0: reg 10 io port: [0xa000-0xa0ff]
[    0.200230] pci 0000:0f:00.0: reg 14 32bit mmio: [0xf0200000-0xf0203fff]
[    0.200283] pci 0000:0f:00.0: supports D1 D2
[    0.200286] pci 0000:0f:00.0: PME# supported from D0 D1 D2 D3hot
[    0.200291] pci 0000:0f:00.0: PME# disabled
[    0.200358] pci 0000:00:06.0: bridge io port: [0xa000-0xafff]
[    0.200362] pci 0000:00:06.0: bridge 32bit mmio: [0xf0200000-0xf02fffff]
[    0.200407] pci 0000:15:00.0: reg 10 32bit mmio: [0xf0300000-0xf03000ff]
[    0.200522] pci 0000:15:00.2: reg 10 32bit mmio: [0xf0300400-0xf03004ff]
[    0.200634] pci 0000:15:00.3: reg 10 32bit mmio: [0xf0300800-0xf03008ff]
[    0.200748] pci 0000:15:00.5: reg 10 32bit mmio: [0xf0304000-0xf0307fff]
[    0.200763] pci 0000:15:00.5: reg 18 io port: [0xb400-0xb47f]
[    0.200772] pci 0000:15:00.5: reg 1c io port: [0xb000-0xb0ff]
[    0.200823] pci 0000:15:00.5: PME# supported from D0 D3hot D3cold
[    0.200828] pci 0000:15:00.5: PME# disabled
[    0.200898] pci 0000:00:07.0: bridge io port: [0xb000-0xbfff]
[    0.200902] pci 0000:00:07.0: bridge 32bit mmio: [0xf0300000-0xf03fffff]
[    0.200972] pci 0000:00:14.4: transparent bridge
[    0.201003] ACPI: PCI Interrupt Routing Table [\_SB_.PCI0._PRT]
[    0.201171] ACPI: PCI Interrupt Routing Table [\_SB_.PCI0.PB2_._PRT]
[    0.201277] ACPI: PCI Interrupt Routing Table [\_SB_.PCI0.PB6_._PRT]
[    0.201376] ACPI: PCI Interrupt Routing Table [\_SB_.PCI0.PB5_._PRT]
[    0.201475] ACPI: PCI Interrupt Routing Table [\_SB_.PCI0.PB4_._PRT]
[    0.201582] ACPI: PCI Interrupt Routing Table [\_SB_.PCI0.PB7_._PRT]
[    0.201727] ACPI: PCI Interrupt Routing Table [\_SB_.PCI0.BB4_._PRT]
[    0.201833] ACPI: PCI Interrupt Routing Table [\_SB_.PCI0.BB5_._PRT]
[    0.201982] ACPI: PCI Interrupt Routing Table [\_SB_.PCI0.P2P_._PRT]
[    0.202204] ACPI: PCI Interrupt Routing Table [\_SB_.PCI0.AGP_._PRT]
[    0.214741] ACPI: PCI Interrupt Link [LNKA] (IRQs 10 11) *0, disabled.
[    0.214918] ACPI: PCI Interrupt Link [LNKB] (IRQs 10 11) *0, disabled.
[    0.215093] ACPI: PCI Interrupt Link [LNKC] (IRQs 10 11) *0, disabled.
[    0.215267] ACPI: PCI Interrupt Link [LNKD] (IRQs 10 11) *0, disabled.
[    0.215441] ACPI: PCI Interrupt Link [LNKE] (IRQs 10 11) *0, disabled.
[    0.215615] ACPI: PCI Interrupt Link [LNKF] (IRQs 10 11) *0, disabled.
[    0.215789] ACPI: PCI Interrupt Link [LNKG] (IRQs 10 11) *0, disabled.
[    0.215963] ACPI: PCI Interrupt Link [LNKH] (IRQs 10 11) *0, disabled.
[    0.216135] vgaarb: device added: PCI:0000:01:05.0,decodes=io+mem,owns=io+mem,locks=none
[    0.216141] vgaarb: loaded
[    0.216294] SCSI subsystem initialized
[    0.216389] libata version 3.00 loaded.
[    0.216478] usbcore: registered new interface driver usbfs
[    0.216495] usbcore: registered new interface driver hub
[    0.216526] usbcore: registered new device driver usb
[    0.216705] ACPI: WMI: Mapper loaded
[    0.216708] PCI: Using ACPI for IRQ routing
[    0.216716] pci 0000:00:04.0: BAR 13: can't allocate resource
[    0.216719] pci 0000:00:04.0: BAR 14: can't allocate resource
[    0.216722] pci 0000:00:05.0: BAR 13: can't allocate resource
[    0.216724] pci 0000:00:05.0: BAR 14: can't allocate resource
[    0.216944] NetLabel: Initializing
[    0.216947] NetLabel:  domain hash size = 128
[    0.216949] NetLabel:  protocols = UNLABELED CIPSOv4
[    0.216966] NetLabel:  unlabeled traffic allowed by default
[    0.217016] hpet0: at MMIO 0xfed00000, IRQs 2, 8, 0, 0
[    0.217022] hpet0: 4 comparators, 32-bit 14.318180 MHz counter
[    0.219042] Switching to clocksource tsc
[    0.219996] AppArmor: AppArmor Filesystem Enabled
[    0.219996] pnp: PnP ACPI init
[    0.219996] ACPI: bus type pnp registered
[    0.219996] pnp: PnP ACPI: found 11 devices
[    0.219996] ACPI: ACPI bus type pnp unregistered
[    0.219996] system 00:01: iomem range 0xfec00000-0xfec00fff could not be reserved
[    0.219996] system 00:01: iomem range 0xfee00000-0xfee00fff has been reserved
[    0.219996] system 00:08: ioport range 0x1080-0x1080 has been reserved
[    0.219996] system 00:08: ioport range 0x220-0x22f has been reserved
[    0.219996] system 00:08: ioport range 0x40b-0x40b has been reserved
[    0.219996] system 00:08: ioport range 0x4d0-0x4d1 has been reserved
[    0.219996] system 00:08: ioport range 0x4d6-0x4d6 has been reserved
[    0.219996] system 00:08: ioport range 0x530-0x537 has been reserved
[    0.219996] system 00:08: ioport range 0xc00-0xc01 has been reserved
[    0.219996] system 00:08: ioport range 0xc14-0xc14 has been reserved
[    0.219996] system 00:08: ioport range 0xc50-0xc52 has been reserved
[    0.219996] system 00:08: ioport range 0xc6c-0xc6c has been reserved
[    0.219996] system 00:08: ioport range 0xc6f-0xc6f has been reserved
[    0.219996] system 00:08: ioport range 0xcd0-0xcd1 has been reserved
[    0.219996] system 00:08: ioport range 0xcd2-0xcd3 has been reserved
[    0.219996] system 00:08: ioport range 0xcd4-0xcd5 has been reserved
[    0.219996] system 00:08: ioport range 0xcd6-0xcd7 has been reserved
[    0.219996] system 00:08: ioport range 0xcd8-0xcdf has been reserved
[    0.219996] system 00:08: ioport range 0x8000-0x805f has been reserved
[    0.219996] system 00:08: ioport range 0xf40-0xf47 has been reserved
[    0.219996] system 00:08: ioport range 0x87f-0x87f has been reserved
[    0.219996] system 00:09: iomem range 0xe0000-0xfffff could not be reserved
[    0.219996] system 00:09: iomem range 0xfff00000-0xffffffff has been reserved
[    0.222378] pci 0000:00:01.0: PCI bridge, secondary bus 0000:01
[    0.222382] pci 0000:00:01.0:   IO window: 0x9000-0x9fff
[    0.222386] pci 0000:00:01.0:   MEM window: 0xf0000000-0xf01fffff
[    0.222391] pci 0000:00:01.0:   PREFETCH window: 0x000000d0000000-0x000000dfffffff
[    0.222396] pci 0000:00:02.0: PCI bridge, secondary bus 0000:02
[    0.222398] pci 0000:00:02.0:   IO window: disabled
[    0.222402] pci 0000:00:02.0:   MEM window: disabled
[    0.222405] pci 0000:00:02.0:   PREFETCH window: disabled
[    0.222410] pci 0000:00:04.0: PCI bridge, secondary bus 0000:03
[    0.222412] pci 0000:00:04.0:   IO window: disabled
[    0.222415] pci 0000:00:04.0:   MEM window: disabled
[    0.222418] pci 0000:00:04.0:   PREFETCH window: disabled
[    0.222423] pci 0000:00:05.0: PCI bridge, secondary bus 0000:09
[    0.222425] pci 0000:00:05.0:   IO window: disabled
[    0.222428] pci 0000:00:05.0:   MEM window: disabled
[    0.222431] pci 0000:00:05.0:   PREFETCH window: disabled
[    0.222436] pci 0000:00:06.0: PCI bridge, secondary bus 0000:0f
[    0.222439] pci 0000:00:06.0:   IO window: 0xa000-0xafff
[    0.222443] pci 0000:00:06.0:   MEM window: 0xf0200000-0xf02fffff
[    0.222446] pci 0000:00:06.0:   PREFETCH window: disabled
[    0.222452] pci 0000:00:07.0: PCI bridge, secondary bus 0000:15
[    0.222455] pci 0000:00:07.0:   IO window: 0xb000-0xbfff
[    0.222459] pci 0000:00:07.0:   MEM window: 0xf0300000-0xf03fffff
[    0.222462] pci 0000:00:07.0:   PREFETCH window: disabled
[    0.222467] pci 0000:00:14.4: PCI bridge, secondary bus 0000:1b
[    0.222469] pci 0000:00:14.4:   IO window: disabled
[    0.222478] pci 0000:00:14.4:   MEM window: disabled
[    0.222483] pci 0000:00:14.4:   PREFETCH window: disabled
[    0.222500] pci 0000:00:02.0: setting latency timer to 64
[    0.222507] pci 0000:00:04.0: setting latency timer to 64
[    0.222514] pci 0000:00:05.0: setting latency timer to 64
[    0.222520] pci 0000:00:06.0: setting latency timer to 64
[    0.222527] pci 0000:00:07.0: setting latency timer to 64
[    0.222541] pci_bus 0000:00: resource 0 io:  [0x00-0xffff]
[    0.222545] pci_bus 0000:00: resource 1 mem: [0x000000-0xffffffffffffffff]
[    0.222549] pci_bus 0000:01: resource 0 io:  [0x9000-0x9fff]
[    0.222552] pci_bus 0000:01: resource 1 mem: [0xf0000000-0xf01fffff]
[    0.222555] pci_bus 0000:01: resource 2 pref mem [0xd0000000-0xdfffffff]
[    0.222559] pci_bus 0000:03: resource 0 mem: [0x0-0xfff]
[    0.222562] pci_bus 0000:03: resource 1 mem: [0x0-0xfffff]
[    0.222566] pci_bus 0000:09: resource 0 mem: [0x0-0xfff]
[    0.222569] pci_bus 0000:09: resource 1 mem: [0x0-0xfffff]
[    0.222572] pci_bus 0000:0f: resource 0 io:  [0xa000-0xafff]
[    0.222576] pci_bus 0000:0f: resource 1 mem: [0xf0200000-0xf02fffff]
[    0.222579] pci_bus 0000:15: resource 0 io:  [0xb000-0xbfff]
[    0.222583] pci_bus 0000:15: resource 1 mem: [0xf0300000-0xf03fffff]
[    0.222586] pci_bus 0000:1b: resource 3 io:  [0x00-0xffff]
[    0.222590] pci_bus 0000:1b: resource 4 mem: [0x000000-0xffffffffffffffff]
[    0.222641] NET: Registered protocol family 2
[    0.222811] IP route cache hash table entries: 65536 (order: 7, 524288 bytes)
[    0.223983] TCP established hash table entries: 262144 (order: 10, 4194304 bytes)
[    0.226551] TCP bind hash table entries: 65536 (order: 8, 1048576 bytes)
[    0.227231] TCP: Hash tables configured (established 262144 bind 65536)
[    0.227235] TCP reno registered
[    0.227359] NET: Registered protocol family 1
[    0.227490] pci 0000:01:05.0: Boot video device
[    0.227995] Scanning for low memory corruption every 60 seconds
[    0.228157] audit: initializing netlink socket (disabled)
[    0.228173] type=2000 audit(1273005836.220:1): initialized
[    0.239916] Trying to unpack rootfs image as initramfs...
[    0.261064] HugeTLB registered 2 MB page size, pre-allocated 0 pages
[    0.262891] VFS: Disk quotas dquot_6.5.2
[    0.262967] Dquot-cache hash table entries: 512 (order 0, 4096 bytes)
[    0.263820] fuse init (API version 7.13)
[    0.263929] msgmni has been set to 3480
[    0.264209] alg: No test for stdrng (krng)
[    0.264283] Block layer SCSI generic (bsg) driver version 0.4 loaded (major 253)
[    0.264286] io scheduler noop registered
[    0.264289] io scheduler anticipatory registered
[    0.264291] io scheduler deadline registered
[    0.264335] io scheduler cfq registered (default)
[    0.271081]   alloc irq_desc for 24 on node 0
[    0.271086]   alloc kstat_irqs on node 0
[    0.271099] pcieport 0000:00:02.0: irq 24 for MSI/MSI-X
[    0.271106] pcieport 0000:00:02.0: setting latency timer to 64
[    0.271296]   alloc irq_desc for 25 on node 0
[    0.271299]   alloc kstat_irqs on node 0
[    0.271305] pcieport 0000:00:04.0: irq 25 for MSI/MSI-X
[    0.271311] pcieport 0000:00:04.0: setting latency timer to 64
[    0.271429]   alloc irq_desc for 26 on node 0
[    0.271431]   alloc kstat_irqs on node 0
[    0.271437] pcieport 0000:00:05.0: irq 26 for MSI/MSI-X
[    0.271443] pcieport 0000:00:05.0: setting latency timer to 64
[    0.271568]   alloc irq_desc for 27 on node 0
[    0.271571]   alloc kstat_irqs on node 0
[    0.271577] pcieport 0000:00:06.0: irq 27 for MSI/MSI-X
[    0.271582] pcieport 0000:00:06.0: setting latency timer to 64
[    0.271698]   alloc irq_desc for 28 on node 0
[    0.271701]   alloc kstat_irqs on node 0
[    0.271707] pcieport 0000:00:07.0: irq 28 for MSI/MSI-X
[    0.271713] pcieport 0000:00:07.0: setting latency timer to 64
[    0.271802] pci_hotplug: PCI Hot Plug PCI Core version: 0.5
[    0.271833] pciehp: PCI Express Hot Plug Controller Driver version: 0.4
[    0.321638] ACPI: AC Adapter [AC] (on-line)
[    0.321755] input: Sleep Button as /devices/LNXSYSTM:00/LNXSYBUS:00/PNP0C0E:00/input/input0
[    0.321767] ACPI: Sleep Button [SLPB]
[    0.321826] input: Lid Switch as /devices/LNXSYSTM:00/LNXSYBUS:00/PNP0C0D:00/input/input1
[    0.322514] ACPI: Lid Switch [LID]
[    0.322572] input: Power Button as /devices/LNXSYSTM:00/LNXSYBUS:00/PNP0C0C:00/input/input2
[    0.322576] ACPI: Power Button [PWRB]
[    0.322647] input: Power Button as /devices/LNXSYSTM:00/LNXPWRBN:00/input/input3
[    0.322650] ACPI: Power Button [PWRF]
[    0.323008] Marking TSC unstable due to TSC halts in idle
[    0.323069] processor LNXCPU:00: registered as cooling_device0
[    0.333399] Switching to clocksource hpet
[    0.669498] Freeing initrd memory: 13713k freed
[    1.333518] thermal LNXTHERM:01: registered as thermal_zone0
[    1.333531] ACPI: Thermal Zone [THRM] (53 C)
[    1.335563] Linux agpgart interface v0.103
[    1.335612] Serial: 8250/16550 driver, 4 ports, IRQ sharing enabled
[    1.337141] brd: module loaded
[    1.337734] loop: module loaded
[    1.337857] input: Macintosh mouse button emulation as /devices/virtual/input/input4
[    1.338220]   alloc irq_desc for 16 on node 0
[    1.338223]   alloc kstat_irqs on node 0
[    1.338233] pata_acpi 0000:00:14.1: PCI INT A -> GSI 16 (level, low) -> IRQ 16
[    1.338288] pata_acpi 0000:00:14.1: setting latency timer to 64
[    1.338794] Fixed MDIO Bus: probed
[    1.338840] PPP generic driver version 2.4.2
[    1.338900] tun: Universal TUN/TAP device driver, 1.6
[    1.338902] tun: (C) 1999-2004 Max Krasnyansky <maxk@qualcomm.com>
[    1.339012] ehci_hcd: USB 2.0 'Enhanced' Host Controller (EHCI) Driver
[    1.339097] ACPI: Battery Slot [BAT0] (battery absent)
[    1.339151]   alloc irq_desc for 19 on node 0
[    1.339154]   alloc kstat_irqs on node 0
[    1.339161] ehci_hcd 0000:00:13.5: PCI INT D -> GSI 19 (level, low) -> IRQ 19
[    1.339184] ehci_hcd 0000:00:13.5: EHCI Host Controller
[    1.339238] ehci_hcd 0000:00:13.5: new USB bus registered, assigned bus number 1
[    1.339282] ehci_hcd 0000:00:13.5: applying AMD SB600/SB700 USB freeze workaround
[    1.339298] ehci_hcd 0000:00:13.5: debug port 1
[    1.339330] ehci_hcd 0000:00:13.5: irq 19, io mem 0xf0609400
[    1.350029] ehci_hcd 0000:00:13.5: USB 2.0 started, EHCI 1.00
[    1.350156] usb usb1: configuration #1 chosen from 1 choice
[    1.350192] hub 1-0:1.0: USB hub found
[    1.350203] hub 1-0:1.0: 10 ports detected
[    1.350304] ohci_hcd: USB 1.1 'Open' Host Controller (OHCI) Driver
[    1.350358] ohci_hcd 0000:00:13.0: PCI INT A -> GSI 16 (level, low) -> IRQ 16
[    1.350374] ohci_hcd 0000:00:13.0: OHCI Host Controller
[    1.350419] ohci_hcd 0000:00:13.0: new USB bus registered, assigned bus number 2
[    1.350449] ohci_hcd 0000:00:13.0: irq 16, io mem 0xf0404000
[    1.410130] usb usb2: configuration #1 chosen from 1 choice
[    1.410160] hub 2-0:1.0: USB hub found
[    1.410175] hub 2-0:1.0: 2 ports detected
[    1.410265]   alloc irq_desc for 17 on node 0
[    1.410267]   alloc kstat_irqs on node 0
[    1.410273] ohci_hcd 0000:00:13.1: PCI INT B -> GSI 17 (level, low) -> IRQ 17
[    1.410286] ohci_hcd 0000:00:13.1: OHCI Host Controller
[    1.410328] ohci_hcd 0000:00:13.1: new USB bus registered, assigned bus number 3
[    1.410356] ohci_hcd 0000:00:13.1: irq 17, io mem 0xf0405000
[    1.470125] usb usb3: configuration #1 chosen from 1 choice
[    1.470155] hub 3-0:1.0: USB hub found
[    1.470169] hub 3-0:1.0: 2 ports detected
[    1.470258]   alloc irq_desc for 18 on node 0
[    1.470260]   alloc kstat_irqs on node 0
[    1.470266] ohci_hcd 0000:00:13.2: PCI INT C -> GSI 18 (level, low) -> IRQ 18
[    1.470279] ohci_hcd 0000:00:13.2: OHCI Host Controller
[    1.470322] ohci_hcd 0000:00:13.2: new USB bus registered, assigned bus number 4
[    1.470356] ohci_hcd 0000:00:13.2: irq 18, io mem 0xf0406000
[    1.530130] usb usb4: configuration #1 chosen from 1 choice
[    1.530159] hub 4-0:1.0: USB hub found
[    1.530173] hub 4-0:1.0: 2 ports detected
[    1.530257] ohci_hcd 0000:00:13.3: PCI INT B -> GSI 17 (level, low) -> IRQ 17
[    1.530271] ohci_hcd 0000:00:13.3: OHCI Host Controller
[    1.530323] ohci_hcd 0000:00:13.3: new USB bus registered, assigned bus number 5
[    1.530344] ohci_hcd 0000:00:13.3: irq 17, io mem 0xf0407000
[    1.590129] usb usb5: configuration #1 chosen from 1 choice
[    1.590163] hub 5-0:1.0: USB hub found
[    1.590177] hub 5-0:1.0: 2 ports detected
[    1.590264] ohci_hcd 0000:00:13.4: PCI INT C -> GSI 18 (level, low) -> IRQ 18
[    1.590280] ohci_hcd 0000:00:13.4: OHCI Host Controller
[    1.590330] ohci_hcd 0000:00:13.4: new USB bus registered, assigned bus number 6
[    1.590351] ohci_hcd 0000:00:13.4: irq 18, io mem 0xf0408000
[    1.650134] usb usb6: configuration #1 chosen from 1 choice
[    1.650167] hub 6-0:1.0: USB hub found
[    1.650181] hub 6-0:1.0: 2 ports detected
[    1.650247] uhci_hcd: USB Universal Host Controller Interface driver
[    1.650351] PNP: PS/2 Controller [PNP0303:KBC0,PNP0f13:MSE0] at 0x60,0x64 irq 1,12
[    1.654442] i8042.c: Detected active multiplexing controller, rev 1.1.
[    1.657058] serio: i8042 KBD port at 0x60,0x64 irq 1
[    1.657065] serio: i8042 AUX0 port at 0x60,0x64 irq 12
[    1.657098] serio: i8042 AUX1 port at 0x60,0x64 irq 12
[    1.657126] serio: i8042 AUX2 port at 0x60,0x64 irq 12
[    1.657157] serio: i8042 AUX3 port at 0x60,0x64 irq 12
[    1.657304] mice: PS/2 mouse device common for all mice
[    1.657563] rtc_cmos 00:04: rtc core: registered rtc_cmos as rtc0
[    1.657594] rtc0: alarms up to one month, 114 bytes nvram, hpet irqs
[    1.657761] device-mapper: uevent: version 1.0.3
[    1.657898] device-mapper: ioctl: 4.15.0-ioctl (2009-04-01) initialised: dm-devel@redhat.com
[    1.657965] device-mapper: multipath: version 1.1.0 loaded
[    1.657969] device-mapper: multipath round-robin: version 1.0.0 loaded
[    1.658177] cpuidle: using governor ladder
[    1.658242] cpuidle: using governor menu
[    1.658718] TCP cubic registered
[    1.658870] NET: Registered protocol family 10
[    1.659447] lo: Disabled Privacy Extensions
[    1.659853] NET: Registered protocol family 17
[    1.659894] powernow-k8: Found 1 AMD Athlon(tm) Processor TF-20 processors (1 cpu cores) (version 2.20.00)
[    1.659940] powernow-k8:    0 : fid 0x8 (1600 MHz), vid 0x16
[    1.659943] powernow-k8:    1 : fid 0x0 (800 MHz), vid 0x16
[    1.660134] PM: Resume from disk failed.
[    1.660150] registered taskstats version 1
[    1.660646]   Magic number: 10:100:750
[    1.660673] tty ttyS1: hash matches
[    1.660757] rtc_cmos 00:04: setting system clock to 2010-05-04 20:43:59 UTC (1273005839)
[    1.660761] BIOS EDD facility v0.16 2004-Jun-25, 0 devices found
[    1.660763] EDD information not available.
[    1.660843] Freeing unused kernel memory: 876k freed
[    1.661406] Write protecting the kernel read-only data: 7680k
[    1.689967] udev: starting version 151
[    1.692967] input: AT Translated Set 2 keyboard as /devices/platform/i8042/serio0/input/input5
[    1.730059] usb 1-10: new high speed USB device using ehci_hcd and address 3
[    2.022475] scsi0 : pata_atiixp
[    2.022901] scsi1 : pata_atiixp
[    2.024178] ata1: PATA max UDMA/100 cmd 0x1f0 ctl 0x3f6 bmdma 0x8420 irq 14
[    2.024201] ata2: PATA max UDMA/100 cmd 0x170 ctl 0x376 bmdma 0x8428 irq 15
[    2.024694] ahci 0000:00:12.0: version 3.0
[    2.024712]   alloc irq_desc for 22 on node 0
[    2.024715]   alloc kstat_irqs on node 0
[    2.024724] ahci 0000:00:12.0: PCI INT A -> GSI 22 (level, low) -> IRQ 22
[    2.024766] ahci 0000:00:12.0: controller can't do 64bit DMA, forcing 32bit
[    2.024888] ahci 0000:00:12.0: AHCI 0001.0100 32 slots 4 ports 3 Gbps 0xf impl SATA mode
[    2.024912] ahci 0000:00:12.0: flags: ncq sntf ilck led clo pmp pio ccc 
[    2.025235] acpi device:28: registered as cooling_device1
[    2.025375] input: Video Bus as /devices/LNXSYSTM:00/LNXSYBUS:00/PNP0A08:00/device:25/LNXVIDEO:00/input/input6
[    2.025444] ACPI: Video Device [VGA] (multi-head: yes  rom: no  post: no)
[    2.026467] scsi2 : ahci
[    2.026947] scsi3 : ahci
[    2.027086] scsi4 : ahci
[    2.027221] scsi5 : ahci
[    2.027388] ata3: SATA max UDMA/133 abar m1024@0xf0609000 port 0xf0609100 irq 22
[    2.027393] ata4: SATA max UDMA/133 abar m1024@0xf0609000 port 0xf0609180 irq 22
[    2.027398] ata5: SATA max UDMA/133 abar m1024@0xf0609000 port 0xf0609200 irq 22
[    2.027402] ata6: SATA max UDMA/133 abar m1024@0xf0609000 port 0xf0609280 irq 22
[    2.028442] [drm] Initialized drm 1.1.0 20060810
[    2.063075] usb 1-10: configuration #1 chosen from 1 choice
[    2.370060] ata4: SATA link down (SStatus 0 SControl 300)
[    2.370139] ata6: SATA link down (SStatus 0 SControl 300)
[    2.410038] usb 2-1: new low speed USB device using ohci_hcd and address 2
[    2.550036] ata5: softreset failed (device not ready)
[    2.550040] ata5: applying SB600 PMP SRST workaround and retrying
[    2.550057] ata3: softreset failed (device not ready)
[    2.550061] ata3: applying SB600 PMP SRST workaround and retrying
[    2.601596] usb 2-1: configuration #1 chosen from 1 choice
[    2.730047] ata3: SATA link up 3.0 Gbps (SStatus 123 SControl 300)
[    2.730080] ata5: SATA link up 1.5 Gbps (SStatus 113 SControl 300)
[    2.732744] ata5.00: ATAPI: MATSHITADVD-RAM UJ890AS, 1.00, max UDMA/100, ATAPI AN
[    2.732770] ata5.00: SB600 AHCI: limiting to 255 sectors per cmd
[    2.735736] ata5.00: SB600 AHCI: limiting to 255 sectors per cmd
[    2.735739] ata5.00: configured for UDMA/100
[    2.784494] ata3.00: ATA-8: WDC WD2500BEVT-00ZCT0, 11.01A11, max UDMA/133
[    2.784498] ata3.00: 488397168 sectors, multi 16: LBA48 NCQ (depth 31/32), AA
[    2.784524] ata3.00: SB600 AHCI: limiting to 255 sectors per cmd
[    2.786471] ata3.00: SB600 AHCI: limiting to 255 sectors per cmd
[    2.786474] ata3.00: configured for UDMA/133
[    2.786606] scsi 2:0:0:0: Direct-Access     ATA      WDC WD2500BEVT-0 11.0 PQ: 0 ANSI: 5
[    2.786811] sd 2:0:0:0: Attached scsi generic sg0 type 0
[    2.787163] sd 2:0:0:0: [sda] 488397168 512-byte logical blocks: (250 GB/232 GiB)
[    2.787222] sd 2:0:0:0: [sda] Write Protect is off
[    2.787226] sd 2:0:0:0: [sda] Mode Sense: 00 3a 00 00
[    2.787255] sd 2:0:0:0: [sda] Write cache: enabled, read cache: enabled, doesn't support DPO or FUA
[    2.787422]  sda:
[    2.789723] scsi 4:0:0:0: CD-ROM            MATSHITA DVD-RAM UJ890AS  1.00 PQ: 0 ANSI: 5
[    2.791428]  sda1 sda2
[    2.792010] sd 2:0:0:0: [sda] Attached SCSI disk
[    2.795609] sr0: scsi3-mmc drive: 24x/24x writer dvd-ram cd/rw xa/form2 cdda tray
[    2.795613] Uniform CD-ROM driver Revision: 3.20
[    2.795736] sr 4:0:0:0: Attached scsi CD-ROM sr0
[    2.795823] sr 4:0:0:0: Attached scsi generic sg1 type 5
[    2.837887] usbcore: registered new interface driver hiddev
[    2.842505] input: Logitech Optical USB Mouse as /devices/pci0000:00/0000:00:13.0/usb2/2-1/2-1:1.0/input/input7
[    2.842652] generic-usb 0003:046D:C016.0001: input,hidraw0: USB HID v1.10 Mouse [Logitech Optical USB Mouse] on usb-0000:00:13.0-1/input0
[    2.842701] usbcore: registered new interface driver usbhid
[    2.842705] usbhid: v2.6:USB HID core driver
[    2.870726] [drm] radeon defaulting to kernel modesetting.
[    2.870732] [drm] radeon kernel modesetting enabled.
[    2.873112] radeon 0000:01:05.0: PCI INT A -> GSI 18 (level, low) -> IRQ 18
[    2.876842] [drm] radeon: Initializing kernel modesetting.
[    2.876937] [drm] register mmio base: 0xF0100000
[    2.876940] [drm] register mmio size: 65536
[    2.877050] ATOM BIOS: ATI
[    2.877267] [drm] GPU reset succeed (RBBM_STATUS=0x10000140)
[    2.877290] [drm] radeon: VRAM 256M
[    2.877292] [drm] radeon: VRAM from 0x70000000 to 0x7FFFFFFF
[    2.877295] [drm] radeon: GTT 512M
[    2.877297] [drm] radeon: GTT from 0x80000000 to 0x9FFFFFFF
[    2.877332]   alloc irq_desc for 29 on node 0
[    2.877334]   alloc kstat_irqs on node 0
[    2.877346] radeon 0000:01:05.0: irq 29 for MSI/MSI-X
[    2.877350] [drm] radeon: using MSI.
[    2.877377] [drm] radeon: irq initialized.
[    2.877520] [drm] Detected VRAM RAM=256M, BAR=256M
[    2.877526] [drm] RAM width 128bits DDR
[    2.877639] [TTM] Zone  kernel: Available graphics memory: 898306 kiB.
[    2.877662] [drm] radeon: 256M of VRAM memory ready
[    2.877664] [drm] radeon: 512M of GTT memory ready.
[    2.877694] [drm] GART: num cpu pages 131072, num gpu pages 131072
[    2.881803] [drm] radeon: 1 quad pipes, 1 z pipes initialized.
[    2.881916] [drm] radeon: cp idle (0x10000C03)
[    2.881968] [drm] Loading RS690/RS740 Microcode
[    2.882381] platform radeon_cp.0: firmware: requesting radeon/RS690_cp.bin
[    2.886755] [drm] radeon: ring at 0x0000000080000000
[    2.886778] [drm] ring test succeeded in 1 usecs
[    2.886979] [drm] radeon: ib pool ready.
[    2.887065] [drm] ib test succeeded in 0 usecs
[    2.887297] [drm] Radeon Display Connectors
[    2.887300] [drm] Connector 0:
[    2.887301] [drm]   VGA
[    2.887305] [drm]   DDC: 0x7e50 0x7e40 0x7e54 0x7e44 0x7e58 0x7e48 0x7e5c 0x7e4c
[    2.887307] [drm]   Encoders:
[    2.887309] [drm]     CRT1: INTERNAL_KLDSCP_DAC1
[    2.887312] [drm] Connector 1:
[    2.887313] [drm]   LVDS
[    2.887316] [drm]   DDC: 0x7e40 0x7e50 0x7e44 0x7e54 0x7e48 0x7e58 0x7e4c 0x7e5c
[    2.887319] [drm]   Encoders:
[    2.887321] [drm]     LCD1: INTERNAL_LVTM1
[    2.887323] [drm] Connector 2:
[    2.887324] [drm]   HDMI-A
[    2.887326] [drm]   HPD2
[    2.887329] [drm]   DDC: 0x7e40 0x7e60 0x7e44 0x7e64 0x7e48 0x7e68 0x7e4c 0x7e6c
[    2.887331] [drm]   Encoders:
[    2.887333] [drm]     DFP2: INTERNAL_DDI
[    3.404100] [drm] fb mappable at 0xD0040000
[    3.404104] [drm] vram apper at 0xD0000000
[    3.404106] [drm] size 5299200
[    3.404108] [drm] fb depth is 24
[    3.404110] [drm]    pitch is 5888
[    3.404293] fb0: radeondrmfb frame buffer device
[    3.404295] registered panic notifier
[    3.404302] [drm] Initialized radeon 2.0.0 20080528 for 0000:01:05.0 on minor 0
[    3.406751] vga16fb: initializing
[    3.406759] vga16fb: mapped to 0xffff8800000a0000
[    3.406766] vga16fb: not registering due to another framebuffer present
[    3.463104] Console: switching to colour frame buffer device 180x56
[    4.191086] kjournald starting.  Commit interval 5 seconds
[    4.191104] EXT3-fs: mounted filesystem with ordered data mode.
[   17.254428] udev: starting version 151
[   17.327549] EXT3 FS on sda1, internal journal
[   17.509645] lp: driver loaded but no devices found
[   17.538852] jme: JMicron JMC2XX ethernet driver version 1.0.5
[   17.538952] sdhci: Secure Digital Host Controller Interface driver
[   17.538955] sdhci: Copyright(c) Pierre Ossman
[   17.575662] jme 0000:15:00.5: PCI INT A -> GSI 19 (level, low) -> IRQ 19
