[    0.000000] Initializing cgroup subsys cpuset
[    0.000000] Initializing cgroup subsys cpu
[    0.000000] Linux version 3.0.0-12-generic (buildd@crested) (gcc version 4.6.1 (Ubuntu/Linaro 4.6.1-9ubuntu3) ) #19-Ubuntu SMP Fri Sep 23 21:23:39 UTC 2011 (Ubuntu 3.0.0-12.19-generic 3.0.4)
[    0.000000] Command line: BOOT_IMAGE=/vmlinuz-3.0.0-12-generic root=UUID=08ed6ce0-0907-4d06-b1e1-b9c3ec647fe2 ro crashkernel=384M-2G:64M,2G-:128M quiet splash vt.handoff=7
[    0.000000] KERNEL supported cpus:
[    0.000000]   Intel GenuineIntel
[    0.000000]   AMD AuthenticAMD
[    0.000000]   Centaur CentaurHauls
[    0.000000] BIOS-provided physical RAM map:
[    0.000000]  BIOS-e820: 0000000000000000 - 000000000009f800 (usable)
[    0.000000]  BIOS-e820: 000000000009f800 - 00000000000a0000 (reserved)
[    0.000000]  BIOS-e820: 00000000000d2000 - 00000000000d4000 (reserved)
[    0.000000]  BIOS-e820: 00000000000dc000 - 0000000000100000 (reserved)
[    0.000000]  BIOS-e820: 0000000000100000 - 00000000bf6d0000 (usable)
[    0.000000]  BIOS-e820: 00000000bf6d0000 - 00000000bf6e3000 (ACPI NVS)
[    0.000000]  BIOS-e820: 00000000bf6e3000 - 00000000c0000000 (reserved)
[    0.000000]  BIOS-e820: 00000000e0000000 - 00000000f0000000 (reserved)
[    0.000000]  BIOS-e820: 00000000fec00000 - 00000000fec10000 (reserved)
[    0.000000]  BIOS-e820: 00000000fed00000 - 00000000fed00400 (reserved)
[    0.000000]  BIOS-e820: 00000000fed14000 - 00000000fed1a000 (reserved)
[    0.000000]  BIOS-e820: 00000000fed1c000 - 00000000fed90000 (reserved)
[    0.000000]  BIOS-e820: 00000000fee00000 - 00000000fee01000 (reserved)
[    0.000000]  BIOS-e820: 00000000ff000000 - 0000000100000000 (reserved)
[    0.000000] NX (Execute Disable) protection: active
[    0.000000] DMI present.
[    0.000000] DMI: LENOVO 0769BMG/IEL10, BIOS 68ET27WW 11/14/2007
[    0.000000] e820 update range: 0000000000000000 - 0000000000010000 (usable) ==> (reserved)
[    0.000000] e820 remove range: 00000000000a0000 - 0000000000100000 (usable)
[    0.000000] No AGP bridge found
[    0.000000] last_pfn = 0xbf6d0 max_arch_pfn = 0x400000000
[    0.000000] MTRR default type: uncachable
[    0.000000] MTRR fixed ranges enabled:
[    0.000000]   00000-9FFFF write-back
[    0.000000]   A0000-BFFFF uncachable
[    0.000000]   C0000-FFFFF write-protect
[    0.000000] MTRR variable ranges enabled:
[    0.000000]   0 base 000000000 mask F80000000 write-back
[    0.000000]   1 base 080000000 mask FC0000000 write-back
[    0.000000]   2 base 0BF700000 mask FFFF00000 uncachable
[    0.000000]   3 base 0BF800000 mask FFF800000 uncachable
[    0.000000]   4 disabled
[    0.000000]   5 disabled
[    0.000000]   6 disabled
[    0.000000]   7 disabled
[    0.000000] x86 PAT enabled: cpu 0, old 0x7040600070406, new 0x7010600070106
[    0.000000] original variable MTRRs
[    0.000000] reg 0, base: 0GB, range: 2GB, type WB
[    0.000000] reg 1, base: 2GB, range: 1GB, type WB
[    0.000000] reg 2, base: 3063MB, range: 1MB, type UC
[    0.000000] reg 3, base: 3064MB, range: 8MB, type UC
[    0.000000] total RAM covered: 3063M
[    0.000000] Found optimal setting for mtrr clean up
[    0.000000]  gran_size: 64K 	chunk_size: 16M 	num_reg: 4  	lose cover RAM: 0G
[    0.000000] New variable MTRRs
[    0.000000] reg 0, base: 0GB, range: 2GB, type WB
[    0.000000] reg 1, base: 2GB, range: 1GB, type WB
[    0.000000] reg 2, base: 3063MB, range: 1MB, type UC
[    0.000000] reg 3, base: 3064MB, range: 8MB, type UC
[    0.000000] found SMP MP-table at [ffff8800000f72c0] f72c0
[    0.000000] initial memory mapped : 0 - 20000000
[    0.000000] Base memory trampoline at [ffff88000009a000] 9a000 size 20480
[    0.000000] init_memory_mapping: 0000000000000000-00000000bf6d0000
[    0.000000]  0000000000 - 00bf600000 page 2M
[    0.000000]  00bf600000 - 00bf6d0000 page 4k
[    0.000000] kernel direct mapping tables up to bf6d0000 @ bf6cb000-bf6d0000
[    0.000000] RAMDISK: 359ec000 - 36cee000
[    0.000000] Reserving 128MB of memory at 720MB for crashkernel (System RAM: 3062MB)
[    0.000000] ACPI: RSDP 00000000000f7240 00024 (v02 LENOVO)
[    0.000000] ACPI: XSDT 00000000bf6d87f0 00094 (v01 LENOVO TP-68    06040000  LTP 00000000)
[    0.000000] ACPI: FACP 00000000bf6dfbd2 000F4 (v03 TOSCPL CRESTLNE 06040000 ALAN 00000001)
[    0.000000] ACPI: DSDT 00000000bf6d9b6a 05FF4 (v02 TOSCPL CRESTLNE 06040000 INTL 20060608)
[    0.000000] ACPI: FACS 00000000bf6e2fc0 00040
[    0.000000] ACPI: APIC 00000000bf6dfcc6 00068 (v01 INTEL  CRESTLNE 06040000 LOHR 0000005A)
[    0.000000] ACPI: HPET 00000000bf6dfd2e 00038 (v01 INTEL  CRESTLNE 06040000 LOHR 0000005A)
[    0.000000] ACPI: MCFG 00000000bf6dfd66 0003C (v01 INTEL  CRESTLNE 06040000 LOHR 0000005A)
[    0.000000] ACPI: TCPA 00000000bf6dfda2 00032 (v01 Intel  CRESTLNE 06040000 LOHR 0000005A)
[    0.000000] ACPI: TMOR 00000000bf6dfdd4 00026 (v01 PTLTD           06040000 PTL  00000003)
[    0.000000] ACPI: SLIC 00000000bf6dfdfa 00176 (v01 LENOVO TP-68    06040000 TBD  00000001)
[    0.000000] ACPI: APIC 00000000bf6dff70 00068 (v01 PTLTD  ? APIC   06040000  LTP 00000000)
[    0.000000] ACPI: BOOT 00000000bf6dffd8 00028 (v01 PTLTD  $SBFTBL$ 06040000  LTP 00000001)
[    0.000000] ACPI: SSDT 00000000bf6d98bd 002AD (v01 SataRe SataAhci 00001000 INTL 20050624)
[    0.000000] ACPI: SSDT 00000000bf6d981a 000A3 (v01 BrtRef  DD01BRT 00001000 INTL 20050624)
[    0.000000] ACPI: SSDT 00000000bf6d8e10 0025F (v01  PmRef  Cpu0Tst 00003000 INTL 20050624)
[    0.000000] ACPI: SSDT 00000000bf6d8d6a 000A6 (v01  PmRef  Cpu1Tst 00003000 INTL 20050624)
[    0.000000] ACPI: SSDT 00000000bf6d8884 004E6 (v01  PmRef    CpuPm 00003000 INTL 20050624)
[    0.000000] ACPI: BIOS bug: multiple APIC/MADT found, using 0
[    0.000000] ACPI: If "acpi_apic_instance=2" works better, notify linux-acpi@vger.kernel.org
[    0.000000] ACPI: Local APIC address 0xfee00000
[    0.000000] No NUMA configuration found
[    0.000000] Faking a node at 0000000000000000-00000000bf6d0000
[    0.000000] Initmem setup node 0 0000000000000000-00000000bf6d0000
[    0.000000]   NODE_DATA [00000000bf6c6000 - 00000000bf6cafff]
[    0.000000]  [ffffea0000000000-ffffea00029fffff] PMD -> [ffff8800bbe00000-ffff8800be7fffff] on node 0
[    0.000000] Zone PFN ranges:
[    0.000000]   DMA      0x00000010 -> 0x00001000
[    0.000000]   DMA32    0x00001000 -> 0x00100000
[    0.000000]   Normal   empty
[    0.000000] Movable zone start PFN for each node
[    0.000000] early_node_map[2] active PFN ranges
[    0.000000]     0: 0x00000010 -> 0x0000009f
[    0.000000]     0: 0x00000100 -> 0x000bf6d0
[    0.000000] On node 0 totalpages: 783967
[    0.000000]   DMA zone: 56 pages used for memmap
[    0.000000]   DMA zone: 5 pages reserved
[    0.000000]   DMA zone: 3922 pages, LIFO batch:0
[    0.000000]   DMA32 zone: 10664 pages used for memmap
[    0.000000]   DMA32 zone: 769320 pages, LIFO batch:31
[    0.000000] ACPI: PM-Timer IO Port: 0x1008
[    0.000000] ACPI: Local APIC address 0xfee00000
[    0.000000] ACPI: LAPIC (acpi_id[0x00] lapic_id[0x00] enabled)
[    0.000000] ACPI: LAPIC (acpi_id[0x01] lapic_id[0x01] enabled)
[    0.000000] ACPI: LAPIC_NMI (acpi_id[0x00] high edge lint[0x1])
[    0.000000] ACPI: LAPIC_NMI (acpi_id[0x01] high edge lint[0x1])
[    0.000000] ACPI: IOAPIC (id[0x01] address[0xfec00000] gsi_base[0])
[    0.000000] IOAPIC[0]: apic_id 1, version 32, address 0xfec00000, GSI 0-23
[    0.000000] ACPI: INT_SRC_OVR (bus 0 bus_irq 0 global_irq 2 dfl dfl)
[    0.000000] ACPI: INT_SRC_OVR (bus 0 bus_irq 9 global_irq 9 high level)
[    0.000000] ACPI: IRQ0 used by override.
[    0.000000] ACPI: IRQ2 used by override.
[    0.000000] ACPI: IRQ9 used by override.
[    0.000000] Using ACPI (MADT) for SMP configuration information
[    0.000000] ACPI: HPET id: 0x8086a201 base: 0xfed00000
[    0.000000] SMP: Allowing 2 CPUs, 0 hotplug CPUs
[    0.000000] nr_irqs_gsi: 40
[    0.000000] PM: Registered nosave memory: 000000000009f000 - 00000000000a0000
[    0.000000] PM: Registered nosave memory: 00000000000a0000 - 00000000000d2000
[    0.000000] PM: Registered nosave memory: 00000000000d2000 - 00000000000d4000
[    0.000000] PM: Registered nosave memory: 00000000000d4000 - 00000000000dc000
[    0.000000] PM: Registered nosave memory: 00000000000dc000 - 0000000000100000
[    0.000000] Allocating PCI resources starting at c0000000 (gap: c0000000:20000000)
[    0.000000] Booting paravirtualized kernel on bare hardware
[    0.000000] setup_percpu: NR_CPUS:256 nr_cpumask_bits:256 nr_cpu_ids:2 nr_node_ids:1
[    0.000000] PERCPU: Embedded 27 pages/cpu @ffff8800bf400000 s79616 r8192 d22784 u1048576
[    0.000000] pcpu-alloc: s79616 r8192 d22784 u1048576 alloc=1*2097152
[    0.000000] pcpu-alloc: [0] 0 1 
[    0.000000] Built 1 zonelists in Node order, mobility grouping on.  Total pages: 773242
[    0.000000] Policy zone: DMA32
[    0.000000] Kernel command line: BOOT_IMAGE=/vmlinuz-3.0.0-12-generic root=UUID=08ed6ce0-0907-4d06-b1e1-b9c3ec647fe2 ro crashkernel=384M-2G:64M,2G-:128M quiet splash vt.handoff=7
[    0.000000] PID hash table entries: 4096 (order: 3, 32768 bytes)
[    0.000000] Checking aperture...
[    0.000000] No AGP bridge found
[    0.000000] Calgary: detecting Calgary via BIOS EBDA area
[    0.000000] Calgary: Unable to locate Rio Grande table in EBDA - bailing!
[    0.000000] Memory: 2928536k/3136320k available (6104k kernel code, 452k absent, 207332k reserved, 4880k data, 984k init)
[    0.000000] SLUB: Genslabs=15, HWalign=64, Order=0-3, MinObjects=0, CPUs=2, Nodes=1
[    0.000000] Hierarchical RCU implementation.
[    0.000000] 	RCU dyntick-idle grace-period acceleration is enabled.
[    0.000000] NR_IRQS:16640 nr_irqs:512 16
[    0.000000] Extended CMOS year: 2000
[    0.000000] vt handoff: transparent VT on vt#7
[    0.000000] Console: colour dummy device 80x25
[    0.000000] console [tty0] enabled
[    0.000000] allocated 25165824 bytes of page_cgroup
[    0.000000] please try 'cgroup_disable=memory' option if you don't want memory cgroups
[    0.000000] hpet clockevent registered
[    0.000000] Fast TSC calibration using PIT
[    0.000000] Detected 1496.217 MHz processor.
[    0.004006] Calibrating delay loop (skipped), value calculated using timer frequency.. 2992.43 BogoMIPS (lpj=5984868)
[    0.004013] pid_max: default: 32768 minimum: 301
[    0.004056] Security Framework initialized
[    0.004080] AppArmor: AppArmor initialized
[    0.004083] Yama: becoming mindful.
[    0.004759] Dentry cache hash table entries: 524288 (order: 10, 4194304 bytes)
[    0.010636] Inode-cache hash table entries: 262144 (order: 9, 2097152 bytes)
[    0.012341] Mount-cache hash table entries: 256
[    0.012557] Initializing cgroup subsys cpuacct
[    0.012565] Initializing cgroup subsys memory
[    0.012580] Initializing cgroup subsys devices
[    0.012583] Initializing cgroup subsys freezer
[    0.012586] Initializing cgroup subsys net_cls
[    0.012589] Initializing cgroup subsys blkio
[    0.012598] Initializing cgroup subsys perf_event
[    0.012643] CPU: Physical Processor ID: 0
[    0.012645] CPU: Processor Core ID: 0
[    0.012649] mce: CPU supports 6 MCE banks
[    0.012661] CPU0: Thermal monitoring handled by SMI
[    0.012667] using mwait in idle threads.
[    0.016288] ACPI: Core revision 20110413
[    0.024040] ftrace: allocating 25651 entries in 101 pages
[    0.028444] ..TIMER: vector=0x30 apic1=0 pin1=2 apic2=-1 pin2=-1
[    0.071627] CPU0: Intel(R) Core(TM)2 Duo CPU     T5250  @ 1.50GHz stepping 0d
[    0.072003] Performance Events: PEBS fmt0+, Core2 events, Intel PMU driver.
[    0.072003] PEBS disabled due to CPU errata.
[    0.072003] ... version:                2
[    0.072003] ... bit width:              40
[    0.072003] ... generic registers:      2
[    0.072003] ... value mask:             000000ffffffffff
[    0.072003] ... max period:             000000007fffffff
[    0.072003] ... fixed-purpose events:   3
[    0.072003] ... event mask:             0000000700000003
[    0.072003] Booting Node   0, Processors  #1 Ok.
[    0.072003] smpboot cpu 1: start_ip = 9a000
[    0.008000] CPU1: Thermal monitoring handled by SMI
[    0.160029] Brought up 2 CPUs
[    0.160033] Total of 2 processors activated (5984.88 BogoMIPS).
[    0.161224] devtmpfs: initialized
[    0.161224] PM: Registering ACPI NVS region at bf6d0000 (77824 bytes)
[    0.162075] print_constraints: dummy: 
[    0.162115] Time:  7:34:42  Date: 10/05/11
[    0.162171] NET: Registered protocol family 16
[    0.162209] Trying to unpack rootfs image as initramfs...
[    0.164047] ACPI: bus type pci registered
[    0.164133] PCI: MMCONFIG for domain 0000 [bus 00-ff] at [mem 0xe0000000-0xefffffff] (base 0xe0000000)
[    0.164138] PCI: MMCONFIG at [mem 0xe0000000-0xefffffff] reserved in E820
[    0.220043] PCI: Using configuration type 1 for base access
[    0.221379] bio: create slab <bio-0> at 0
[    0.223506] ACPI: EC: Look up EC in DSDT
[    0.228089] [Firmware Bug]: ACPI: BIOS _OSI(Linux) query ignored
[    0.229039] ACPI: SSDT 00000000bf6d959e 001B4 (v01  PmRef  Cpu0Ist 00003000 INTL 20050624)
[    0.229543] ACPI: Dynamic OEM Table Load:
[    0.229548] ACPI: SSDT           (null) 001B4 (v01  PmRef  Cpu0Ist 00003000 INTL 20050624)
[    0.229696] ACPI: SSDT 00000000bf6d906f 004AA (v01  PmRef  Cpu0Cst 00003001 INTL 20050624)
[    0.230165] ACPI: Dynamic OEM Table Load:
[    0.230169] ACPI: SSDT           (null) 004AA (v01  PmRef  Cpu0Cst 00003001 INTL 20050624)
[    0.230454] ACPI: SSDT 00000000bf6d9752 000C8 (v01  PmRef  Cpu1Ist 00003000 INTL 20050624)
[    0.232427] ACPI: Dynamic OEM Table Load:
[    0.232432] ACPI: SSDT           (null) 000C8 (v01  PmRef  Cpu1Ist 00003000 INTL 20050624)
[    0.232541] ACPI: SSDT 00000000bf6d9519 00085 (v01  PmRef  Cpu1Cst 00003000 INTL 20050624)
[    0.233011] ACPI: Dynamic OEM Table Load:
[    0.233015] ACPI: SSDT           (null) 00085 (v01  PmRef  Cpu1Cst 00003000 INTL 20050624)
[    0.238295] ACPI: EC: GPE storm detected, transactions will use polling mode
[    0.344070] ACPI: Interpreter enabled
[    0.344078] ACPI: (supports S0 S3 S4 S5)
[    0.344118] ACPI: Using IOAPIC for interrupt routing
[    0.389051] ACPI: EC: GPE = 0x1c, I/O: command/status = 0x66, data = 0x62
[    0.389294] ACPI: No dock devices found.
[    0.389298] HEST: Table not found.
[    0.389303] PCI: Ignoring host bridge windows from ACPI; if necessary, use "pci=use_crs" and report a bug
[    0.389762] ACPI: PCI Root Bridge [PCI0] (domain 0000 [bus 00-ff])
[    0.390623] pci_root PNP0A08:00: host bridge window [io  0x0000-0x0cf7] (ignored)
[    0.390628] pci_root PNP0A08:00: host bridge window [io  0x0d00-0xffff] (ignored)
[    0.390632] pci_root PNP0A08:00: host bridge window [mem 0x000a0000-0x000bffff] (ignored)
[    0.390636] pci_root PNP0A08:00: host bridge window [mem 0x000d4000-0x000d7fff] (ignored)
[    0.390640] pci_root PNP0A08:00: host bridge window [mem 0x000d8000-0x000dbfff] (ignored)
[    0.390645] pci_root PNP0A08:00: host bridge window [mem 0xc0000000-0xdfffffff] (ignored)
[    0.390648] pci_root PNP0A08:00: host bridge window [mem 0xf0000000-0xfebfffff] (ignored)
[    0.390665] pci 0000:00:00.0: [8086:2a00] type 0 class 0x000600
[    0.390726] pci 0000:00:02.0: [8086:2a02] type 0 class 0x000300
[    0.390746] pci 0000:00:02.0: reg 10: [mem 0xfc000000-0xfc0fffff 64bit]
[    0.390758] pci 0000:00:02.0: reg 18: [mem 0xd0000000-0xdfffffff 64bit pref]
[    0.390767] pci 0000:00:02.0: reg 20: [io  0x1800-0x1807]
[    0.390812] pci 0000:00:02.1: [8086:2a03] type 0 class 0x000380
[    0.390829] pci 0000:00:02.1: reg 10: [mem 0xfc100000-0xfc1fffff 64bit]
[    0.390937] pci 0000:00:1a.0: [8086:2834] type 0 class 0x000c03
[    0.391013] pci 0000:00:1a.0: reg 20: [io  0x1820-0x183f]
[    0.391065] pci 0000:00:1a.1: [8086:2835] type 0 class 0x000c03
[    0.391126] pci 0000:00:1a.1: reg 20: [io  0x1840-0x185f]
[    0.391187] pci 0000:00:1a.7: [8086:283a] type 0 class 0x000c03
[    0.391216] pci 0000:00:1a.7: reg 10: [mem 0xfc504800-0xfc504bff]
[    0.391321] pci 0000:00:1a.7: PME# supported from D0 D3hot D3cold
[    0.391328] pci 0000:00:1a.7: PME# disabled
[    0.391362] pci 0000:00:1b.0: [8086:284b] type 0 class 0x000403
[    0.391386] pci 0000:00:1b.0: reg 10: [mem 0xfc300000-0xfc303fff 64bit]
[    0.391473] pci 0000:00:1b.0: PME# supported from D0 D3hot D3cold
[    0.391479] pci 0000:00:1b.0: PME# disabled
[    0.391514] pci 0000:00:1c.0: [8086:283f] type 1 class 0x000604
[    0.391605] pci 0000:00:1c.0: PME# supported from D0 D3hot D3cold
[    0.391611] pci 0000:00:1c.0: PME# disabled
[    0.391647] pci 0000:00:1c.1: [8086:2841] type 1 class 0x000604
[    0.391735] pci 0000:00:1c.1: PME# supported from D0 D3hot D3cold
[    0.391741] pci 0000:00:1c.1: PME# disabled
[    0.391775] pci 0000:00:1c.2: [8086:2843] type 1 class 0x000604
[    0.391868] pci 0000:00:1c.2: PME# supported from D0 D3hot D3cold
[    0.391874] pci 0000:00:1c.2: PME# disabled
[    0.391911] pci 0000:00:1c.3: [8086:2845] type 1 class 0x000604
[    0.391999] pci 0000:00:1c.3: PME# supported from D0 D3hot D3cold
[    0.392005] pci 0000:00:1c.3: PME# disabled
[    0.392053] pci 0000:00:1d.0: [8086:2830] type 0 class 0x000c03
[    0.392114] pci 0000:00:1d.0: reg 20: [io  0x1860-0x187f]
[    0.392162] pci 0000:00:1d.1: [8086:2831] type 0 class 0x000c03
[    0.392238] pci 0000:00:1d.1: reg 20: [io  0x1880-0x189f]
[    0.392293] pci 0000:00:1d.2: [8086:2832] type 0 class 0x000c03
[    0.392371] pci 0000:00:1d.2: reg 20: [io  0x18a0-0x18bf]
[    0.392438] pci 0000:00:1d.7: [8086:2836] type 0 class 0x000c03
[    0.392466] pci 0000:00:1d.7: reg 10: [mem 0xfc504c00-0xfc504fff]
[    0.392567] pci 0000:00:1d.7: PME# supported from D0 D3hot D3cold
[    0.392573] pci 0000:00:1d.7: PME# disabled
[    0.392603] pci 0000:00:1e.0: [8086:2448] type 1 class 0x000604
[    0.392698] pci 0000:00:1f.0: [8086:2815] type 0 class 0x000601
[    0.392816] pci 0000:00:1f.0: quirk: [io  0x1000-0x107f] claimed by ICH6 ACPI/GPIO/TCO
[    0.392824] pci 0000:00:1f.0: quirk: [io  0x1180-0x11bf] claimed by ICH6 GPIO
[    0.392829] pci 0000:00:1f.0: ICH7 LPC Generic IO decode 1 PIO at 0680 (mask 007f)
[    0.392835] pci 0000:00:1f.0: ICH7 LPC Generic IO decode 2 PIO at 1640 (mask 000f)
[    0.392884] pci 0000:00:1f.1: [8086:2850] type 0 class 0x000101
[    0.392903] pci 0000:00:1f.1: reg 10: [io  0x0000-0x0007]
[    0.392918] pci 0000:00:1f.1: reg 14: [io  0x0000-0x0003]
[    0.392931] pci 0000:00:1f.1: reg 18: [io  0x0000-0x0007]
[    0.392944] pci 0000:00:1f.1: reg 1c: [io  0x0000-0x0003]
[    0.392958] pci 0000:00:1f.1: reg 20: [io  0x1810-0x181f]
[    0.393014] pci 0000:00:1f.2: [8086:2829] type 0 class 0x000106
[    0.393042] pci 0000:00:1f.2: reg 10: [io  0x1c00-0x1c07]
[    0.393056] pci 0000:00:1f.2: reg 14: [io  0x18d4-0x18d7]
[    0.393069] pci 0000:00:1f.2: reg 18: [io  0x18d8-0x18df]
[    0.393082] pci 0000:00:1f.2: reg 1c: [io  0x18d0-0x18d3]
[    0.393095] pci 0000:00:1f.2: reg 20: [io  0x18e0-0x18ff]
[    0.393108] pci 0000:00:1f.2: reg 24: [mem 0xfc504000-0xfc5047ff]
[    0.393157] pci 0000:00:1f.2: PME# supported from D3hot
[    0.393163] pci 0000:00:1f.2: PME# disabled
[    0.393188] pci 0000:00:1f.3: [8086:283e] type 0 class 0x000c05
[    0.393206] pci 0000:00:1f.3: reg 10: [mem 0x00000000-0x000000ff]
[    0.393250] pci 0000:00:1f.3: reg 20: [io  0x1c20-0x1c3f]
[    0.393354] pci 0000:00:1c.0: PCI bridge to [bus 02-02]
[    0.393360] pci 0000:00:1c.0:   bridge window [io  0x2000-0x2fff]
[    0.393367] pci 0000:00:1c.0:   bridge window [mem 0xf6000000-0xf7ffffff]
[    0.393376] pci 0000:00:1c.0:   bridge window [mem 0xf0000000-0xf1ffffff 64bit pref]
[    0.393501] pci 0000:04:00.0: [8086:4227] type 0 class 0x000280
[    0.393557] pci 0000:04:00.0: reg 10: [mem 0xf8000000-0xf8000fff]
[    0.393895] pci 0000:04:00.0: PME# supported from D0 D3hot D3cold
[    0.393908] pci 0000:04:00.0: PME# disabled
[    0.393979] pci 0000:04:00.0: disabling ASPM on pre-1.1 PCIe device.  You can enable it with 'pcie_aspm=force'
[    0.394021] pci 0000:00:1c.1: PCI bridge to [bus 04-04]
[    0.394027] pci 0000:00:1c.1:   bridge window [io  0x3000-0x3fff]
[    0.394033] pci 0000:00:1c.1:   bridge window [mem 0xf8000000-0xf9ffffff]
[    0.394043] pci 0000:00:1c.1:   bridge window [mem 0xf2000000-0xf3ffffff 64bit pref]
[    0.394110] pci 0000:00:1c.2: PCI bridge to [bus 05-05]
[    0.394116] pci 0000:00:1c.2:   bridge window [io  0x4000-0x4fff]
[    0.394122] pci 0000:00:1c.2:   bridge window [mem 0xfa000000-0xfbffffff]
[    0.394132] pci 0000:00:1c.2:   bridge window [mem 0xf4000000-0xf5ffffff 64bit pref]
[    0.394268] pci 0000:06:00.0: [14e4:1713] type 0 class 0x000200
[    0.394336] pci 0000:06:00.0: reg 10: [mem 0xc8000000-0xc800ffff 64bit]
[    0.394639] pci 0000:06:00.0: PME# supported from D3hot D3cold
[    0.394651] pci 0000:06:00.0: PME# disabled
[    0.394783] pci 0000:00:1c.3: PCI bridge to [bus 06-06]
[    0.394789] pci 0000:00:1c.3:   bridge window [io  0x5000-0x5fff]
[    0.394796] pci 0000:00:1c.3:   bridge window [mem 0xc8000000-0xc9ffffff]
[    0.394806] pci 0000:00:1c.3:   bridge window [mem 0xcc000000-0xcdffffff 64bit pref]
[    0.394868] pci 0000:08:06.0: [1180:0832] type 0 class 0x000c00
[    0.394886] pci 0000:08:06.0: proprietary Ricoh MMC controller disabled (via firewire function)
[    0.394890] pci 0000:08:06.0: MMC cards are now supported by standard SDHCI controller
[    0.394909] pci 0000:08:06.0: reg 10: [mem 0xfc200000-0xfc2007ff]
[    0.395006] pci 0000:08:06.0: supports D1 D2
[    0.395009] pci 0000:08:06.0: PME# supported from D0 D1 D2 D3hot D3cold
[    0.395016] pci 0000:08:06.0: PME# disabled
[    0.395045] pci 0000:08:06.1: [1180:0822] type 0 class 0x000805
[    0.395069] pci 0000:08:06.1: reg 10: [mem 0xfc200800-0xfc2008ff]
[    0.395165] pci 0000:08:06.1: supports D1 D2
[    0.395168] pci 0000:08:06.1: PME# supported from D0 D1 D2 D3hot D3cold
[    0.395174] pci 0000:08:06.1: PME# disabled
[    0.395199] pci 0000:08:06.2: [1180:0592] type 0 class 0x000880
[    0.395224] pci 0000:08:06.2: reg 10: [mem 0xfc201000-0xfc2010ff]
[    0.395317] pci 0000:08:06.2: supports D1 D2
[    0.395320] pci 0000:08:06.2: PME# supported from D0 D1 D2 D3hot D3cold
[    0.395326] pci 0000:08:06.2: PME# disabled
[    0.395350] pci 0000:08:06.3: [1180:0852] type 0 class 0x000880
[    0.395376] pci 0000:08:06.3: reg 10: [mem 0xfc201400-0xfc2014ff]
[    0.395474] pci 0000:08:06.3: supports D1 D2
[    0.395477] pci 0000:08:06.3: PME# supported from D0 D1 D2 D3hot D3cold
[    0.395484] pci 0000:08:06.3: PME# disabled
[    0.395549] pci 0000:00:1e.0: PCI bridge to [bus 08-08] (subtractive decode)
[    0.395556] pci 0000:00:1e.0:   bridge window [io  0xf000-0x0000] (disabled)
[    0.395562] pci 0000:00:1e.0:   bridge window [mem 0xfc200000-0xfc2fffff]
[    0.395572] pci 0000:00:1e.0:   bridge window [mem 0xfff00000-0x000fffff pref] (disabled)
[    0.395576] pci 0000:00:1e.0:   bridge window [io  0x0000-0xffff] (subtractive decode)
[    0.395580] pci 0000:00:1e.0:   bridge window [mem 0x00000000-0xfffffffff] (subtractive decode)
[    0.395619] ACPI: PCI Interrupt Routing Table [\_SB_.PCI0._PRT]
[    0.395828] ACPI: PCI Interrupt Routing Table [\_SB_.PCI0.RP01._PRT]
[    0.395887] ACPI: PCI Interrupt Routing Table [\_SB_.PCI0.RP02._PRT]
[    0.395944] ACPI: PCI Interrupt Routing Table [\_SB_.PCI0.RP03._PRT]
[    0.395999] ACPI: PCI Interrupt Routing Table [\_SB_.PCI0.RP04._PRT]
[    0.396116] ACPI: PCI Interrupt Routing Table [\_SB_.PCI0.PCIB._PRT]
[    0.396176]  pci0000:00: Requesting ACPI _OSC control (0x1d)
[    0.396181]  pci0000:00: ACPI _OSC request failed (AE_NOT_FOUND), returned control mask: 0x1d
[    0.396184] ACPI _OSC control for PCIe not granted, disabling ASPM
[    0.404002] ACPI: PCI Interrupt Link [LNKA] (IRQs 1 3 4 *5 6 7 10 12 14 15)
[    0.404086] ACPI: PCI Interrupt Link [LNKB] (IRQs 1 3 4 5 6 7 11 12 14 15) *10
[    0.404153] ACPI: PCI Interrupt Link [LNKC] (IRQs 1 3 4 5 6 *7 10 12 14 15)
[    0.404217] ACPI: PCI Interrupt Link [LNKD] (IRQs 1 3 4 5 6 7 11 12 14 15) *10
[    0.404282] ACPI: PCI Interrupt Link [LNKE] (IRQs 1 3 4 5 6 7 10 12 14 15) *0, disabled.
[    0.404353] ACPI: PCI Interrupt Link [LNKF] (IRQs 1 3 4 5 6 7 11 12 14 15) *10
[    0.404419] ACPI: PCI Interrupt Link [LNKG] (IRQs 1 3 4 5 6 7 10 12 14 15) *11
[    0.404484] ACPI: PCI Interrupt Link [LNKH] (IRQs 1 3 4 5 6 7 *11 12 14 15)
[    0.404647] vgaarb: device added: PCI:0000:00:02.0,decodes=io+mem,owns=io+mem,locks=none
[    0.404670] vgaarb: loaded
[    0.404672] vgaarb: bridge control possible 0000:00:02.0
[    0.404971] SCSI subsystem initialized
[    0.405069] libata version 3.00 loaded.
[    0.405143] usbcore: registered new interface driver usbfs
[    0.405158] usbcore: registered new interface driver hub
[    0.405200] usbcore: registered new device driver usb
[    0.405322] PCI: Using ACPI for IRQ routing
[    0.416330] PCI: pci_cache_line_size set to 64 bytes
[    0.416509] reserve RAM buffer: 000000000009f800 - 000000000009ffff 
[    0.416513] reserve RAM buffer: 00000000bf6d0000 - 00000000bfffffff 
[    0.416683] NetLabel: Initializing
[    0.416686] NetLabel:  domain hash size = 128
[    0.416688] NetLabel:  protocols = UNLABELED CIPSOv4
[    0.416706] NetLabel:  unlabeled traffic allowed by default
[    0.416770] HPET: 3 timers in total, 0 timers will be used for per-cpu timer
[    0.416777] hpet0: at MMIO 0xfed00000, IRQs 2, 8, 0
[    0.416784] hpet0: 3 comparators, 64-bit 14.318180 MHz counter
[    0.420524] Switching to clocksource hpet
[    0.423392] Switched to NOHz mode on CPU #0
[    0.423487] Switched to NOHz mode on CPU #1
[    0.430603] AppArmor: AppArmor Filesystem Enabled
[    0.430649] pnp: PnP ACPI init
[    0.430672] ACPI: bus type pnp registered
[    0.431166] pnp 00:00: [bus 00-ff]
[    0.431171] pnp 00:00: [io  0x0000-0x0cf7 window]
[    0.431174] pnp 00:00: [io  0x0cf8-0x0cff]
[    0.431177] pnp 00:00: [io  0x0d00-0xffff window]
[    0.431181] pnp 00:00: [mem 0x000a0000-0x000bffff window]
[    0.431184] pnp 00:00: [mem 0x000c0000-0x000c3fff window]
[    0.431187] pnp 00:00: [mem 0x000c4000-0x000c7fff window]
[    0.431190] pnp 00:00: [mem 0x000c8000-0x000cbfff window]
[    0.431197] pnp 00:00: [mem 0x000cc000-0x000cffff window]
[    0.431201] pnp 00:00: [mem 0x000d0000-0x000d3fff window]
[    0.431204] pnp 00:00: [mem 0x000d4000-0x000d7fff window]
[    0.431207] pnp 00:00: [mem 0x000d8000-0x000dbfff window]
[    0.431210] pnp 00:00: [mem 0x000dc000-0x000dffff window]
[    0.431213] pnp 00:00: [mem 0x000e0000-0x000e3fff window]
[    0.431216] pnp 00:00: [mem 0x000e4000-0x000e7fff window]
[    0.431219] pnp 00:00: [mem 0x000e8000-0x000ebfff window]
[    0.431222] pnp 00:00: [mem 0x000ec000-0x000effff window]
[    0.431225] pnp 00:00: [mem 0x000f0000-0x000fffff window]
[    0.431229] pnp 00:00: [mem 0xc0000000-0xdfffffff window]
[    0.431232] pnp 00:00: [mem 0xf0000000-0xfebfffff window]
[    0.431235] pnp 00:00: [mem 0xfed40000-0xfed44fff window]
[    0.431344] pnp 00:00: Plug and Play ACPI device, IDs PNP0a08 PNP0a03 (active)
[    0.431447] pnp 00:01: [mem 0xfed1c000-0xfed1ffff]
[    0.431450] pnp 00:01: [mem 0xfed14000-0xfed17fff]
[    0.431453] pnp 00:01: [mem 0xfed18000-0xfed18fff]
[    0.431456] pnp 00:01: [mem 0xfed19000-0xfed19fff]
[    0.431458] pnp 00:01: [mem 0xe0000000-0xefffffff]
[    0.431461] pnp 00:01: [mem 0xfed20000-0xfed3ffff]
[    0.431464] pnp 00:01: [mem 0xfed40000-0xfed44fff]
[    0.431467] pnp 00:01: [mem 0xfed45000-0xfed8ffff]
[    0.431559] system 00:01: [mem 0xfed1c000-0xfed1ffff] has been reserved
[    0.431564] system 00:01: [mem 0xfed14000-0xfed17fff] has been reserved
[    0.431568] system 00:01: [mem 0xfed18000-0xfed18fff] has been reserved
[    0.431572] system 00:01: [mem 0xfed19000-0xfed19fff] has been reserved
[    0.431576] system 00:01: [mem 0xe0000000-0xefffffff] has been reserved
[    0.431580] system 00:01: [mem 0xfed20000-0xfed3ffff] has been reserved
[    0.431584] system 00:01: [mem 0xfed40000-0xfed44fff] has been reserved
[    0.431588] system 00:01: [mem 0xfed45000-0xfed8ffff] has been reserved
[    0.431593] system 00:01: Plug and Play ACPI device, IDs PNP0c02 (active)
[    0.431859] pnp 00:02: [io  0x0000-0x001f]
[    0.431862] pnp 00:02: [io  0x0081-0x0091]
[    0.431864] pnp 00:02: [io  0x0093-0x009f]
[    0.431867] pnp 00:02: [io  0x00c0-0x00df]
[    0.431870] pnp 00:02: [dma 4]
[    0.431931] pnp 00:02: Plug and Play ACPI device, IDs PNP0200 (active)
[    0.431946] pnp 00:03: [mem 0xff000000-0xffffffff]
[    0.432030] pnp 00:03: Plug and Play ACPI device, IDs INT0800 (active)
[    0.432131] pnp 00:04: [mem 0xfed00000-0xfed003ff]
[    0.432218] system 00:04: [mem 0xfed00000-0xfed003ff] has been reserved
[    0.432223] system 00:04: Plug and Play ACPI device, IDs PNP0103 PNP0c01 (active)
[    0.432239] pnp 00:05: [io  0x00f0]
[    0.432256] pnp 00:05: [irq 13]
[    0.432321] pnp 00:05: Plug and Play ACPI device, IDs PNP0c04 (active)
[    0.432337] pnp 00:06: [io  0x002e-0x002f]
[    0.432340] pnp 00:06: [io  0x004e-0x004f]
[    0.432343] pnp 00:06: [io  0x0061]
[    0.432345] pnp 00:06: [io  0x0063]
[    0.432348] pnp 00:06: [io  0x0065]
[    0.432351] pnp 00:06: [io  0x0067]
[    0.432353] pnp 00:06: [io  0x0080]
[    0.432355] pnp 00:06: [io  0x0092]
[    0.432358] pnp 00:06: [io  0x00b2-0x00b3]
[    0.432361] pnp 00:06: [io  0x0680-0x069f]
[    0.432363] pnp 00:06: [io  0x0800-0x080f]
[    0.432366] pnp 00:06: [io  0x1000-0x107f]
[    0.432373] pnp 00:06: [io  0x1180-0x11bf]
[    0.432375] pnp 00:06: [io  0xfe00]
[    0.432378] pnp 00:06: [io  0xff00-0xff7f]
[    0.432479] system 00:06: [io  0x0680-0x069f] has been reserved
[    0.432484] system 00:06: [io  0x0800-0x080f] has been reserved
[    0.432487] system 00:06: [io  0x1000-0x107f] has been reserved
[    0.432491] system 00:06: [io  0x1180-0x11bf] has been reserved
[    0.432495] system 00:06: [io  0xfe00] has been reserved
[    0.432499] system 00:06: [io  0xff00-0xff7f] has been reserved
[    0.432504] system 00:06: Plug and Play ACPI device, IDs PNP0c02 (active)
[    0.432517] pnp 00:07: [io  0x0070-0x0077]
[    0.432525] pnp 00:07: [irq 8]
[    0.432587] pnp 00:07: Plug and Play ACPI device, IDs PNP0b00 (active)
[    0.452092] pnp 00:08: [io  0x0060]
[    0.452096] pnp 00:08: [io  0x0064]
[    0.452112] pnp 00:08: [irq 1]
[    0.452226] pnp 00:08: Plug and Play ACPI device, IDs PNP0303 (active)
[    0.452246] pnp 00:09: [irq 12]
[    0.452305] pnp 00:09: Plug and Play ACPI device, IDs PNP0f13 (active)
[    0.452340] pnp: PnP ACPI: found 10 devices
[    0.452343] ACPI: ACPI bus type pnp unregistered
[    0.459104] PCI: max bus depth: 1 pci_try_num: 2
[    0.459195] pci 0000:00:1f.3: BAR 0: assigned [mem 0xc0000000-0xc00000ff]
[    0.459204] pci 0000:00:1f.3: BAR 0: set to [mem 0xc0000000-0xc00000ff] (PCI address [0xc0000000-0xc00000ff])
[    0.459209] pci 0000:00:1c.0: PCI bridge to [bus 02-02]
[    0.459214] pci 0000:00:1c.0:   bridge window [io  0x2000-0x2fff]
[    0.459222] pci 0000:00:1c.0:   bridge window [mem 0xf6000000-0xf7ffffff]
[    0.459229] pci 0000:00:1c.0:   bridge window [mem 0xf0000000-0xf1ffffff 64bit pref]
[    0.459239] pci 0000:00:1c.1: PCI bridge to [bus 04-04]
[    0.459244] pci 0000:00:1c.1:   bridge window [io  0x3000-0x3fff]
[    0.459252] pci 0000:00:1c.1:   bridge window [mem 0xf8000000-0xf9ffffff]
[    0.459259] pci 0000:00:1c.1:   bridge window [mem 0xf2000000-0xf3ffffff 64bit pref]
[    0.459268] pci 0000:00:1c.2: PCI bridge to [bus 05-05]
[    0.459272] pci 0000:00:1c.2:   bridge window [io  0x4000-0x4fff]
[    0.459280] pci 0000:00:1c.2:   bridge window [mem 0xfa000000-0xfbffffff]
[    0.459287] pci 0000:00:1c.2:   bridge window [mem 0xf4000000-0xf5ffffff 64bit pref]
[    0.459296] pci 0000:00:1c.3: PCI bridge to [bus 06-06]
[    0.459301] pci 0000:00:1c.3:   bridge window [io  0x5000-0x5fff]
[    0.459308] pci 0000:00:1c.3:   bridge window [mem 0xc8000000-0xc9ffffff]
[    0.459314] pci 0000:00:1c.3:   bridge window [mem 0xcc000000-0xcdffffff 64bit pref]
[    0.459324] pci 0000:00:1e.0: PCI bridge to [bus 08-08]
[    0.459327] pci 0000:00:1e.0:   bridge window [io  disabled]
[    0.459334] pci 0000:00:1e.0:   bridge window [mem 0xfc200000-0xfc2fffff]
[    0.459340] pci 0000:00:1e.0:   bridge window [mem pref disabled]
[    0.459373] pci 0000:00:1c.0: PCI INT A -> GSI 17 (level, low) -> IRQ 17
[    0.459380] pci 0000:00:1c.0: setting latency timer to 64
[    0.459399] pci 0000:00:1c.1: PCI INT B -> GSI 16 (level, low) -> IRQ 16
[    0.459405] pci 0000:00:1c.1: setting latency timer to 64
[    0.459419] pci 0000:00:1c.2: PCI INT C -> GSI 18 (level, low) -> IRQ 18
[    0.459425] pci 0000:00:1c.2: setting latency timer to 64
[    0.459438] pci 0000:00:1c.3: PCI INT D -> GSI 19 (level, low) -> IRQ 19
[    0.459444] pci 0000:00:1c.3: setting latency timer to 64
[    0.459455] pci 0000:00:1e.0: setting latency timer to 64
[    0.459460] pci_bus 0000:00: resource 0 [io  0x0000-0xffff]
[    0.459464] pci_bus 0000:00: resource 1 [mem 0x00000000-0xfffffffff]
[    0.459467] pci_bus 0000:02: resource 0 [io  0x2000-0x2fff]
[    0.459470] pci_bus 0000:02: resource 1 [mem 0xf6000000-0xf7ffffff]
[    0.459474] pci_bus 0000:02: resource 2 [mem 0xf0000000-0xf1ffffff 64bit pref]
[    0.459478] pci_bus 0000:04: resource 0 [io  0x3000-0x3fff]
[    0.459481] pci_bus 0000:04: resource 1 [mem 0xf8000000-0xf9ffffff]
[    0.459484] pci_bus 0000:04: resource 2 [mem 0xf2000000-0xf3ffffff 64bit pref]
[    0.459488] pci_bus 0000:05: resource 0 [io  0x4000-0x4fff]
[    0.459491] pci_bus 0000:05: resource 1 [mem 0xfa000000-0xfbffffff]
[    0.459495] pci_bus 0000:05: resource 2 [mem 0xf4000000-0xf5ffffff 64bit pref]
[    0.459498] pci_bus 0000:06: resource 0 [io  0x5000-0x5fff]
[    0.459501] pci_bus 0000:06: resource 1 [mem 0xc8000000-0xc9ffffff]
[    0.459505] pci_bus 0000:06: resource 2 [mem 0xcc000000-0xcdffffff 64bit pref]
[    0.459508] pci_bus 0000:08: resource 1 [mem 0xfc200000-0xfc2fffff]
[    0.459512] pci_bus 0000:08: resource 4 [io  0x0000-0xffff]
[    0.459515] pci_bus 0000:08: resource 5 [mem 0x00000000-0xfffffffff]
[    0.459580] NET: Registered protocol family 2
[    0.459816] IP route cache hash table entries: 131072 (order: 8, 1048576 bytes)
[    0.461759] TCP established hash table entries: 524288 (order: 11, 8388608 bytes)
[    0.468207] TCP bind hash table entries: 65536 (order: 8, 1048576 bytes)
[    0.469024] TCP: Hash tables configured (established 524288 bind 65536)
[    0.469028] TCP reno registered
[    0.469052] UDP hash table entries: 2048 (order: 4, 65536 bytes)
[    0.469120] UDP-Lite hash table entries: 2048 (order: 4, 65536 bytes)
[    0.469325] NET: Registered protocol family 1
[    0.469358] pci 0000:00:02.0: Boot video device
[    0.469577] PCI: CLS 64 bytes, default 64
[    0.469604] Simple Boot Flag at 0x36 set to 0x1
[    0.470069] audit: initializing netlink socket (disabled)
[    0.470088] type=2000 audit(1317800082.464:1): initialized
[    0.509918] HugeTLB registered 2 MB page size, pre-allocated 0 pages
[    0.531362] VFS: Disk quotas dquot_6.5.2
[    0.531454] Dquot-cache hash table entries: 512 (order 0, 4096 bytes)
[    0.532343] fuse init (API version 7.16)
[    0.532465] msgmni has been set to 5719
[    0.532931] Block layer SCSI generic (bsg) driver version 0.4 loaded (major 253)
[    0.532975] io scheduler noop registered
[    0.532978] io scheduler deadline registered
[    0.533033] io scheduler cfq registered (default)
[    0.533206] pcieport 0000:00:1c.0: setting latency timer to 64
[    0.533281] pcieport 0000:00:1c.0: irq 40 for MSI/MSI-X
[    0.533378] pcieport 0000:00:1c.1: setting latency timer to 64
[    0.533444] pcieport 0000:00:1c.1: irq 41 for MSI/MSI-X
[    0.533540] pcieport 0000:00:1c.2: setting latency timer to 64
[    0.533607] pcieport 0000:00:1c.2: irq 42 for MSI/MSI-X
[    0.533705] pcieport 0000:00:1c.3: setting latency timer to 64
[    0.533770] pcieport 0000:00:1c.3: irq 43 for MSI/MSI-X
[    0.533898] pci_hotplug: PCI Hot Plug PCI Core version: 0.5
[    0.533934] pciehp: PCI Express Hot Plug Controller Driver version: 0.4
[    0.533994] intel_idle: MWAIT substates: 0x22220
[    0.533997] intel_idle: does not run on family 6 model 15
[    0.534105] ACPI: Deprecated procfs I/F for AC is loaded, please retry with CONFIG_ACPI_PROCFS_POWER cleared
[    0.534186] ACPI: AC Adapter [ACAD] (on-line)
[    0.534267] input: Lid Switch as /devices/LNXSYSTM:00/device:00/PNP0C0D:00/input/input0
[    0.534291] ACPI: Lid Switch [LID0]
[    0.534348] input: Power Button as /devices/LNXSYSTM:00/device:00/PNP0C0C:00/input/input1
[    0.534353] ACPI: Power Button [PWRB]
[    0.534429] input: Power Button as /devices/LNXSYSTM:00/LNXPWRBN:00/input/input2
[    0.534434] ACPI: Power Button [PWRF]
[    0.534479] ACPI: acpi_idle registered with cpuidle
[    0.536970] Monitor-Mwait will be used to enter C-1 state
[    0.537024] Monitor-Mwait will be used to enter C-2 state
[    0.537059] Monitor-Mwait will be used to enter C-3 state
[    0.537066] Marking TSC unstable due to TSC halts in idle
[    0.576306] ACPI: Deprecated procfs I/F for battery is loaded, please retry with CONFIG_ACPI_PROCFS_POWER cleared
[    0.576339] ERST: Table is not found!
[    0.576477] Serial: 8250/16550 driver, 32 ports, IRQ sharing enabled
[    0.596514] ACPI: Battery Slot [BAT1] (battery present)
[    0.756873] Freeing initrd memory: 19464k freed
[    0.789948] Linux agpgart interface v0.103
[    0.790084] agpgart-intel 0000:00:00.0: Intel 965GM Chipset
[    0.790242] agpgart-intel 0000:00:00.0: detected gtt size: 524288K total, 262144K mappable
[    0.791097] agpgart-intel 0000:00:00.0: detected 8192K stolen memory
[    0.791250] agpgart-intel 0000:00:00.0: AGP aperture is 256M @ 0xd0000000
[    0.792794] brd: module loaded
[    0.793486] loop: module loaded
[    0.793683] ata_piix 0000:00:1f.1: version 2.13
[    0.793701] ata_piix 0000:00:1f.1: PCI INT A -> GSI 19 (level, low) -> IRQ 19
[    0.793746] ata_piix 0000:00:1f.1: setting latency timer to 64
[    0.794143] scsi0 : ata_piix
[    0.794282] scsi1 : ata_piix
[    0.794784] ata1: PATA max UDMA/100 cmd 0x1f0 ctl 0x3f6 bmdma 0x1810 irq 14
[    0.794789] ata2: PATA max UDMA/100 cmd 0x170 ctl 0x376 bmdma 0x1818 irq 15
[    0.795227] Fixed MDIO Bus: probed
[    0.795261] PPP generic driver version 2.4.2
[    0.795315] tun: Universal TUN/TAP device driver, 1.6
[    0.795318] tun: (C) 1999-2004 Max Krasnyansky <maxk@qualcomm.com>
[    0.795429] ehci_hcd: USB 2.0 'Enhanced' Host Controller (EHCI) Driver
[    0.795451] ehci_hcd 0000:00:1a.7: PCI INT C -> GSI 18 (level, low) -> IRQ 18
[    0.795472] ehci_hcd 0000:00:1a.7: setting latency timer to 64
[    0.795477] ehci_hcd 0000:00:1a.7: EHCI Host Controller
[    0.795524] ehci_hcd 0000:00:1a.7: new USB bus registered, assigned bus number 1
[    0.795567] ehci_hcd 0000:00:1a.7: debug port 1
[    0.799463] ehci_hcd 0000:00:1a.7: cache line size of 64 is not supported
[    0.799485] ehci_hcd 0000:00:1a.7: irq 18, io mem 0xfc504800
[    0.812020] ehci_hcd 0000:00:1a.7: USB 2.0 started, EHCI 1.00
[    0.812182] hub 1-0:1.0: USB hub found
[    0.812189] hub 1-0:1.0: 4 ports detected
[    0.812291] ehci_hcd 0000:00:1d.7: PCI INT A -> GSI 23 (level, low) -> IRQ 23
[    0.812305] ehci_hcd 0000:00:1d.7: setting latency timer to 64
[    0.812310] ehci_hcd 0000:00:1d.7: EHCI Host Controller
[    0.812363] ehci_hcd 0000:00:1d.7: new USB bus registered, assigned bus number 2
[    0.812398] ehci_hcd 0000:00:1d.7: debug port 1
[    0.816279] ehci_hcd 0000:00:1d.7: cache line size of 64 is not supported
[    0.816301] ehci_hcd 0000:00:1d.7: irq 23, io mem 0xfc504c00
[    0.832023] ehci_hcd 0000:00:1d.7: USB 2.0 started, EHCI 1.00
[    0.832151] hub 2-0:1.0: USB hub found
[    0.832157] hub 2-0:1.0: 6 ports detected
[    0.832258] ohci_hcd: USB 1.1 'Open' Host Controller (OHCI) Driver
[    0.832276] uhci_hcd: USB Universal Host Controller Interface driver
[    0.832305] uhci_hcd 0000:00:1a.0: PCI INT A -> GSI 16 (level, low) -> IRQ 16
[    0.832314] uhci_hcd 0000:00:1a.0: setting latency timer to 64
[    0.832319] uhci_hcd 0000:00:1a.0: UHCI Host Controller
[    0.832366] uhci_hcd 0000:00:1a.0: new USB bus registered, assigned bus number 3
[    0.832412] uhci_hcd 0000:00:1a.0: irq 16, io base 0x00001820
[    0.832569] hub 3-0:1.0: USB hub found
[    0.832575] hub 3-0:1.0: 2 ports detected
[    0.832668] uhci_hcd 0000:00:1a.1: PCI INT B -> GSI 21 (level, low) -> IRQ 21
[    0.832679] uhci_hcd 0000:00:1a.1: setting latency timer to 64
[    0.832684] uhci_hcd 0000:00:1a.1: UHCI Host Controller
[    0.832731] uhci_hcd 0000:00:1a.1: new USB bus registered, assigned bus number 4
[    0.832775] uhci_hcd 0000:00:1a.1: irq 21, io base 0x00001840
[    0.832936] hub 4-0:1.0: USB hub found
[    0.832941] hub 4-0:1.0: 2 ports detected
[    0.833028] uhci_hcd 0000:00:1d.0: PCI INT A -> GSI 23 (level, low) -> IRQ 23
[    0.833037] uhci_hcd 0000:00:1d.0: setting latency timer to 64
[    0.833042] uhci_hcd 0000:00:1d.0: UHCI Host Controller
[    0.833099] uhci_hcd 0000:00:1d.0: new USB bus registered, assigned bus number 5
[    0.833134] uhci_hcd 0000:00:1d.0: irq 23, io base 0x00001860
[    0.833291] hub 5-0:1.0: USB hub found
[    0.833296] hub 5-0:1.0: 2 ports detected
[    0.833384] uhci_hcd 0000:00:1d.1: PCI INT B -> GSI 19 (level, low) -> IRQ 19
[    0.833392] uhci_hcd 0000:00:1d.1: setting latency timer to 64
[    0.833397] uhci_hcd 0000:00:1d.1: UHCI Host Controller
[    0.833448] uhci_hcd 0000:00:1d.1: new USB bus registered, assigned bus number 6
[    0.833493] uhci_hcd 0000:00:1d.1: irq 19, io base 0x00001880
[    0.833649] hub 6-0:1.0: USB hub found
[    0.833655] hub 6-0:1.0: 2 ports detected
[    0.833737] uhci_hcd 0000:00:1d.2: PCI INT C -> GSI 18 (level, low) -> IRQ 18
[    0.833746] uhci_hcd 0000:00:1d.2: setting latency timer to 64
[    0.833750] uhci_hcd 0000:00:1d.2: UHCI Host Controller
[    0.833797] uhci_hcd 0000:00:1d.2: new USB bus registered, assigned bus number 7
[    0.833832] uhci_hcd 0000:00:1d.2: irq 18, io base 0x000018a0
[    0.833984] hub 7-0:1.0: USB hub found
[    0.833990] hub 7-0:1.0: 2 ports detected
[    0.834133] i8042: PNP: PS/2 Controller [PNP0303:PS2K,PNP0f13:PS2M] at 0x60,0x64 irq 1,12
[    0.858635] serio: i8042 KBD port at 0x60,0x64 irq 1
[    0.858644] serio: i8042 AUX port at 0x60,0x64 irq 12
[    0.858792] mousedev: PS/2 mouse device common for all mice
[    0.860515] rtc_cmos 00:07: RTC can wake from S4
[    0.860650] rtc_cmos 00:07: rtc core: registered rtc_cmos as rtc0
[    0.860686] rtc0: alarms up to one month, y3k, 242 bytes nvram, hpet irqs
[    0.860821] device-mapper: uevent: version 1.0.3
[    0.860928] device-mapper: ioctl: 4.20.0-ioctl (2011-02-02) initialised: dm-devel@redhat.com
[    0.861015] cpuidle: using governor ladder
[    0.861137] cpuidle: using governor menu
[    0.861140] EFI Variables Facility v0.08 2004-May-17
[    0.861497] TCP cubic registered
[    0.861666] NET: Registered protocol family 10
[    0.862339] NET: Registered protocol family 17
[    0.862362] Registering the dns_resolver key type
[    0.862505] PM: Hibernation image not present or could not be loaded.
[    0.862521] registered taskstats version 1
[    0.881709]   Magic number: 15:169:571
[    0.881852] rtc_cmos 00:07: setting system clock to 2011-10-05 07:34:43 UTC (1317800083)
[    0.882695] BIOS EDD facility v0.16 2004-Jun-25, 0 devices found
[    0.882699] EDD information not available.
[    0.885384] input: AT Translated Set 2 keyboard as /devices/platform/i8042/serio0/input/input3
[    0.964510] ata1.00: ATAPI: MATSHITADVD-RAM UJ-850 z, RB32, max UDMA/33
[    0.980374] ata1.00: configured for UDMA/33
[    0.983110] scsi 0:0:0:0: CD-ROM            MATSHITA DVD-RAM UJ-850 z RB32 PQ: 0 ANSI: 5
[    0.985684] sr0: scsi3-mmc drive: 24x/24x writer dvd-ram cd/rw xa/form2 cdda tray
[    0.985690] cdrom: Uniform CD-ROM driver Revision: 3.20
[    0.985886] sr 0:0:0:0: Attached scsi CD-ROM sr0
[    0.985957] sr 0:0:0:0: Attached scsi generic sg0 type 5
[    0.988684] Freeing unused kernel memory: 984k freed
[    0.989019] Write protecting the kernel read-only data: 10240k
[    0.989354] Freeing unused kernel memory: 20k freed
[    0.996526] Freeing unused kernel memory: 1400k freed
[    1.023090] udevd[92]: starting version 173
[    1.095474] [drm] Initialized drm 1.1.0 20060810
[    1.111223] tg3.c:v3.119 (May 18, 2011)
[    1.111255] tg3 0000:06:00.0: PCI INT A -> GSI 19 (level, low) -> IRQ 19
[    1.111275] tg3 0000:06:00.0: setting latency timer to 64
[    1.123354] wmi: Mapper loaded
[    1.135292] i915 0000:00:02.0: PCI INT A -> GSI 16 (level, low) -> IRQ 16
[    1.135301] i915 0000:00:02.0: setting latency timer to 64
[    1.229432] i915 0000:00:02.0: irq 44 for MSI/MSI-X
[    1.229442] [drm] Supports vblank timestamp caching Rev 1 (10.10.2010).
[    1.229444] [drm] Driver supports precise vblank timestamp query.
[    1.229504] vgaarb: device changed decodes: PCI:0000:00:02.0,olddecodes=io+mem,decodes=io+mem:owns=io+mem
[    1.231431] sdhci: Secure Digital Host Controller Interface driver
[    1.231435] sdhci: Copyright(c) Pierre Ossman
[    1.231761] sdhci-pci 0000:08:06.1: SDHCI controller found [1180:0822] (rev 19)
[    1.231780] sdhci-pci 0000:08:06.1: PCI INT B -> GSI 23 (level, low) -> IRQ 23
[    1.232804] sdhci-pci 0000:08:06.1: Will use DMA mode even though HW doesn't fully claim to support it.
[    1.251222] mmc0: no vmmc regulator found
[    1.252265] Registered led device: mmc0::
[    1.258216] mmc0: SDHCI controller on PCI [0000:08:06.1] using DMA
[    1.278826] tg3 0000:06:00.0: eth0: Tigon3 [partno(BCM95906) rev c002] (PCI Express) MAC address 00:1b:38:0c:7f:47
[    1.278833] tg3 0000:06:00.0: eth0: attached PHY is 5906 (10/100Base-TX Ethernet) (WireSpeed[0], EEE[0])
[    1.278838] tg3 0000:06:00.0: eth0: RXcsums[1] LinkChgREG[0] MIirq[0] ASF[0] TSOcap[1]
[    1.278842] tg3 0000:06:00.0: eth0: dma_rwctrl[76180000] dma_mask[64-bit]
[    1.288114] firewire_ohci 0000:08:06.0: PCI INT A -> GSI 22 (level, low) -> IRQ 22
[    1.288352] fixme: max PWM is zero.
[    1.321105] [drm] initialized overlay support
[    1.363095] firewire_ohci: Added fw-ohci device 0000:08:06.0, OHCI v1.10, 4 IR + 4 IT contexts, quirks 0x1
[    1.429305] usb 1-4: new high speed USB device number 4 using ehci_hcd
[    1.510188] fbcon: inteldrmfb (fb0) is primary device
[    1.510267] Console: switching to colour frame buffer device 160x50
[    1.510301] fb0: inteldrmfb frame buffer device
[    1.510304] drm: registered panic notifier
[    1.596139] acpi device:08: registered as cooling_device2
[    1.596350] input: Video Bus as /devices/LNXSYSTM:00/device:00/PNP0A08:00/LNXVIDEO:01/input/input4
[    1.596428] ACPI: Video Device [GFX0] (multi-head: yes  rom: no  post: no)
[    1.596505] [drm] Initialized i915 1.6.0 20080730 for 0000:00:02.0 on minor 0
[    1.596723] ahci 0000:00:1f.2: version 3.0
[    1.596748] ahci 0000:00:1f.2: PCI INT B -> GSI 19 (level, low) -> IRQ 19
[    1.596832] ahci 0000:00:1f.2: irq 45 for MSI/MSI-X
[    1.596928] ahci 0000:00:1f.2: AHCI 0001.0100 32 slots 3 ports 3 Gbps 0x7 impl SATA mode
[    1.596934] ahci 0000:00:1f.2: flags: 64bit ncq sntf pm led clo pio slum part ccc 
[    1.596941] ahci 0000:00:1f.2: setting latency timer to 64
[    1.600697] scsi2 : ahci
[    1.601002] scsi3 : ahci
[    1.601154] scsi4 : ahci
[    1.601328] ata3: SATA max UDMA/133 abar m2048@0xfc504000 port 0xfc504100 irq 45
[    1.601335] ata4: SATA max UDMA/133 abar m2048@0xfc504000 port 0xfc504180 irq 45
[    1.601340] ata5: SATA max UDMA/133 abar m2048@0xfc504000 port 0xfc504200 irq 45
[    1.860262] firewire_core: created device fw0: GUID 00023f7bac4040de, S400
[    1.920122] ata3: SATA link up 3.0 Gbps (SStatus 123 SControl 300)
[    1.921792] ata3.00: unexpected _GTF length (8)
[    1.922070] ata3.00: ATA-8: WDC WD2500BEKT-75PVMT0, 01.01A01, max UDMA/133
[    1.922077] ata3.00: 488397168 sectors, multi 16: LBA48 NCQ (depth 31/32), AA
[    1.923756] ata3.00: unexpected _GTF length (8)
[    1.924053] ata4: SATA link down (SStatus 0 SControl 300)
[    1.924081] ata3.00: configured for UDMA/133
[    1.924106] ata5: SATA link down (SStatus 0 SControl 300)
[    1.924318] scsi 2:0:0:0: Direct-Access     ATA      WDC WD2500BEKT-7 01.0 PQ: 0 ANSI: 5
[    1.924525] sd 2:0:0:0: Attached scsi generic sg1 type 0
[    1.924642] sd 2:0:0:0: [sda] 488397168 512-byte logical blocks: (250 GB/232 GiB)
[    1.924823] sd 2:0:0:0: [sda] Write Protect is off
[    1.924828] sd 2:0:0:0: [sda] Mode Sense: 00 3a 00 00
[    1.924898] sd 2:0:0:0: [sda] Write cache: enabled, read cache: enabled, doesn't support DPO or FUA
[    2.020840]  sda: sda1 sda2 sda3 sda4 < sda5 >
[    2.021461] sd 2:0:0:0: [sda] Attached SCSI disk
[    2.032059] usb 3-1: new full speed USB device number 2 using uhci_hcd
[    2.464056] usb 4-1: new full speed USB device number 2 using uhci_hcd
[    2.872042] usb 6-1: new low speed USB device number 2 using uhci_hcd
[    3.093235] input: MLK Trust Mouse as /devices/pci0000:00/0000:00:1d.1/usb6/6-1/6-1:1.0/input/input5
[    3.093727] generic-usb 0003:04FC:05DA.0001: input,hiddev0,hidraw0: USB HID v1.10 Mouse [MLK Trust Mouse] on usb-0000:00:1d.1-1/input0
[    3.093905] usbcore: registered new interface driver usbhid
[    3.093909] usbhid: USB HID core driver
[    3.288960] EXT4-fs (sda2): mounted filesystem with ordered data mode. Opts: (null)
[    3.308073] usb 6-2: new full speed USB device number 3 using uhci_hcd
[    3.720052] usb 7-1: new low speed USB device number 2 using uhci_hcd
[    3.918393] input: LITEON Technology USB Multimedia Keyboard as /devices/pci0000:00/0000:00:1d.2/usb7/7-1/7-1:1.0/input/input6
[    3.918495] generic-usb 0003:046D:C312.0002: input,hidraw1: USB HID v1.10 Keyboard [LITEON Technology USB Multimedia Keyboard] on usb-0000:00:1d.2-1/input0
[    5.565904] Adding 15999996k swap on /dev/sda3.  Priority:-1 extents:1 across:15999996k 
[    5.691364] udevd[373]: starting version 173
[    6.303871] lp: driver loaded but no devices found
[    7.040655] cfg80211: Calling CRDA to update world regulatory domain
[    7.159284] r852 0000:08:06.3: PCI INT B -> GSI 23 (level, low) -> IRQ 23
[    7.159297] r852 0000:08:06.3: setting latency timer to 64
[    7.159394] r852: Non dma capable device detected, dma disabled
[    7.159411] r852: driver loaded successfully
[    7.169632] iwl3945: Intel(R) PRO/Wireless 3945ABG/BG Network Connection driver for Linux, in-tree:s
[    7.169637] iwl3945: Copyright(c) 2003-2011 Intel Corporation
[    7.169734] iwl3945 0000:04:00.0: PCI INT A -> GSI 17 (level, low) -> IRQ 17
[    7.169751] iwl3945 0000:04:00.0: setting latency timer to 64
[    7.225063] iwl3945 0000:04:00.0: Tunable channels: 13 802.11bg, 23 802.11a channels
[    7.225067] iwl3945 0000:04:00.0: Detected Intel Wireless WiFi Link 3945ABG
[    7.225225] iwl3945 0000:04:00.0: irq 46 for MSI/MSI-X
[    7.225470] Registered led device: phy0-led
[    7.225511] cfg80211: Ignoring regulatory request Set by core since the driver uses its own custom regulatory domain 
[    7.521071] ieee80211 phy0: Selected rate control algorithm 'iwl-3945-rs'
[    7.728682] udevd[389]: renamed network interface eth0 to eth1
[    7.785421] udevd[392]: renamed network interface wlan0 to wlan1
[    7.839555] device-mapper: multipath: version 1.3.0 loaded
[    7.920206] Synaptics Touchpad, model: 1, fw: 6.3, id: 0x25c0b1, caps: 0xa04713/0x200000/0x0
[    8.001393] input: SynPS/2 Synaptics TouchPad as /devices/platform/i8042/serio1/input/input7
[    8.103705] Linux video capture interface: v2.00
[    8.142601] uvcvideo: Found UVC 1.00 device USB 2.0 Camera (04f2:b013)
[    8.145395] input: USB 2.0 Camera as /devices/pci0000:00/0000:00:1a.7/usb1/1-4/1-4:1.0/input/input8
[    8.145503] usbcore: registered new interface driver uvcvideo
[    8.145506] USB Video Class driver (v1.1.0)
[    8.268868] gspca: v2.13.0 registered
[    8.426860] Bluetooth: Core ver 2.16
[    8.426898] NET: Registered protocol family 31
[    8.426901] Bluetooth: HCI device and connection manager initialized
[    8.426905] Bluetooth: HCI socket layer initialized
[    8.426908] Bluetooth: L2CAP socket layer initialized
[    8.426983] Bluetooth: SCO socket layer initialized
[    8.445120] Bluetooth: Generic Bluetooth USB driver ver 0.6
[    8.445873] usbcore: registered new interface driver btusb
[    8.596127] cfg80211: Ignoring regulatory request Set by core since the driver uses its own custom regulatory domain 
[    8.596132] cfg80211: World regulatory domain updated:
[    8.596135] cfg80211:     (start_freq - end_freq @ bandwidth), (max_antenna_gain, max_eirp)
[    8.596139] cfg80211:     (2402000 KHz - 2472000 KHz @ 40000 KHz), (300 mBi, 2000 mBm)
[    8.596144] cfg80211:     (2457000 KHz - 2482000 KHz @ 20000 KHz), (300 mBi, 2000 mBm)
[    8.596147] cfg80211:     (2474000 KHz - 2494000 KHz @ 20000 KHz), (300 mBi, 2000 mBm)
[    8.596151] cfg80211:     (5170000 KHz - 5250000 KHz @ 40000 KHz), (300 mBi, 2000 mBm)
[    8.596155] cfg80211:     (5735000 KHz - 5835000 KHz @ 40000 KHz), (300 mBi, 2000 mBm)
[    8.713241] HDA Intel 0000:00:1b.0: PCI INT A -> GSI 22 (level, low) -> IRQ 22
[    8.713332] HDA Intel 0000:00:1b.0: irq 47 for MSI/MSI-X
[    8.713375] HDA Intel 0000:00:1b.0: setting latency timer to 64
[    9.214524] type=1400 audit(1317800091.827:2): apparmor="STATUS" operation="profile_load" name="/sbin/dhclient" pid=762 comm="apparmor_parser"
[    9.214539] type=1400 audit(1317800091.827:3): apparmor="STATUS" operation="profile_replace" name="/sbin/dhclient" pid=760 comm="apparmor_parser"
[    9.214899] type=1400 audit(1317800091.827:4): apparmor="STATUS" operation="profile_load" name="/usr/lib/NetworkManager/nm-dhcp-client.action" pid=762 comm="apparmor_parser"
[    9.214917] type=1400 audit(1317800091.827:5): apparmor="STATUS" operation="profile_replace" name="/usr/lib/NetworkManager/nm-dhcp-client.action" pid=760 comm="apparmor_parser"
[    9.215139] type=1400 audit(1317800091.827:6): apparmor="STATUS" operation="profile_load" name="/usr/lib/connman/scripts/dhclient-script" pid=762 comm="apparmor_parser"
[    9.215162] type=1400 audit(1317800091.827:7): apparmor="STATUS" operation="profile_replace" name="/usr/lib/connman/scripts/dhclient-script" pid=760 comm="apparmor_parser"
[    9.215989] type=1400 audit(1317800091.827:8): apparmor="STATUS" operation="profile_replace" name="/sbin/dhclient" pid=761 comm="apparmor_parser"
[    9.216386] type=1400 audit(1317800091.831:9): apparmor="STATUS" operation="profile_replace" name="/usr/lib/NetworkManager/nm-dhcp-client.action" pid=761 comm="apparmor_parser"
[    9.216637] type=1400 audit(1317800091.831:10): apparmor="STATUS" operation="profile_replace" name="/usr/lib/connman/scripts/dhclient-script" pid=761 comm="apparmor_parser"
[    9.565602] input: zc3xx as /devices/pci0000:00/0000:00:1a.0/usb3/3-1/input/input9
[    9.565840] usbcore: registered new interface driver zc3xx
[    9.567768] usbcore: registered new interface driver snd-usb-audio
[   10.957262] EXT4-fs (sda2): re-mounted. Opts: errors=remount-ro
[   11.498897] EXT4-fs (sda1): mounted filesystem with ordered data mode. Opts: (null)
[   11.610016] EXT4-fs (sda5): mounted filesystem with ordered data mode. Opts: (null)
[   13.338782] type=1400 audit(1317800095.951:11): apparmor="STATUS" operation="profile_load" name="/usr/lib/lightdm/lightdm-guest-session-wrapper" pid=1170 comm="apparmor_parser"
[   14.107842] ppdev: user-space parallel port driver
[   16.201248] microcode: CPU0 sig=0x6fd, pf=0x80, revision=0xa1
[   16.241864] microcode: CPU1 sig=0x6fd, pf=0x80, revision=0xa1
[   16.244584] microcode: Microcode Update Driver: v2.00 <tigran@aivazian.fsnet.co.uk>, Peter Oruba
[   16.257389] iwl3945 0000:04:00.0: loaded firmware version 15.32.2.9
[   16.319712] microcode: CPU0 updated to revision 0xa4, date = 2010-10-02
[   16.320392] microcode: CPU1 updated to revision 0xa4, date = 2010-10-02
[   16.327663] ADDRCONF(NETDEV_UP): wlan1: link is not ready
[   16.411245] tg3 0000:06:00.0: irq 48 for MSI/MSI-X
[   16.441602] ADDRCONF(NETDEV_UP): eth1: link is not ready
[   17.163336] init: failsafe main process (1112) killed by TERM signal
[   17.369512] init: gdm main process (1340) killed by TERM signal
[   18.121686] tg3 0000:06:00.0: eth1: Link is up at 100 Mbps, full duplex
[   18.121691] tg3 0000:06:00.0: eth1: Flow control is on for TX and on for RX
[   18.122295] ADDRCONF(NETDEV_CHANGE): eth1: link becomes ready
[   21.210518] RPC: Registered named UNIX socket transport module.
[   21.210523] RPC: Registered udp transport module.
[   21.210525] RPC: Registered tcp transport module.
[   21.210528] RPC: Registered tcp NFSv4.1 backchannel transport module.
[   21.445931] Installing knfsd (copyright (C) 1996 okir@monad.swb.de).
[   21.627527] NFSD: Using /var/lib/nfs/v4recovery as the NFSv4 state recovery directory
[   21.636586] NFSD: starting 90-second grace period
[   24.852307] vboxdrv: Found 2 processor cores.
[   24.852593] vboxdrv: fAsync=0 offMin=0x1c2 offMax=0xae6
[   24.852666] vboxdrv: TSC mode is 'synchronous', kernel timer mode is 'normal'.
[   24.852669] vboxdrv: Successfully loaded version 4.1.2_Ubuntu (interface 0x00190000).
[   25.101599] vboxpci: IOMMU not found (not registered)
[   27.046401] Bluetooth: BNEP (Ethernet Emulation) ver 1.3
[   27.046405] Bluetooth: BNEP filters: protocol multicast
[   27.081903] Bluetooth: RFCOMM TTY layer initialized
[   27.081919] Bluetooth: RFCOMM socket layer initialized
[   27.081921] Bluetooth: RFCOMM ver 1.11
[   28.752057] eth1: no IPv6 routers present
[   33.139443] init: plymouth-stop pre-start process (2005) terminated with status 1
[   33.628053] EXT4-fs (sda2): re-mounted. Opts: errors=remount-ro,commit=0
[   34.056830] EXT4-fs (sda1): re-mounted. Opts: commit=0
[   34.217110] EXT4-fs (sda5): re-mounted. Opts: commit=0
[   45.192742] wlan1: authenticate with 00:1a:c1:38:47:d4 (try 1)
[   45.196319] wlan1: authenticated
[   45.199717] wlan1: associate with 00:1a:c1:38:47:d4 (try 1)
[   45.202749] wlan1: RX AssocResp from 00:1a:c1:38:47:d4 (capab=0x431 status=0 aid=2)
[   45.202758] wlan1: associated
[   45.206342] ADDRCONF(NETDEV_CHANGE): wlan1: link becomes ready
[   45.206456] cfg80211: Calling CRDA for country: GB
[   45.213483] cfg80211: Updating information on frequency 2412 MHz for a 20 MHz width channel with regulatory rule:
[   45.213493] cfg80211: 2402000 KHz - 2482000 KHz @  KHz), (N/A mBi, 2000 mBm)
[   45.213498] cfg80211: Updating information on frequency 2417 MHz for a 20 MHz width channel with regulatory rule:
[   45.213505] cfg80211: 2402000 KHz - 2482000 KHz @  KHz), (N/A mBi, 2000 mBm)
[   45.213509] cfg80211: Updating information on frequency 2422 MHz for a 20 MHz width channel with regulatory rule:
[   45.213516] cfg80211: 2402000 KHz - 2482000 KHz @  KHz), (N/A mBi, 2000 mBm)
[   45.213520] cfg80211: Updating information on frequency 2427 MHz for a 20 MHz width channel with regulatory rule:
[   45.213526] cfg80211: 2402000 KHz - 2482000 KHz @  KHz), (N/A mBi, 2000 mBm)
[   45.213531] cfg80211: Updating information on frequency 2432 MHz for a 20 MHz width channel with regulatory rule:
[   45.213537] cfg80211: 2402000 KHz - 2482000 KHz @  KHz), (N/A mBi, 2000 mBm)
[   45.213542] cfg80211: Updating information on frequency 2437 MHz for a 20 MHz width channel with regulatory rule:
[   45.213547] cfg80211: 2402000 KHz - 2482000 KHz @  KHz), (N/A mBi, 2000 mBm)
[   45.213552] cfg80211: Updating information on frequency 2442 MHz for a 20 MHz width channel with regulatory rule:
[   45.213558] cfg80211: 2402000 KHz - 2482000 KHz @  KHz), (N/A mBi, 2000 mBm)
[   45.213563] cfg80211: Updating information on frequency 2447 MHz for a 20 MHz width channel with regulatory rule:
[   45.213569] cfg80211: 2402000 KHz - 2482000 KHz @  KHz), (N/A mBi, 2000 mBm)
[   45.213573] cfg80211: Updating information on frequency 2452 MHz for a 20 MHz width channel with regulatory rule:
[   45.213579] cfg80211: 2402000 KHz - 2482000 KHz @  KHz), (N/A mBi, 2000 mBm)
[   45.213584] cfg80211: Updating information on frequency 2457 MHz for a 20 MHz width channel with regulatory rule:
[   45.213590] cfg80211: 2402000 KHz - 2482000 KHz @  KHz), (N/A mBi, 2000 mBm)
[   45.213594] cfg80211: Updating information on frequency 2462 MHz for a 20 MHz width channel with regulatory rule:
[   45.213600] cfg80211: 2402000 KHz - 2482000 KHz @  KHz), (N/A mBi, 2000 mBm)
[   45.213605] cfg80211: Updating information on frequency 2467 MHz for a 20 MHz width channel with regulatory rule:
[   45.213611] cfg80211: 2402000 KHz - 2482000 KHz @  KHz), (N/A mBi, 2000 mBm)
[   45.213615] cfg80211: Updating information on frequency 2472 MHz for a 20 MHz width channel with regulatory rule:
[   45.213621] cfg80211: 2402000 KHz - 2482000 KHz @  KHz), (N/A mBi, 2000 mBm)
[   45.213626] cfg80211: Disabling freq 5170 MHz
[   45.213630] cfg80211: Updating information on frequency 5180 MHz for a 20 MHz width channel with regulatory rule:
[   45.213636] cfg80211: 5170000 KHz - 5250000 KHz @  KHz), (N/A mBi, 2000 mBm)
[   45.213640] cfg80211: Updating information on frequency 5190 MHz for a 20 MHz width channel with regulatory rule:
[   45.213646] cfg80211: 5170000 KHz - 5250000 KHz @  KHz), (N/A mBi, 2000 mBm)
[   45.213651] cfg80211: Updating information on frequency 5200 MHz for a 20 MHz width channel with regulatory rule:
[   45.213657] cfg80211: 5170000 KHz - 5250000 KHz @  KHz), (N/A mBi, 2000 mBm)
[   45.213662] cfg80211: Updating information on frequency 5210 MHz for a 20 MHz width channel with regulatory rule:
[   45.213667] cfg80211: 5170000 KHz - 5250000 KHz @  KHz), (N/A mBi, 2000 mBm)
[   45.213672] cfg80211: Updating information on frequency 5220 MHz for a 20 MHz width channel with regulatory rule:
[   45.213678] cfg80211: 5170000 KHz - 5250000 KHz @  KHz), (N/A mBi, 2000 mBm)
[   45.213683] cfg80211: Updating information on frequency 5230 MHz for a 20 MHz width channel with regulatory rule:
[   45.213688] cfg80211: 5170000 KHz - 5250000 KHz @  KHz), (N/A mBi, 2000 mBm)
[   45.213693] cfg80211: Updating information on frequency 5240 MHz for a 20 MHz width channel with regulatory rule:
[   45.213699] cfg80211: 5170000 KHz - 5250000 KHz @  KHz), (N/A mBi, 2000 mBm)
[   45.213704] cfg80211: Updating information on frequency 5260 MHz for a 20 MHz width channel with regulatory rule:
[   45.213710] cfg80211: 5250000 KHz - 5330000 KHz @  KHz), (N/A mBi, 2000 mBm)
[   45.213714] cfg80211: Updating information on frequency 5280 MHz for a 20 MHz width channel with regulatory rule:
[   45.213720] cfg80211: 5250000 KHz - 5330000 KHz @  KHz), (N/A mBi, 2000 mBm)
[   45.213725] cfg80211: Updating information on frequency 5300 MHz for a 20 MHz width channel with regulatory rule:
[   45.213731] cfg80211: 5250000 KHz - 5330000 KHz @  KHz), (N/A mBi, 2000 mBm)
[   45.213736] cfg80211: Updating information on frequency 5320 MHz for a 20 MHz width channel with regulatory rule:
[   45.213742] cfg80211: 5250000 KHz - 5330000 KHz @  KHz), (N/A mBi, 2000 mBm)
[   45.213746] cfg80211: Updating information on frequency 5500 MHz for a 20 MHz width channel with regulatory rule:
[   45.213752] cfg80211: 5490000 KHz - 5710000 KHz @  KHz), (N/A mBi, 2700 mBm)
[   45.213757] cfg80211: Updating information on frequency 5520 MHz for a 20 MHz width channel with regulatory rule:
[   45.213763] cfg80211: 5490000 KHz - 5710000 KHz @  KHz), (N/A mBi, 2700 mBm)
[   45.213768] cfg80211: Updating information on frequency 5540 MHz for a 20 MHz width channel with regulatory rule:
[   45.213774] cfg80211: 5490000 KHz - 5710000 KHz @  KHz), (N/A mBi, 2700 mBm)
[   45.213779] cfg80211: Updating information on frequency 5560 MHz for a 20 MHz width channel with regulatory rule:
[   45.213785] cfg80211: 5490000 KHz - 5710000 KHz @  KHz), (N/A mBi, 2700 mBm)
[   45.213789] cfg80211: Updating information on frequency 5580 MHz for a 20 MHz width channel with regulatory rule:
[   45.213795] cfg80211: 5490000 KHz - 5710000 KHz @  KHz), (N/A mBi, 2700 mBm)
[   45.213800] cfg80211: Updating information on frequency 5600 MHz for a 20 MHz width channel with regulatory rule:
[   45.213806] cfg80211: 5490000 KHz - 5710000 KHz @  KHz), (N/A mBi, 2700 mBm)
[   45.213810] cfg80211: Updating information on frequency 5620 MHz for a 20 MHz width channel with regulatory rule:
[   45.213816] cfg80211: 5490000 KHz - 5710000 KHz @  KHz), (N/A mBi, 2700 mBm)
[   45.213821] cfg80211: Updating information on frequency 5640 MHz for a 20 MHz width channel with regulatory rule:
[   45.213827] cfg80211: 5490000 KHz - 5710000 KHz @  KHz), (N/A mBi, 2700 mBm)
[   45.213831] cfg80211: Updating information on frequency 5660 MHz for a 20 MHz width channel with regulatory rule:
[   45.213837] cfg80211: 5490000 KHz - 5710000 KHz @  KHz), (N/A mBi, 2700 mBm)
[   45.213842] cfg80211: Updating information on frequency 5680 MHz for a 20 MHz width channel with regulatory rule:
[   45.213848] cfg80211: 5490000 KHz - 5710000 KHz @  KHz), (N/A mBi, 2700 mBm)
[   45.213852] cfg80211: Updating information on frequency 5700 MHz for a 20 MHz width channel with regulatory rule:
[   45.213858] cfg80211: 5490000 KHz - 5710000 KHz @  KHz), (N/A mBi, 2700 mBm)
[   45.213864] cfg80211: Regulatory domain changed to country: GB
[   45.213868] cfg80211:     (start_freq - end_freq @ bandwidth), (max_antenna_gain, max_eirp)
[   45.213873] cfg80211:     (2402000 KHz - 2482000 KHz @ 40000 KHz), (N/A, 2000 mBm)
[   45.213879] cfg80211:     (5170000 KHz - 5250000 KHz @ 40000 KHz), (N/A, 2000 mBm)
[   45.213884] cfg80211:     (5250000 KHz - 5330000 KHz @ 40000 KHz), (N/A, 2000 mBm)
[   45.213889] cfg80211:     (5490000 KHz - 5710000 KHz @ 40000 KHz), (N/A, 2700 mBm)
[   52.640123] eth1: no IPv6 routers present
[   55.208282] wlan1: disassociating from 00:1a:c1:38:47:d4 by local choice (reason=3)
[   55.214021] cfg80211: All devices are disconnected, going to restore regulatory settings
[   55.214032] cfg80211: Restoring regulatory settings
[   55.214052] cfg80211: Calling CRDA to update world regulatory domain
[   55.214778] wlan1: deauthenticating from 00:1a:c1:38:47:d4 by local choice (reason=3)
[   55.221291] cfg80211: Ignoring regulatory request Set by core since the driver uses its own custom regulatory domain 
[   55.221299] cfg80211: World regulatory domain updated:
[   55.221303] cfg80211:     (start_freq - end_freq @ bandwidth), (max_antenna_gain, max_eirp)
[   55.221309] cfg80211:     (2402000 KHz - 2472000 KHz @ 40000 KHz), (300 mBi, 2000 mBm)
[   55.221315] cfg80211:     (2457000 KHz - 2482000 KHz @ 20000 KHz), (300 mBi, 2000 mBm)
[   55.221321] cfg80211:     (2474000 KHz - 2494000 KHz @ 20000 KHz), (300 mBi, 2000 mBm)
[   55.221327] cfg80211:     (5170000 KHz - 5250000 KHz @ 40000 KHz), (300 mBi, 2000 mBm)
[   55.221333] cfg80211:     (5735000 KHz - 5835000 KHz @ 40000 KHz), (300 mBi, 2000 mBm)
[   55.392119] wlan1: no IPv6 routers present
[   58.763822] wlan1: authenticate with 00:1a:c1:38:47:d4 (try 1)
[   58.765582] wlan1: authenticated
[   58.766582] wlan1: associate with 00:1a:c1:38:47:d4 (try 1)
[   58.769972] wlan1: RX ReassocResp from 00:1a:c1:38:47:d4 (capab=0x431 status=0 aid=2)
[   58.769980] wlan1: associated
[   58.773587] cfg80211: Calling CRDA for country: GB
[   58.778304] cfg80211: Updating information on frequency 2412 MHz for a 20 MHz width channel with regulatory rule:
[   58.778310] cfg80211: 2402000 KHz - 2482000 KHz @  KHz), (N/A mBi, 2000 mBm)
[   58.778314] cfg80211: Updating information on frequency 2417 MHz for a 20 MHz width channel with regulatory rule:
[   58.778318] cfg80211: 2402000 KHz - 2482000 KHz @  KHz), (N/A mBi, 2000 mBm)
[   58.778321] cfg80211: Updating information on frequency 2422 MHz for a 20 MHz width channel with regulatory rule:
[   58.778325] cfg80211: 2402000 KHz - 2482000 KHz @  KHz), (N/A mBi, 2000 mBm)
[   58.778328] cfg80211: Updating information on frequency 2427 MHz for a 20 MHz width channel with regulatory rule:
[   58.778332] cfg80211: 2402000 KHz - 2482000 KHz @  KHz), (N/A mBi, 2000 mBm)
[   58.778335] cfg80211: Updating information on frequency 2432 MHz for a 20 MHz width channel with regulatory rule:
[   58.778340] cfg80211: 2402000 KHz - 2482000 KHz @  KHz), (N/A mBi, 2000 mBm)
[   58.778343] cfg80211: Updating information on frequency 2437 MHz for a 20 MHz width channel with regulatory rule:
[   58.778347] cfg80211: 2402000 KHz - 2482000 KHz @  KHz), (N/A mBi, 2000 mBm)
[   58.778350] cfg80211: Updating information on frequency 2442 MHz for a 20 MHz width channel with regulatory rule:
[   58.778354] cfg80211: 2402000 KHz - 2482000 KHz @  KHz), (N/A mBi, 2000 mBm)
[   58.778357] cfg80211: Updating information on frequency 2447 MHz for a 20 MHz width channel with regulatory rule:
[   58.778361] cfg80211: 2402000 KHz - 2482000 KHz @  KHz), (N/A mBi, 2000 mBm)
[   58.778364] cfg80211: Updating information on frequency 2452 MHz for a 20 MHz width channel with regulatory rule:
[   58.778368] cfg80211: 2402000 KHz - 2482000 KHz @  KHz), (N/A mBi, 2000 mBm)
[   58.778371] cfg80211: Updating information on frequency 2457 MHz for a 20 MHz width channel with regulatory rule:
[   58.778375] cfg80211: 2402000 KHz - 2482000 KHz @  KHz), (N/A mBi, 2000 mBm)
[   58.778378] cfg80211: Updating information on frequency 2462 MHz for a 20 MHz width channel with regulatory rule:
[   58.778382] cfg80211: 2402000 KHz - 2482000 KHz @  KHz), (N/A mBi, 2000 mBm)
[   58.778385] cfg80211: Updating information on frequency 2467 MHz for a 20 MHz width channel with regulatory rule:
[   58.778389] cfg80211: 2402000 KHz - 2482000 KHz @  KHz), (N/A mBi, 2000 mBm)
[   58.778392] cfg80211: Updating information on frequency 2472 MHz for a 20 MHz width channel with regulatory rule:
[   58.778396] cfg80211: 2402000 KHz - 2482000 KHz @  KHz), (N/A mBi, 2000 mBm)
[   58.778399] cfg80211: Disabling freq 5170 MHz
[   58.778402] cfg80211: Updating information on frequency 5180 MHz for a 20 MHz width channel with regulatory rule:
[   58.778406] cfg80211: 5170000 KHz - 5250000 KHz @  KHz), (N/A mBi, 2000 mBm)
[   58.778409] cfg80211: Updating information on frequency 5190 MHz for a 20 MHz width channel with regulatory rule:
[   58.778413] cfg80211: 5170000 KHz - 5250000 KHz @  KHz), (N/A mBi, 2000 mBm)
[   58.778416] cfg80211: Updating information on frequency 5200 MHz for a 20 MHz width channel with regulatory rule:
[   58.778420] cfg80211: 5170000 KHz - 5250000 KHz @  KHz), (N/A mBi, 2000 mBm)
[   58.778423] cfg80211: Updating information on frequency 5210 MHz for a 20 MHz width channel with regulatory rule:
[   58.778427] cfg80211: 5170000 KHz - 5250000 KHz @  KHz), (N/A mBi, 2000 mBm)
[   58.778430] cfg80211: Updating information on frequency 5220 MHz for a 20 MHz width channel with regulatory rule:
[   58.778434] cfg80211: 5170000 KHz - 5250000 KHz @  KHz), (N/A mBi, 2000 mBm)
[   58.778437] cfg80211: Updating information on frequency 5230 MHz for a 20 MHz width channel with regulatory rule:
[   58.778441] cfg80211: 5170000 KHz - 5250000 KHz @  KHz), (N/A mBi, 2000 mBm)
[   58.778444] cfg80211: Updating information on frequency 5240 MHz for a 20 MHz width channel with regulatory rule:
[   58.778448] cfg80211: 5170000 KHz - 5250000 KHz @  KHz), (N/A mBi, 2000 mBm)
[   58.778452] cfg80211: Updating information on frequency 5260 MHz for a 20 MHz width channel with regulatory rule:
[   58.778456] cfg80211: 5250000 KHz - 5330000 KHz @  KHz), (N/A mBi, 2000 mBm)
[   58.778459] cfg80211: Updating information on frequency 5280 MHz for a 20 MHz width channel with regulatory rule:
[   58.778463] cfg80211: 5250000 KHz - 5330000 KHz @  KHz), (N/A mBi, 2000 mBm)
[   58.778466] cfg80211: Updating information on frequency 5300 MHz for a 20 MHz width channel with regulatory rule:
[   58.778470] cfg80211: 5250000 KHz - 5330000 KHz @  KHz), (N/A mBi, 2000 mBm)
[   58.778473] cfg80211: Updating information on frequency 5320 MHz for a 20 MHz width channel with regulatory rule:
[   58.778477] cfg80211: 5250000 KHz - 5330000 KHz @  KHz), (N/A mBi, 2000 mBm)
[   58.778480] cfg80211: Updating information on frequency 5500 MHz for a 20 MHz width channel with regulatory rule:
[   58.778484] cfg80211: 5490000 KHz - 5710000 KHz @  KHz), (N/A mBi, 2700 mBm)
[   58.778487] cfg80211: Updating information on frequency 5520 MHz for a 20 MHz width channel with regulatory rule:
[   58.778491] cfg80211: 5490000 KHz - 5710000 KHz @  KHz), (N/A mBi, 2700 mBm)
[   58.778494] cfg80211: Updating information on frequency 5540 MHz for a 20 MHz width channel with regulatory rule:
[   58.778498] cfg80211: 5490000 KHz - 5710000 KHz @  KHz), (N/A mBi, 2700 mBm)
[   58.778501] cfg80211: Updating information on frequency 5560 MHz for a 20 MHz width channel with regulatory rule:
[   58.778505] cfg80211: 5490000 KHz - 5710000 KHz @  KHz), (N/A mBi, 2700 mBm)
[   58.778508] cfg80211: Updating information on frequency 5580 MHz for a 20 MHz width channel with regulatory rule:
[   58.778512] cfg80211: 5490000 KHz - 5710000 KHz @  KHz), (N/A mBi, 2700 mBm)
[   58.778515] cfg80211: Updating information on frequency 5600 MHz for a 20 MHz width channel with regulatory rule:
[   58.778519] cfg80211: 5490000 KHz - 5710000 KHz @  KHz), (N/A mBi, 2700 mBm)
[   58.778522] cfg80211: Updating information on frequency 5620 MHz for a 20 MHz width channel with regulatory rule:
[   58.778526] cfg80211: 5490000 KHz - 5710000 KHz @  KHz), (N/A mBi, 2700 mBm)
[   58.778529] cfg80211: Updating information on frequency 5640 MHz for a 20 MHz width channel with regulatory rule:
[   58.778533] cfg80211: 5490000 KHz - 5710000 KHz @  KHz), (N/A mBi, 2700 mBm)
[   58.778536] cfg80211: Updating information on frequency 5660 MHz for a 20 MHz width channel with regulatory rule:
[   58.778540] cfg80211: 5490000 KHz - 5710000 KHz @  KHz), (N/A mBi, 2700 mBm)
[   58.778543] cfg80211: Updating information on frequency 5680 MHz for a 20 MHz width channel with regulatory rule:
[   58.778547] cfg80211: 5490000 KHz - 5710000 KHz @  KHz), (N/A mBi, 2700 mBm)
[   58.778550] cfg80211: Updating information on frequency 5700 MHz for a 20 MHz width channel with regulatory rule:
[   58.778554] cfg80211: 5490000 KHz - 5710000 KHz @  KHz), (N/A mBi, 2700 mBm)
[   58.778558] cfg80211: Regulatory domain changed to country: GB
[   58.778560] cfg80211:     (start_freq - end_freq @ bandwidth), (max_antenna_gain, max_eirp)
[   58.778564] cfg80211:     (2402000 KHz - 2482000 KHz @ 40000 KHz), (N/A, 2000 mBm)
[   58.778568] cfg80211:     (5170000 KHz - 5250000 KHz @ 40000 KHz), (N/A, 2000 mBm)
[   58.778571] cfg80211:     (5250000 KHz - 5330000 KHz @ 40000 KHz), (N/A, 2000 mBm)
[   58.778575] cfg80211:     (5490000 KHz - 5710000 KHz @ 40000 KHz), (N/A, 2700 mBm)
[   70.176124] wlan1: no IPv6 routers present
[   75.152080] eth1: no IPv6 routers present
[   98.736094] eth1: no IPv6 routers present
[  648.357292] ecryptfs_mount: kern_path() failed
[  648.388155] Reading sb failed; rc = [-2]
[  670.016019] eth1: no IPv6 routers present
[  688.176048] eth1: no IPv6 routers present
[  711.096140] eth1: no IPv6 routers present
